Archive member included to satisfy reference by file (symbol)

C:/Program Files (x86)/Arm GNU Toolchain arm-none-eabi/14.2 rel1/bin/../lib/gcc/arm-none-eabi/14.2.1/thumb/v7-m/nofp\libc.a(libc_a-exit.o)
                              C:/Program Files (x86)/Arm GNU Toolchain arm-none-eabi/14.2 rel1/bin/../lib/gcc/arm-none-eabi/14.2.1/thumb/v7-m/nofp/crt0.o (exit)
C:/Program Files (x86)/Arm GNU Toolchain arm-none-eabi/14.2 rel1/bin/../lib/gcc/arm-none-eabi/14.2.1/thumb/v7-m/nofp\libc.a(libc_a-findfp.o)
                              C:/Program Files (x86)/Arm GNU Toolchain arm-none-eabi/14.2 rel1/bin/../lib/gcc/arm-none-eabi/14.2.1/thumb/v7-m/nofp\libc.a(libc_a-exit.o) (__stdio_exit_handler)
C:/Program Files (x86)/Arm GNU Toolchain arm-none-eabi/14.2 rel1/bin/../lib/gcc/arm-none-eabi/14.2.1/thumb/v7-m/nofp\libc.a(libc_a-fwalk.o)
                              C:/Program Files (x86)/Arm GNU Toolchain arm-none-eabi/14.2 rel1/bin/../lib/gcc/arm-none-eabi/14.2.1/thumb/v7-m/nofp\libc.a(libc_a-findfp.o) (_fwalk_sglue)
C:/Program Files (x86)/Arm GNU Toolchain arm-none-eabi/14.2 rel1/bin/../lib/gcc/arm-none-eabi/14.2.1/thumb/v7-m/nofp\libc.a(libc_a-stdio.o)
                              C:/Program Files (x86)/Arm GNU Toolchain arm-none-eabi/14.2 rel1/bin/../lib/gcc/arm-none-eabi/14.2.1/thumb/v7-m/nofp\libc.a(libc_a-findfp.o) (__sread)
C:/Program Files (x86)/Arm GNU Toolchain arm-none-eabi/14.2 rel1/bin/../lib/gcc/arm-none-eabi/14.2.1/thumb/v7-m/nofp\libc.a(libc_a-memset.o)
                              C:/Program Files (x86)/Arm GNU Toolchain arm-none-eabi/14.2 rel1/bin/../lib/gcc/arm-none-eabi/14.2.1/thumb/v7-m/nofp/crt0.o (memset)
C:/Program Files (x86)/Arm GNU Toolchain arm-none-eabi/14.2 rel1/bin/../lib/gcc/arm-none-eabi/14.2.1/thumb/v7-m/nofp\libc.a(libc_a-closer.o)
                              C:/Program Files (x86)/Arm GNU Toolchain arm-none-eabi/14.2 rel1/bin/../lib/gcc/arm-none-eabi/14.2.1/thumb/v7-m/nofp\libc.a(libc_a-stdio.o) (_close_r)
C:/Program Files (x86)/Arm GNU Toolchain arm-none-eabi/14.2 rel1/bin/../lib/gcc/arm-none-eabi/14.2.1/thumb/v7-m/nofp\libc.a(libc_a-reent.o)
                              C:/Program Files (x86)/Arm GNU Toolchain arm-none-eabi/14.2 rel1/bin/../lib/gcc/arm-none-eabi/14.2.1/thumb/v7-m/nofp\libc.a(libc_a-closer.o) (errno)
C:/Program Files (x86)/Arm GNU Toolchain arm-none-eabi/14.2 rel1/bin/../lib/gcc/arm-none-eabi/14.2.1/thumb/v7-m/nofp\libc.a(libc_a-impure.o)
                              C:/Program Files (x86)/Arm GNU Toolchain arm-none-eabi/14.2 rel1/bin/../lib/gcc/arm-none-eabi/14.2.1/thumb/v7-m/nofp\libc.a(libc_a-reent.o) (_impure_ptr)
C:/Program Files (x86)/Arm GNU Toolchain arm-none-eabi/14.2 rel1/bin/../lib/gcc/arm-none-eabi/14.2.1/thumb/v7-m/nofp\libc.a(libc_a-lseekr.o)
                              C:/Program Files (x86)/Arm GNU Toolchain arm-none-eabi/14.2 rel1/bin/../lib/gcc/arm-none-eabi/14.2.1/thumb/v7-m/nofp\libc.a(libc_a-stdio.o) (_lseek_r)
C:/Program Files (x86)/Arm GNU Toolchain arm-none-eabi/14.2 rel1/bin/../lib/gcc/arm-none-eabi/14.2.1/thumb/v7-m/nofp\libc.a(libc_a-readr.o)
                              C:/Program Files (x86)/Arm GNU Toolchain arm-none-eabi/14.2 rel1/bin/../lib/gcc/arm-none-eabi/14.2.1/thumb/v7-m/nofp\libc.a(libc_a-stdio.o) (_read_r)
C:/Program Files (x86)/Arm GNU Toolchain arm-none-eabi/14.2 rel1/bin/../lib/gcc/arm-none-eabi/14.2.1/thumb/v7-m/nofp\libc.a(libc_a-writer.o)
                              C:/Program Files (x86)/Arm GNU Toolchain arm-none-eabi/14.2 rel1/bin/../lib/gcc/arm-none-eabi/14.2.1/thumb/v7-m/nofp\libc.a(libc_a-stdio.o) (_write_r)
C:/Program Files (x86)/Arm GNU Toolchain arm-none-eabi/14.2 rel1/bin/../lib/gcc/arm-none-eabi/14.2.1/thumb/v7-m/nofp\libc.a(libc_a-init.o)
                              C:/Program Files (x86)/Arm GNU Toolchain arm-none-eabi/14.2 rel1/bin/../lib/gcc/arm-none-eabi/14.2.1/thumb/v7-m/nofp/crt0.o (__libc_init_array)
C:/Program Files (x86)/Arm GNU Toolchain arm-none-eabi/14.2 rel1/bin/../lib/gcc/arm-none-eabi/14.2.1/thumb/v7-m/nofp\libc.a(libc_a-lock.o)
                              C:/Program Files (x86)/Arm GNU Toolchain arm-none-eabi/14.2 rel1/bin/../lib/gcc/arm-none-eabi/14.2.1/thumb/v7-m/nofp\libc.a(libc_a-findfp.o) (__retarget_lock_init_recursive)
C:/Program Files (x86)/Arm GNU Toolchain arm-none-eabi/14.2 rel1/bin/../lib/gcc/arm-none-eabi/14.2.1/thumb/v7-m/nofp\libc.a(libc_a-__call_atexit.o)
                              C:/Program Files (x86)/Arm GNU Toolchain arm-none-eabi/14.2 rel1/bin/../lib/gcc/arm-none-eabi/14.2.1/thumb/v7-m/nofp\libc.a(libc_a-exit.o) (__call_exitprocs)
C:/Program Files (x86)/Arm GNU Toolchain arm-none-eabi/14.2 rel1/bin/../lib/gcc/arm-none-eabi/14.2.1/thumb/v7-m/nofp\libc.a(libc_a-atexit.o)
                              C:/Program Files (x86)/Arm GNU Toolchain arm-none-eabi/14.2 rel1/bin/../lib/gcc/arm-none-eabi/14.2.1/thumb/v7-m/nofp\libc.a(libc_a-__call_atexit.o) (atexit)
[...]
Memory Configuration

Name             Origin             Length             Attributes
RAM              0x20000000         0x00005000         xrw
FLASH            0x08000000         0x00004000         xr
*default*        0x00000000         0xffffffff

Linker script and memory map

LOAD C:/Program Files (x86)/Arm GNU Toolchain arm-none-eabi/14.2 rel1/bin/../lib/gcc/arm-none-eabi/14.2.1/thumb/v7-m/nofp/crti.o
LOAD C:/Program Files (x86)/Arm GNU Toolchain arm-none-eabi/14.2 rel1/bin/../lib/gcc/arm-none-eabi/14.2.1/thumb/v7-m/nofp/crtbegin.o
LOAD C:/Program Files (x86)/Arm GNU Toolchain arm-none-eabi/14.2 rel1/bin/../lib/gcc/arm-none-eabi/14.2.1/thumb/v7-m/nofp/crt0.o
LOAD ..\build\bootloader\main.o
LOAD ..\build\bootloader\boot_jump.o
LOAD ..\build\bootloader\boot_framework_led.o
LOAD ..\build\bootloader\boot_framework_clock.o
LOAD ..\build\bootloader\boot_framework_power.o
LOAD ..\build\bootloader\stm32f1xx_it.o
LOAD ..\build\bootloader\stm32f1xx_hal_msp.o
LOAD ..\build\bootloader\system_stm32f1xx.o
LOAD ..\build\bootloader\stm32f1xx_hal.o
LOAD ..\build\bootloader\stm32f1xx_hal_rcc.o
LOAD ..\build\bootloader\stm32f1xx_hal_rcc_ex.o
LOAD ..\build\bootloader\stm32f1xx_hal_gpio.o
LOAD ..\build\bootloader\stm32f1xx_hal_cortex.o
LOAD ..\build\bootloader\stm32f1xx_hal_pwr.o
LOAD ..\build\bootloader\stm32f1xx_hal_flash.o
LOAD ..\build\bootloader\stm32f1xx_hal_flash_ex.o
LOAD ..\build\bootloader\stm32f1xx_hal_exti.o
LOAD ..\build\bootloader\startup_stm32f103xb.o
LOAD C:/Program Files (x86)/Arm GNU Toolchain arm-none-eabi/14.2 rel1/bin/../lib/gcc/arm-none-eabi/14.2.1/thumb/v7-m/nofp\libc.a
LOAD C:/Program Files (x86)/Arm GNU Toolchain arm-none-eabi/14.2 rel1/bin/../lib/gcc/arm-none-eabi/14.2.1/thumb/v7-m/nofp\libm.a
LOAD C:/Program Files (x86)/Arm GNU Toolchain arm-none-eabi/14.2 rel1/bin/../lib/gcc/arm-none-eabi/14.2.1/thumb/v7-m/nofp\libnosys.a
START GROUP
LOAD C:/Program Files (x86)/Arm GNU Toolchain arm-none-eabi/14.2 rel1/bin/../lib/gcc/arm-none-eabi/14.2.1/thumb/v7-m/nofp\libgcc.a
LOAD C:/Program Files (x86)/Arm GNU Toolchain arm-none-eabi/14.2 rel1/bin/../lib/gcc/arm-none-eabi/14.2.1/thumb/v7-m/nofp\libc.a
END GROUP
LOAD C:/Program Files (x86)/Arm GNU Toolchain arm-none-eabi/14.2 rel1/bin/../lib/gcc/arm-none-eabi/14.2.1/thumb/v7-m/nofp/crtend.o
LOAD C:/Program Files (x86)/Arm GNU Toolchain arm-none-eabi/14.2 rel1/bin/../lib/gcc/arm-none-eabi/14.2.1/thumb/v7-m/nofp/crtn.o
                0x20005000                        _estack = 0x20005000
                0x00000200                        _Min_Heap_Size = 0x200
                0x00000400                        _Min_Stack_Size = 0x400

.isr_vector     0x08000000      0x10c
                0x08000000                        . = ALIGN (0x4)
 *(.isr_vector)
 .isr_vector    0x08000000      0x10c ..\build\bootloader\startup_stm32f103xb.o
                0x08000000                g_pfnVectors
                0x0800010c                        . = ALIGN (0x4)

.text           0x0800010c      0xfb0
                0x0800010c                        . = ALIGN (0x4)
 *(.text)
 *(.text*)
 .text.deregister_tm_clones
                0x0800010c       0x1c C:/Program Files (x86)/Arm GNU Toolchain arm-none-eabi/14.2 rel1/bin/../lib/gcc/arm-none-eabi/14.2.1/thumb/v7-m/nofp/crtbegin.o
 .text.register_tm_clones
                0x08000128       0x24 C:/Program Files (x86)/Arm GNU Toolchain arm-none-eabi/14.2 rel1/bin/../lib/gcc/arm-none-eabi/14.2.1/thumb/v7-m/nofp/crtbegin.o
 .text.__do_global_dtors_aux
                0x0800014c       0x28 C:/Program Files (x86)/Arm GNU Toolchain arm-none-eabi/14.2 rel1/bin/../lib/gcc/arm-none-eabi/14.2.1/thumb/v7-m/nofp/crtbegin.o
 .text.frame_dummy
                0x08000174       0x24 C:/Program Files (x86)/Arm GNU Toolchain arm-none-eabi/14.2 rel1/bin/../lib/gcc/arm-none-eabi/14.2.1/thumb/v7-m/nofp/crtbegin.o
 .text.MX_GPIO_Init
                0x08000198       0x44 ..\build\bootloader\main.o
 .text.Error_Handler
                0x080001dc        0x4 ..\build\bootloader\main.o
                0x080001dc                Error_Handler
 .text.SystemClock_Config
                0x080001e0        0xe ..\build\bootloader\main.o
                0x080001e0                SystemClock_Config
 *fill*         0x080001ee        0x2 
 .text.main     0x080001f0       0x4c ..\build\bootloader\main.o
                0x080001f0                main
 .text.boot_is_stack_in_sram
                0x0800023c       0x10 ..\build\bootloader\boot_jump.o
 .text.boot_is_entry_in_flash
                0x0800024c       0x14 ..\build\bootloader\boot_jump.o
 .text.boot_application_is_valid
                0x08000260       0x28 ..\build\bootloader\boot_jump.o
                0x08000260                boot_application_is_valid
 .text.boot_should_stay_in_loader
                0x08000288       0x10 ..\build\bootloader\boot_jump.o
                0x08000288                boot_should_stay_in_loader
 .text.boot_refresh_watchdog
                0x08000298       0x10 ..\build\bootloader\boot_jump.o
                0x08000298                boot_refresh_watchdog
 .text.boot_jump_to_application
                0x080002a8       0x3c ..\build\bootloader\boot_jump.o
                0x080002a8                boot_jump_to_application
 .text.BootFrameworkLed_On
                0x080002e4        0xe ..\build\bootloader\boot_framework_led.o
                0x080002e4                BootFrameworkLed_On
 .text.BootFrameworkLed_Off
                0x080002f2        0xe ..\build\bootloader\boot_framework_led.o
                0x080002f2                BootFrameworkLed_Off
 .text.BootFrameworkLed_Init
                0x08000300       0x2e ..\build\bootloader\boot_framework_led.o
                0x08000300                BootFrameworkLed_Init
 .text.BootFrameworkClock_ConfigHse
                0x0800032e       0x4c ..\build\bootloader\boot_framework_clock.o
                0x0800032e                BootFrameworkClock_ConfigHse
 .text.NMI_Handler
                0x0800037a        0x2 ..\build\bootloader\stm32f1xx_it.o
                0x0800037a                NMI_Handler
 .text.HardFault_Handler
                0x0800037c        0x2 ..\build\bootloader\stm32f1xx_it.o
                0x0800037c                HardFault_Handler
 .text.MemManage_Handler
                0x0800037e        0x2 ..\build\bootloader\stm32f1xx_it.o
                0x0800037e                MemManage_Handler
 .text.BusFault_Handler
                0x08000380        0x2 ..\build\bootloader\stm32f1xx_it.o
                0x08000380                BusFault_Handler
 .text.UsageFault_Handler
                0x08000382        0x2 ..\build\bootloader\stm32f1xx_it.o
                0x08000382                UsageFault_Handler
 .text.SVC_Handler
                0x08000384        0x2 ..\build\bootloader\stm32f1xx_it.o
                0x08000384                SVC_Handler
 .text.DebugMon_Handler
                0x08000386        0x2 ..\build\bootloader\stm32f1xx_it.o
                0x08000386                DebugMon_Handler
 .text.PendSV_Handler
                0x08000388        0x2 ..\build\bootloader\stm32f1xx_it.o
                0x08000388                PendSV_Handler
 .text.SysTick_Handler
                0x0800038a        0x8 ..\build\bootloader\stm32f1xx_it.o
                0x0800038a                SysTick_Handler
 *fill*         0x08000392        0x2 
 .text.HAL_MspInit
                0x08000394       0x44 ..\build\bootloader\stm32f1xx_hal_msp.o
                0x08000394                HAL_MspInit
 .text.SystemInit
                0x080003d8        0x2 ..\build\bootloader\system_stm32f1xx.o
                0x080003d8                SystemInit
 .text.HAL_MspDeInit
                0x080003da        0x2 ..\build\bootloader\stm32f1xx_hal.o
                0x080003da                HAL_MspDeInit
 .text.HAL_DeInit
                0x080003dc       0x20 ..\build\bootloader\stm32f1xx_hal.o
                0x080003dc                HAL_DeInit
 .text.HAL_InitTick
                0x080003fc       0x4c ..\build\bootloader\stm32f1xx_hal.o
                0x080003fc                HAL_InitTick
 .text.HAL_Init
                0x08000448       0x24 ..\build\bootloader\stm32f1xx_hal.o
                0x08000448                HAL_Init
 .text.HAL_IncTick
                0x0800046c       0x18 ..\build\bootloader\stm32f1xx_hal.o
                0x0800046c                HAL_IncTick
 .text.HAL_GetTick
                0x08000484        0xc ..\build\bootloader\stm32f1xx_hal.o
                0x08000484                HAL_GetTick
 .text.RCC_Delay
                0x08000490       0x2c ..\build\bootloader\stm32f1xx_hal_rcc.o
 .text.HAL_RCC_DeInit
                0x080004bc       0xf4 ..\build\bootloader\stm32f1xx_hal_rcc.o
                0x080004bc                HAL_RCC_DeInit
 .text.HAL_RCC_OscConfig
                0x080005b0      0x410 ..\build\bootloader\stm32f1xx_hal_rcc.o
                0x080005b0                HAL_RCC_OscConfig
 .text.HAL_RCC_GetSysClockFreq
                0x080009c0       0x7c ..\build\bootloader\stm32f1xx_hal_rcc.o
                0x080009c0                HAL_RCC_GetSysClockFreq
 .text.HAL_RCC_ClockConfig
                0x08000a3c      0x16c ..\build\bootloader\stm32f1xx_hal_rcc.o
                0x08000a3c                HAL_RCC_ClockConfig
 .text.HAL_GPIO_Init
                0x08000ba8      0x214 ..\build\bootloader\stm32f1xx_hal_gpio.o
                0x08000ba8                HAL_GPIO_Init
 .text.HAL_GPIO_WritePin
                0x08000dbc        0xc ..\build\bootloader\stm32f1xx_hal_gpio.o
                0x08000dbc                HAL_GPIO_WritePin
 .text.__NVIC_SetPriority
                0x08000dc8       0x28 ..\build\bootloader\stm32f1xx_hal_cortex.o
 .text.NVIC_EncodePriority
                0x08000df0       0x3e ..\build\bootloader\stm32f1xx_hal_cortex.o
 *fill*         0x08000e2e        0x2 
 .text.HAL_NVIC_SetPriorityGrouping
                0x08000e30       0x24 ..\build\bootloader\stm32f1xx_hal_cortex.o
                0x08000e30                HAL_NVIC_SetPriorityGrouping
 .text.HAL_NVIC_SetPriority
                0x08000e54       0x20 ..\build\bootloader\stm32f1xx_hal_cortex.o
                0x08000e54                HAL_NVIC_SetPriority
 .text.HAL_SYSTICK_Config
                0x08000e74       0x28 ..\build\bootloader\stm32f1xx_hal_cortex.o
                0x08000e74                HAL_SYSTICK_Config
 .text.Reset_Handler
                0x08000e9c       0x48 ..\build\bootloader\startup_stm32f103xb.o
                0x08000e9c                Reset_Handler
 .text.Default_Handler
                0x08000ee4        0x2 ..\build\bootloader\startup_stm32f103xb.o
                0x08000ee4                RTC_Alarm_IRQHandler
                0x08000ee4                EXTI2_IRQHandler
                0x08000ee4                TIM1_CC_IRQHandler
                0x08000ee4                PVD_IRQHandler
                0x08000ee4                EXTI3_IRQHandler
                0x08000ee4                EXTI0_IRQHandler
                0x08000ee4                I2C2_EV_IRQHandler
                0x08000ee4                ADC1_2_IRQHandler
                0x08000ee4                SPI1_IRQHandler
                0x08000ee4                TAMPER_IRQHandler
                0x08000ee4                DMA1_Channel4_IRQHandler
                0x08000ee4                USART3_IRQHandler
                0x08000ee4                RTC_IRQHandler
                0x08000ee4                DMA1_Channel7_IRQHandler
                0x08000ee4                CAN1_RX1_IRQHandler
                0x08000ee4                TIM4_IRQHandler
                0x08000ee4                I2C1_EV_IRQHandler
                0x08000ee4                DMA1_Channel6_IRQHandler
                0x08000ee4                TIM3_IRQHandler
                0x08000ee4                RCC_IRQHandler
                0x08000ee4                TIM1_TRG_COM_IRQHandler
                0x08000ee4                DMA1_Channel1_IRQHandler
                0x08000ee4                Default_Handler
                0x08000ee4                EXTI15_10_IRQHandler
                0x08000ee4                EXTI9_5_IRQHandler
                0x08000ee4                SPI2_IRQHandler
                0x08000ee4                DMA1_Channel5_IRQHandler
                0x08000ee4                EXTI4_IRQHandler
                0x08000ee4                USB_LP_CAN1_RX0_IRQHandler
                0x08000ee4                USB_HP_CAN1_TX_IRQHandler
                0x08000ee4                DMA1_Channel3_IRQHandler
                0x08000ee4                TIM1_UP_IRQHandler
                0x08000ee4                WWDG_IRQHandler
                0x08000ee4                TIM2_IRQHandler
                0x08000ee4                TIM1_BRK_IRQHandler
                0x08000ee4                EXTI1_IRQHandler
                0x08000ee4                USART2_IRQHandler
                0x08000ee4                I2C2_ER_IRQHandler
                0x08000ee4                DMA1_Channel2_IRQHandler
                0x08000ee4                CAN1_SCE_IRQHandler
                0x08000ee4                FLASH_IRQHandler
                0x08000ee4                USART1_IRQHandler
                0x08000ee4                I2C1_ER_IRQHandler
                0x08000ee4                USBWakeUp_IRQHandler
 *fill*         0x08000ee6        0x2 
 .text.memset   0x08000ee8       0x9c C:/Program Files (x86)/Arm GNU Toolchain arm-none-eabi/14.2 rel1/bin/../lib/gcc/arm-none-eabi/14.2.1/thumb/v7-m/nofp\libc.a(libc_a-memset.o)
                0x08000ee8                memset
 .text.__libc_init_array
                0x08000f84       0x50 C:/Program Files (x86)/Arm GNU Toolchain arm-none-eabi/14.2 rel1/bin/../lib/gcc/arm-none-eabi/14.2.1/thumb/v7-m/nofp\libc.a(libc_a-init.o)
                0x08000f84                __libc_init_array
 .text.__retarget_lock_acquire_recursive
                0x08000fd4        0x4 C:/Program Files (x86)/Arm GNU Toolchain arm-none-eabi/14.2 rel1/bin/../lib/gcc/arm-none-eabi/14.2.1/thumb/v7-m/nofp\libc.a(libc_a-lock.o)
                0x08000fd4                __retarget_lock_acquire_recursive
 .text.__retarget_lock_release_recursive
                0x08000fd8        0x4 C:/Program Files (x86)/Arm GNU Toolchain arm-none-eabi/14.2 rel1/bin/../lib/gcc/arm-none-eabi/14.2.1/thumb/v7-m/nofp\libc.a(libc_a-lock.o)
                0x08000fd8                __retarget_lock_release_recursive
 .text.startup.register_fini
                0x08000fdc       0x14 C:/Program Files (x86)/Arm GNU Toolchain arm-none-eabi/14.2 rel1/bin/../lib/gcc/arm-none-eabi/14.2.1/thumb/v7-m/nofp\libc.a(libc_a-__call_atexit.o)
 .text.atexit   0x08000ff0        0xc C:/Program Files (x86)/Arm GNU Toolchain arm-none-eabi/14.2 rel1/bin/../lib/gcc/arm-none-eabi/14.2.1/thumb/v7-m/nofp\libc.a(libc_a-atexit.o)
                0x08000ff0                atexit
 .text.__libc_fini_array
                0x08000ffc       0x28 C:/Program Files (x86)/Arm GNU Toolchain arm-none-eabi/14.2 rel1/bin/../lib/gcc/arm-none-eabi/14.2.1/thumb/v7-m/nofp\libc.a(libc_a-fini.o)
                0x08000ffc                __libc_fini_array
 .text.__register_exitproc
                0x08001024       0x80 C:/Program Files (x86)/Arm GNU Toolchain arm-none-eabi/14.2 rel1/bin/../lib/gcc/arm-none-eabi/14.2.1/thumb/v7-m/nofp\libc.a(libc_a-__atexit.o)
                0x08001024                __register_exitproc
 *(.glue_7)
 .glue_7        0x080010a4        0x0 linker stubs
 *(.glue_7t)
 .glue_7t       0x080010a4        0x0 linker stubs
 *(.eh_frame)
 .eh_frame      0x080010a4        0x0 C:/Program Files (x86)/Arm GNU Toolchain arm-none-eabi/14.2 rel1/bin/../lib/gcc/arm-none-eabi/14.2.1/thumb/v7-m/nofp/crtbegin.o
 *(.init)
 .init          0x080010a4        0x4 C:/Program Files (x86)/Arm GNU Toolchain arm-none-eabi/14.2 rel1/bin/../lib/gcc/arm-none-eabi/14.2.1/thumb/v7-m/nofp/crti.o
                0x080010a4                _init
 .init          0x080010a8        0x8 C:/Program Files (x86)/Arm GNU Toolchain arm-none-eabi/14.2 rel1/bin/../lib/gcc/arm-none-eabi/14.2.1/thumb/v7-m/nofp/crtn.o
 *(.fini)
 .fini          0x080010b0        0x4 C:/Program Files (x86)/Arm GNU Toolchain arm-none-eabi/14.2 rel1/bin/../lib/gcc/arm-none-eabi/14.2.1/thumb/v7-m/nofp/crti.o
                0x080010b0                _fini
 .fini          0x080010b4        0x8 C:/Program Files (x86)/Arm GNU Toolchain arm-none-eabi/14.2 rel1/bin/../lib/gcc/arm-none-eabi/14.2.1/thumb/v7-m/nofp/crtn.o
                0x080010bc                        . = ALIGN (0x4)
                0x080010bc                        _etext = .

.vfp11_veneer   0x080010bc        0x0
 .vfp11_veneer  0x080010bc        0x0 linker stubs

.v4_bx          0x080010bc        0x0
 .v4_bx         0x080010bc        0x0 linker stubs

.iplt           0x080010bc        0x0
 .iplt          0x080010bc        0x0 C:/Program Files (x86)/Arm GNU Toolchain arm-none-eabi/14.2 rel1/bin/../lib/gcc/arm-none-eabi/14.2.1/thumb/v7-m/nofp/crtbegin.o

.rodata         0x080010bc       0x2c
                0x080010bc                        . = ALIGN (0x4)
 *(.rodata)
 *(.rodata*)
 .rodata.sys_led
                0x080010bc        0x8 ..\build\bootloader\main.o
 .rodata.AHBPrescTable
                0x080010c4       0x10 ..\build\bootloader\system_stm32f1xx.o
                0x080010c4                AHBPrescTable
 .rodata.HAL_RCC_GetSysClockFreq.str1.4
                0x080010d4       0x11 ..\build\bootloader\stm32f1xx_hal_rcc.o
                0x080010e8                        . = ALIGN (0x4)
 *fill*         0x080010e5        0x3 

.rel.dyn        0x080010e8        0x0
 .rel.iplt      0x080010e8        0x0 C:/Program Files (x86)/Arm GNU Toolchain arm-none-eabi/14.2 rel1/bin/../lib/gcc/arm-none-eabi/14.2.1/thumb/v7-m/nofp/crtbegin.o

.ARM.extab
 *(.ARM.extab* .gnu.linkonce.armextab.*)

.ARM            0x080010e8        0x0
                0x080010e8                        __exidx_start = .
 *(.ARM.exidx*)
                0x080010e8                        __exidx_end = .

.preinit_array  0x080010e8        0x0
                0x080010e8                        PROVIDE (__preinit_array_start = .)
 *(.preinit_array*)
                0x080010e8                        PROVIDE (__preinit_array_end = .)

.init_array     0x080010e8        0x8
                0x080010e8                        PROVIDE (__init_array_start = .)
 *(SORT_BY_NAME(.init_array.*))
 .init_array.00000
                0x080010e8        0x4 C:/Program Files (x86)/Arm GNU Toolchain arm-none-eabi/14.2 rel1/bin/../lib/gcc/arm-none-eabi/14.2.1/thumb/v7-m/nofp\libc.a(libc_a-__call_atexit.o)
 *(.init_array*)
 .init_array    0x080010ec        0x4 C:/Program Files (x86)/Arm GNU Toolchain arm-none-eabi/14.2 rel1/bin/../lib/gcc/arm-none-eabi/14.2.1/thumb/v7-m/nofp/crtbegin.o
                0x080010f0                        PROVIDE (__init_array_end = .)

.fini_array     0x080010f0        0x4
                0x080010f0                        PROVIDE (__fini_array_start = .)
 *(SORT_BY_NAME(.fini_array.*))
 *(.fini_array*)
 .fini_array    0x080010f0        0x4 C:/Program Files (x86)/Arm GNU Toolchain arm-none-eabi/14.2 rel1/bin/../lib/gcc/arm-none-eabi/14.2.1/thumb/v7-m/nofp/crtbegin.o
                0x080010f4                        PROVIDE (__fini_array_end = .)
                0x080010f4                        _sidata = LOADADDR (.data)

.data           0x20000000       0x10 load address 0x080010f4
                0x20000000                        . = ALIGN (0x4)
                0x20000000                        _sdata = .
 *(.data)
 *(.data*)
 .data.SystemCoreClock
                0x20000000        0x4 ..\build\bootloader\system_stm32f1xx.o
                0x20000000                SystemCoreClock
 .data.uwTickFreq
                0x20000004        0x1 ..\build\bootloader\stm32f1xx_hal.o
                0x20000004                uwTickFreq
 *fill*         0x20000005        0x3 
 .data.uwTickPrio
                0x20000008        0x4 ..\build\bootloader\stm32f1xx_hal.o
                0x20000008                uwTickPrio
 .data.__atexit_recursive_mutex
                0x2000000c        0x4 C:/Program Files (x86)/Arm GNU Toolchain arm-none-eabi/14.2 rel1/bin/../lib/gcc/arm-none-eabi/14.2.1/thumb/v7-m/nofp\libc.a(libc_a-__call_atexit.o)
                0x2000000c                __atexit_recursive_mutex
                0x20000010                        . = ALIGN (0x4)
                0x20000010                        _edata = .

.tm_clone_table
                0x20000010        0x0 load address 0x08001104
 .tm_clone_table
                0x20000010        0x0 C:/Program Files (x86)/Arm GNU Toolchain arm-none-eabi/14.2 rel1/bin/../lib/gcc/arm-none-eabi/14.2.1/thumb/v7-m/nofp/crtbegin.o
 .tm_clone_table
                0x20000010        0x0 C:/Program Files (x86)/Arm GNU Toolchain arm-none-eabi/14.2 rel1/bin/../lib/gcc/arm-none-eabi/14.2.1/thumb/v7-m/nofp/crtend.o

.igot.plt       0x20000010        0x0 load address 0x08001104
 .igot.plt      0x20000010        0x0 C:/Program Files (x86)/Arm GNU Toolchain arm-none-eabi/14.2 rel1/bin/../lib/gcc/arm-none-eabi/14.2.1/thumb/v7-m/nofp/crtbegin.o
                0x20000010                        . = ALIGN (0x4)

.bss            0x20000010      0x1b8 load address 0x08001104
                0x20000010                        _sbss = .
                0x20000010                        __bss_start__ = _sbss
 *(.bss)
 *(.bss*)
 .bss.completed.1
                0x20000010        0x1 C:/Program Files (x86)/Arm GNU Toolchain arm-none-eabi/14.2 rel1/bin/../lib/gcc/arm-none-eabi/14.2.1/thumb/v7-m/nofp/crtbegin.o
 *fill*         0x20000011        0x3 
 .bss.object.0  0x20000014       0x18 C:/Program Files (x86)/Arm GNU Toolchain arm-none-eabi/14.2 rel1/bin/../lib/gcc/arm-none-eabi/14.2.1/thumb/v7-m/nofp/crtbegin.o
 .bss.uwTick    0x2000002c        0x4 ..\build\bootloader\stm32f1xx_hal.o
                0x2000002c                uwTick
 .bss.__lock___atexit_recursive_mutex
                0x20000030        0x1 C:/Program Files (x86)/Arm GNU Toolchain arm-none-eabi/14.2 rel1/bin/../lib/gcc/arm-none-eabi/14.2.1/thumb/v7-m/nofp\libc.a(libc_a-lock.o)
                0x20000030                __lock___atexit_recursive_mutex
 *fill*         0x20000031        0x3 
 .bss.__atexit  0x20000034        0x4 C:/Program Files (x86)/Arm GNU Toolchain arm-none-eabi/14.2 rel1/bin/../lib/gcc/arm-none-eabi/14.2.1/thumb/v7-m/nofp\libc.a(libc_a-__call_atexit.o)
                0x20000034                __atexit
 .bss.__atexit0
                0x20000038      0x190 C:/Program Files (x86)/Arm GNU Toolchain arm-none-eabi/14.2 rel1/bin/../lib/gcc/arm-none-eabi/14.2.1/thumb/v7-m/nofp\libc.a(libc_a-__atexit.o)
                0x20000038                __atexit0
 *(COMMON)
                0x200001c8                        . = ALIGN (0x4)
                0x200001c8                        _ebss = .
                0x200001c8                        __bss_end__ = _ebss

._user_heap_stack
                0x200001c8      0x600 load address 0x08001104
                0x200001c8                        . = ALIGN (0x8)
                0x200001c8                        PROVIDE (end = .)
                [!provide]                        PROVIDE (_end = .)
                0x200003c8                        . = (. + _Min_Heap_Size)
 *fill*         0x200001c8      0x200 
                0x200007c8                        . = (. + _Min_Stack_Size)
 *fill*         0x200003c8      0x400 
                0x200007c8                        . = ALIGN (0x8)

/DISCARD/
 libc.a(*)
 libm.a(*)
 libgcc.a(*)

.ARM.attributes
                0x00000000       0x29
 *(.ARM.attributes)
 .ARM.attributes
                0x00000000       0x1d C:/Program Files (x86)/Arm GNU Toolchain arm-none-eabi/14.2 rel1/bin/../lib/gcc/arm-none-eabi/14.2.1/thumb/v7-m/nofp/crti.o
 .ARM.attributes
                0x0000001d       0x2d C:/Program Files (x86)/Arm GNU Toolchain arm-none-eabi/14.2 rel1/bin/../lib/gcc/arm-none-eabi/14.2.1/thumb/v7-m/nofp/crtbegin.o
 .ARM.attributes
                0x0000004a       0x2d ..\build\bootloader\main.o
 .ARM.attributes
                0x00000077       0x2d ..\build\bootloader\boot_jump.o
 .ARM.attributes
                0x000000a4       0x2d ..\build\bootloader\boot_framework_led.o
 .ARM.attributes
                0x000000d1       0x2d ..\build\bootloader\boot_framework_clock.o
 .ARM.attributes
                0x000000fe       0x2d ..\build\bootloader\stm32f1xx_it.o
 .ARM.attributes
                0x0000012b       0x2d ..\build\bootloader\stm32f1xx_hal_msp.o
 .ARM.attributes
                0x00000158       0x2d ..\build\bootloader\system_stm32f1xx.o
 .ARM.attributes
                0x00000185       0x2d ..\build\bootloader\stm32f1xx_hal.o
 .ARM.attributes
                0x000001b2       0x2d ..\build\bootloader\stm32f1xx_hal_rcc.o
 .ARM.attributes
                0x000001df       0x2d ..\build\bootloader\stm32f1xx_hal_gpio.o
 .ARM.attributes
                0x0000020c       0x2d ..\build\bootloader\stm32f1xx_hal_cortex.o
 .ARM.attributes
                0x00000239       0x21 ..\build\bootloader\startup_stm32f103xb.o
 .ARM.attributes
                0x0000025a       0x2d C:/Program Files (x86)/Arm GNU Toolchain arm-none-eabi/14.2 rel1/bin/../lib/gcc/arm-none-eabi/14.2.1/thumb/v7-m/nofp\libc.a(libc_a-memset.o)
 .ARM.attributes
                0x00000287       0x2d C:/Program Files (x86)/Arm GNU Toolchain arm-none-eabi/14.2 rel1/bin/../lib/gcc/arm-none-eabi/14.2.1/thumb/v7-m/nofp\libc.a(libc_a-init.o)
 .ARM.attributes
                0x000002b4       0x2d C:/Program Files (x86)/Arm GNU Toolchain arm-none-eabi/14.2 rel1/bin/../lib/gcc/arm-none-eabi/14.2.1/thumb/v7-m/nofp\libc.a(libc_a-lock.o)
 .ARM.attributes
                0x000002e1       0x2d C:/Program Files (x86)/Arm GNU Toolchain arm-none-eabi/14.2 rel1/bin/../lib/gcc/arm-none-eabi/14.2.1/thumb/v7-m/nofp\libc.a(libc_a-__call_atexit.o)
 .ARM.attributes
                0x0000030e       0x2d C:/Program Files (x86)/Arm GNU Toolchain arm-none-eabi/14.2 rel1/bin/../lib/gcc/arm-none-eabi/14.2.1/thumb/v7-m/nofp\libc.a(libc_a-atexit.o)
 .ARM.attributes
                0x0000033b       0x2d C:/Program Files (x86)/Arm GNU Toolchain arm-none-eabi/14.2 rel1/bin/../lib/gcc/arm-none-eabi/14.2.1/thumb/v7-m/nofp\libc.a(libc_a-fini.o)
 .ARM.attributes
                0x00000368       0x2d C:/Program Files (x86)/Arm GNU Toolchain arm-none-eabi/14.2 rel1/bin/../lib/gcc/arm-none-eabi/14.2.1/thumb/v7-m/nofp\libc.a(libc_a-__atexit.o)
 .ARM.attributes
                0x00000395       0x2d C:/Program Files (x86)/Arm GNU Toolchain arm-none-eabi/14.2 rel1/bin/../lib/gcc/arm-none-eabi/14.2.1/thumb/v7-m/nofp/crtend.o
 .ARM.attributes
                0x000003c2       0x1d C:/Program Files (x86)/Arm GNU Toolchain arm-none-eabi/14.2 rel1/bin/../lib/gcc/arm-none-eabi/14.2.1/thumb/v7-m/nofp/crtn.o
OUTPUT(..\build\bootloader\bootloader.elf elf32-littlearm)
LOAD linker stubs
LOAD C:/Program Files (x86)/Arm GNU Toolchain arm-none-eabi/14.2 rel1/bin/../lib/gcc/arm-none-eabi/14.2.1/thumb/v7-m/nofp\libc.a
LOAD C:/Program Files (x86)/Arm GNU Toolchain arm-none-eabi/14.2 rel1/bin/../lib/gcc/arm-none-eabi/14.2.1/thumb/v7-m/nofp\libm.a
LOAD C:/Program Files (x86)/Arm GNU Toolchain arm-none-eabi/14.2 rel1/bin/../lib/gcc/arm-none-eabi/14.2.1/thumb/v7-m/nofp\libgcc.a

.debug_info     0x00000000     0x40a2
 .debug_info    0x00000000      0x4d1 ..\build\bootloader\main.o
 .debug_info    0x000004d1      0x61c ..\build\bootloader\boot_jump.o
 .debug_info    0x00000aed      0x41a ..\build\bootloader\boot_framework_led.o
 .debug_info    0x00000f07      0x2d0 ..\build\bootloader\boot_framework_clock.o
 .debug_info    0x000011d7      0x158 ..\build\bootloader\stm32f1xx_it.o
 .debug_info    0x0000132f      0x238 ..\build\bootloader\stm32f1xx_hal_msp.o
 .debug_info    0x00001567      0x26e ..\build\bootloader\system_stm32f1xx.o
 .debug_info    0x000017d5      0x880 ..\build\bootloader\stm32f1xx_hal.o
 .debug_info    0x00002055      0xb07 ..\build\bootloader\stm32f1xx_hal_rcc.o
 .debug_info    0x00002b5c      0x6d7 ..\build\bootloader\stm32f1xx_hal_gpio.o
 .debug_info    0x00003233      0xe3f ..\build\bootloader\stm32f1xx_hal_cortex.o
 .debug_info    0x00004072       0x30 ..\build\bootloader\startup_stm32f103xb.o

.debug_abbrev   0x00000000     0x14d8
 .debug_abbrev  0x00000000      0x22c ..\build\bootloader\main.o
 .debug_abbrev  0x0000022c      0x24d ..\build\bootloader\boot_jump.o
 .debug_abbrev  0x00000479      0x1c2 ..\build\bootloader\boot_framework_led.o
 .debug_abbrev  0x0000063b      0x123 ..\build\bootloader\boot_framework_clock.o
 .debug_abbrev  0x0000075e       0x80 ..\build\bootloader\stm32f1xx_it.o
 .debug_abbrev  0x000007de       0xe7 ..\build\bootloader\stm32f1xx_hal_msp.o
 .debug_abbrev  0x000008c5      0x140 ..\build\bootloader\system_stm32f1xx.o
 .debug_abbrev  0x00000a05      0x232 ..\build\bootloader\stm32f1xx_hal.o
 .debug_abbrev  0x00000c37      0x2b8 ..\build\bootloader\stm32f1xx_hal_rcc.o
 .debug_abbrev  0x00000eef      0x222 ..\build\bootloader\stm32f1xx_hal_gpio.o
 .debug_abbrev  0x00001111      0x3aa ..\build\bootloader\stm32f1xx_hal_cortex.o
 .debug_abbrev  0x000014bb       0x1d ..\build\bootloader\startup_stm32f103xb.o

.debug_loc      0x00000000     0x1dc1
 .debug_loc     0x00000000       0x81 ..\build\bootloader\main.o
 .debug_loc     0x00000081      0x14e ..\build\bootloader\boot_jump.o
 .debug_loc     0x000001cf      0x1d7 ..\build\bootloader\boot_framework_led.o
 .debug_loc     0x000003a6       0x46 ..\build\bootloader\boot_framework_clock.o
 .debug_loc     0x000003ec       0x20 ..\build\bootloader\stm32f1xx_it.o
 .debug_loc     0x0000040c       0x41 ..\build\bootloader\stm32f1xx_hal_msp.o
 .debug_loc     0x0000044d      0x11b ..\build\bootloader\system_stm32f1xx.o
 .debug_loc     0x00000568      0x1f9 ..\build\bootloader\stm32f1xx_hal.o
 .debug_loc     0x00000761      0x84d ..\build\bootloader\stm32f1xx_hal_rcc.o
 .debug_loc     0x00000fae      0x55f ..\build\bootloader\stm32f1xx_hal_gpio.o
 .debug_loc     0x0000150d      0x8b4 ..\build\bootloader\stm32f1xx_hal_cortex.o

.debug_aranges  0x00000000      0x430
 .debug_aranges
                0x00000000       0x38 ..\build\bootloader\main.o
 .debug_aranges
                0x00000038       0x48 ..\build\bootloader\boot_jump.o
 .debug_aranges
                0x00000080       0x38 ..\build\bootloader\boot_framework_led.o
 .debug_aranges
                0x000000b8       0x20 ..\build\bootloader\boot_framework_clock.o
 .debug_aranges
                0x000000d8       0x60 ..\build\bootloader\stm32f1xx_it.o
 .debug_aranges
                0x00000138       0x20 ..\build\bootloader\stm32f1xx_hal_msp.o
 .debug_aranges
                0x00000158       0x28 ..\build\bootloader\system_stm32f1xx.o
 .debug_aranges
                0x00000180       0xe0 ..\build\bootloader\stm32f1xx_hal.o
 .debug_aranges
                0x00000260       0x90 ..\build\bootloader\stm32f1xx_hal_rcc.o
 .debug_aranges
                0x000002f0       0x58 ..\build\bootloader\stm32f1xx_hal_gpio.o
 .debug_aranges
                0x00000348       0xc0 ..\build\bootloader\stm32f1xx_hal_cortex.o
 .debug_aranges
                0x00000408       0x28 ..\build\bootloader\startup_stm32f103xb.o

.debug_ranges   0x00000000      0x398
 .debug_ranges  0x00000000       0x28 ..\build\bootloader\main.o
 .debug_ranges  0x00000028       0x38 ..\build\bootloader\boot_jump.o
 .debug_ranges  0x00000060       0x28 ..\build\bootloader\boot_framework_led.o
 .debug_ranges  0x00000088       0x10 ..\build\bootloader\boot_framework_clock.o
 .debug_ranges  0x00000098       0x50 ..\build\bootloader\stm32f1xx_it.o
 .debug_ranges  0x000000e8       0x10 ..\build\bootloader\stm32f1xx_hal_msp.o
 .debug_ranges  0x000000f8       0x18 ..\build\bootloader\system_stm32f1xx.o
 .debug_ranges  0x00000110       0xd0 ..\build\bootloader\stm32f1xx_hal.o
 .debug_ranges  0x000001e0       0xa0 ..\build\bootloader\stm32f1xx_hal_rcc.o
 .debug_ranges  0x00000280       0x48 ..\build\bootloader\stm32f1xx_hal_gpio.o
 .debug_ranges  0x000002c8       0xb0 ..\build\bootloader\stm32f1xx_hal_cortex.o
 .debug_ranges  0x00000378       0x20 ..\build\bootloader\startup_stm32f103xb.o

.debug_line     0x00000000     0x2ed9
 .debug_line    0x00000000      0x2ea ..\build\bootloader\main.o
 .debug_line    0x000002ea      0x361 ..\build\bootloader\boot_jump.o
 .debug_line    0x0000064b      0x287 ..\build\bootloader\boot_framework_led.o
 .debug_line    0x000008d2      0x212 ..\build\bootloader\boot_framework_clock.o
 .debug_line    0x00000ae4      0x12b ..\build\bootloader\stm32f1xx_it.o
 .debug_line    0x00000c0f      0x17d ..\build\bootloader\stm32f1xx_hal_msp.o
 .debug_line    0x00000d8c      0x248 ..\build\bootloader\system_stm32f1xx.o
 .debug_line    0x00000fd4      0x53a ..\build\bootloader\stm32f1xx_hal.o
 .debug_line    0x0000150e      0xcd7 ..\build\bootloader\stm32f1xx_hal_rcc.o
 .debug_line    0x000021e5      0x5d2 ..\build\bootloader\stm32f1xx_hal_gpio.o
 .debug_line    0x000027b7      0x6b0 ..\build\bootloader\stm32f1xx_hal_cortex.o
 .debug_line    0x00002e67       0x72 ..\build\bootloader\startup_stm32f103xb.o

.debug_str      0x00000000     0x148c
 .debug_str     0x00000000     0x148c ..\build\bootloader\main.o
                                0x389 (size before relaxing)
 .debug_str     0x0000148c      0x38a ..\build\bootloader\boot_jump.o
 .debug_str     0x0000148c      0x2dd ..\build\bootloader\boot_framework_led.o
 .debug_str     0x0000148c      0x31b ..\build\bootloader\boot_framework_clock.o
 .debug_str     0x0000148c      0x1f3 ..\build\bootloader\stm32f1xx_it.o
 .debug_str     0x0000148c      0x1f0 ..\build\bootloader\stm32f1xx_hal_msp.o
 .debug_str     0x0000148c      0x225 ..\build\bootloader\system_stm32f1xx.o
 .debug_str     0x0000148c      0x802 ..\build\bootloader\stm32f1xx_hal.o
 .debug_str     0x0000148c      0x5ff ..\build\bootloader\stm32f1xx_hal_rcc.o
 .debug_str     0x0000148c      0x3d4 ..\build\bootloader\stm32f1xx_hal_gpio.o
 .debug_str     0x0000148c      0x8a7 ..\build\bootloader\stm32f1xx_hal_cortex.o
 .debug_str     0x0000148c       0x5c ..\build\bootloader\startup_stm32f103xb.o

.comment        0x00000000       0x45
 .comment       0x00000000       0x45 ..\build\bootloader\main.o
                                 0x46 (size before relaxing)
 .comment       0x00000045       0x46 ..\build\bootloader\boot_jump.o
 .comment       0x00000045       0x46 ..\build\bootloader\boot_framework_led.o
 .comment       0x00000045       0x46 ..\build\bootloader\boot_framework_clock.o
 .comment       0x00000045       0x46 ..\build\bootloader\stm32f1xx_it.o
 .comment       0x00000045       0x46 ..\build\bootloader\stm32f1xx_hal_msp.o
 .comment       0x00000045       0x46 ..\build\bootloader\system_stm32f1xx.o
 .comment       0x00000045       0x46 ..\build\bootloader\stm32f1xx_hal.o
 .comment       0x00000045       0x46 ..\build\bootloader\stm32f1xx_hal_rcc.o
 .comment       0x00000045       0x46 ..\build\bootloader\stm32f1xx_hal_gpio.o
 .comment       0x00000045       0x46 ..\build\bootloader\stm32f1xx_hal_cortex.o

.debug_frame    0x00000000      0xa64
 .debug_frame   0x00000000       0x68 ..\build\bootloader\main.o
 .debug_frame   0x00000068       0x84 ..\build\bootloader\boot_jump.o
 .debug_frame   0x000000ec       0x80 ..\build\bootloader\boot_framework_led.o
 .debug_frame   0x0000016c       0x30 ..\build\bootloader\boot_framework_clock.o
 .debug_frame   0x0000019c       0xa8 ..\build\bootloader\stm32f1xx_it.o
 .debug_frame   0x00000244       0x28 ..\build\bootloader\stm32f1xx_hal_msp.o
 .debug_frame   0x0000026c       0x30 ..\build\bootloader\system_stm32f1xx.o
 .debug_frame   0x0000029c      0x1cc ..\build\bootloader\stm32f1xx_hal.o
 .debug_frame   0x00000468      0x190 ..\build\bootloader\stm32f1xx_hal_rcc.o
 .debug_frame   0x000005f8       0xe4 ..\build\bootloader\stm32f1xx_hal_gpio.o
 .debug_frame   0x000006dc      0x19c ..\build\bootloader\stm32f1xx_hal_cortex.o
 .debug_frame   0x00000878       0x2c C:/Program Files (x86)/Arm GNU Toolchain arm-none-eabi/14.2 rel1/bin/../lib/gcc/arm-none-eabi/14.2.1/thumb/v7-m/nofp\libc.a(libc_a-memset.o)
 .debug_frame   0x000008a4       0x2c C:/Program Files (x86)/Arm GNU Toolchain arm-none-eabi/14.2 rel1/bin/../lib/gcc/arm-none-eabi/14.2.1/thumb/v7-m/nofp\libc.a(libc_a-init.o)
 .debug_frame   0x000008d0       0xb0 C:/Program Files (x86)/Arm GNU Toolchain arm-none-eabi/14.2 rel1/bin/../lib/gcc/arm-none-eabi/14.2.1/thumb/v7-m/nofp\libc.a(libc_a-lock.o)
 .debug_frame   0x00000980       0x5c C:/Program Files (x86)/Arm GNU Toolchain arm-none-eabi/14.2 rel1/bin/../lib/gcc/arm-none-eabi/14.2.1/thumb/v7-m/nofp\libc.a(libc_a-__call_atexit.o)
 .debug_frame   0x000009dc       0x20 C:/Program Files (x86)/Arm GNU Toolchain arm-none-eabi/14.2 rel1/bin/../lib/gcc/arm-none-eabi/14.2.1/thumb/v7-m/nofp\libc.a(libc_a-atexit.o)
 .debug_frame   0x000009fc       0x34 C:/Program Files (x86)/Arm GNU Toolchain arm-none-eabi/14.2 rel1/bin/../lib/gcc/arm-none-eabi/14.2.1/thumb/v7-m/nofp\libc.a(libc_a-fini.o)
 .debug_frame   0x00000a30       0x34 C:/Program Files (x86)/Arm GNU Toolchain arm-none-eabi/14.2 rel1/bin/../lib/gcc/arm-none-eabi/14.2.1/thumb/v7-m/nofp\libc.a(libc_a-__atexit.o)

Cross Reference Table

Symbol                                            File
ADC1_2_IRQHandler                                 ..\build\bootloader\startup_stm32f103xb.o
AHBPrescTable                                     ..\build\bootloader\system_stm32f1xx.o
                                                  ..\build\bootloader\stm32f1xx_hal_rcc.o
APBPrescTable                                     ..\build\bootloader\system_stm32f1xx.o
                                                  ..\build\bootloader\stm32f1xx_hal_rcc.o
BootFrameworkClock_ConfigHse                      ..\build\bootloader\boot_framework_clock.o
                                                  ..\build\bootloader\main.o
BootFrameworkLed_Blink                            ..\build\bootloader\boot_framework_led.o
BootFrameworkLed_Init                             ..\build\bootloader\boot_framework_led.o
                                                  ..\build\bootloader\main.o
BootFrameworkLed_Off                              ..\build\bootloader\boot_framework_led.o
BootFrameworkLed_On                               ..\build\bootloader\boot_framework_led.o
                                                  ..\build\bootloader\main.o
BootFrameworkPower_InitOutput                     ..\build\bootloader\boot_framework_power.o
BootFrameworkPower_SetOutput                      ..\build\bootloader\boot_framework_power.o
BusFault_Handler                                  ..\build\bootloader\stm32f1xx_it.o
CAN1_RX1_IRQHandler                               ..\build\bootloader\startup_stm32f103xb.o
CAN1_SCE_IRQHandler                               ..\build\bootloader\startup_stm32f103xb.o
DMA1_Channel1_IRQHandler                          ..\build\bootloader\startup_stm32f103xb.o
DMA1_Channel2_IRQHandler                          ..\build\bootloader\startup_stm32f103xb.o
DMA1_Channel3_IRQHandler                          ..\build\bootloader\startup_stm32f103xb.o
DMA1_Channel4_IRQHandler                          ..\build\bootloader\startup_stm32f103xb.o
DMA1_Channel5_IRQHandler                          ..\build\bootloader\startup_stm32f103xb.o
DMA1_Channel6_IRQHandler                          ..\build\bootloader\startup_stm32f103xb.o
DMA1_Channel7_IRQHandler                          ..\build\bootloader\startup_stm32f103xb.o
DebugMon_Handler                                  ..\build\bootloader\stm32f1xx_it.o
Default_Handler                                   ..\build\bootloader\startup_stm32f103xb.o
EXTI0_IRQHandler                                  ..\build\bootloader\startup_stm32f103xb.o
EXTI15_10_IRQHandler                              ..\build\bootloader\startup_stm32f103xb.o
EXTI1_IRQHandler                                  ..\build\bootloader\startup_stm32f103xb.o
EXTI2_IRQHandler                                  ..\build\bootloader\startup_stm32f103xb.o
EXTI3_IRQHandler                                  ..\build\bootloader\startup_stm32f103xb.o
EXTI4_IRQHandler                                  ..\build\bootloader\startup_stm32f103xb.o
EXTI9_5_IRQHandler                                ..\build\bootloader\startup_stm32f103xb.o
Error_Handler                                     ..\build\bootloader\main.o
FLASH_IRQHandler                                  ..\build\bootloader\startup_stm32f103xb.o
FLASH_PageErase                                   ..\build\bootloader\stm32f1xx_hal_flash_ex.o
                                                  ..\build\bootloader\stm32f1xx_hal_flash.o
FLASH_WaitForLastOperation                        ..\build\bootloader\stm32f1xx_hal_flash.o
                                                  ..\build\bootloader\stm32f1xx_hal_flash_ex.o
HAL_DBGMCU_DisableDBGSleepMode                    ..\build\bootloader\stm32f1xx_hal.o
HAL_DBGMCU_DisableDBGStandbyMode                  ..\build\bootloader\stm32f1xx_hal.o
HAL_DBGMCU_DisableDBGStopMode                     ..\build\bootloader\stm32f1xx_hal.o
HAL_DBGMCU_EnableDBGSleepMode                     ..\build\bootloader\stm32f1xx_hal.o
HAL_DBGMCU_EnableDBGStandbyMode                   ..\build\bootloader\stm32f1xx_hal.o
HAL_DBGMCU_EnableDBGStopMode                      ..\build\bootloader\stm32f1xx_hal.o
HAL_DeInit                                        ..\build\bootloader\stm32f1xx_hal.o
                                                  ..\build\bootloader\boot_jump.o
HAL_Delay                                         ..\build\bootloader\stm32f1xx_hal.o
                                                  ..\build\bootloader\boot_framework_led.o
HAL_EXTI_ClearConfigLine                          ..\build\bootloader\stm32f1xx_hal_exti.o
HAL_EXTI_ClearPending                             ..\build\bootloader\stm32f1xx_hal_exti.o
HAL_EXTI_GenerateSWI                              ..\build\bootloader\stm32f1xx_hal_exti.o
HAL_EXTI_GetConfigLine                            ..\build\bootloader\stm32f1xx_hal_exti.o
HAL_EXTI_GetHandle                                ..\build\bootloader\stm32f1xx_hal_exti.o
HAL_EXTI_GetPending                               ..\build\bootloader\stm32f1xx_hal_exti.o
HAL_EXTI_IRQHandler                               ..\build\bootloader\stm32f1xx_hal_exti.o
HAL_EXTI_RegisterCallback                         ..\build\bootloader\stm32f1xx_hal_exti.o
HAL_EXTI_SetConfigLine                            ..\build\bootloader\stm32f1xx_hal_exti.o
HAL_FLASHEx_Erase                                 ..\build\bootloader\stm32f1xx_hal_flash_ex.o
HAL_FLASHEx_Erase_IT                              ..\build\bootloader\stm32f1xx_hal_flash_ex.o
HAL_FLASHEx_OBErase                               ..\build\bootloader\stm32f1xx_hal_flash_ex.o
HAL_FLASHEx_OBGetConfig                           ..\build\bootloader\stm32f1xx_hal_flash_ex.o
HAL_FLASHEx_OBGetUserData                         ..\build\bootloader\stm32f1xx_hal_flash_ex.o
HAL_FLASHEx_OBProgram                             ..\build\bootloader\stm32f1xx_hal_flash_ex.o
HAL_FLASH_EndOfOperationCallback                  ..\build\bootloader\stm32f1xx_hal_flash.o
HAL_FLASH_GetError                                ..\build\bootloader\stm32f1xx_hal_flash.o
HAL_FLASH_IRQHandler                              ..\build\bootloader\stm32f1xx_hal_flash.o
HAL_FLASH_Lock                                    ..\build\bootloader\stm32f1xx_hal_flash.o
HAL_FLASH_OB_Launch                               ..\build\bootloader\stm32f1xx_hal_flash.o
HAL_FLASH_OB_Lock                                 ..\build\bootloader\stm32f1xx_hal_flash.o
HAL_FLASH_OB_Unlock                               ..\build\bootloader\stm32f1xx_hal_flash.o
HAL_FLASH_OperationErrorCallback                  ..\build\bootloader\stm32f1xx_hal_flash.o
HAL_FLASH_Program                                 ..\build\bootloader\stm32f1xx_hal_flash.o
HAL_FLASH_Program_IT                              ..\build\bootloader\stm32f1xx_hal_flash.o
HAL_FLASH_Unlock                                  ..\build\bootloader\stm32f1xx_hal_flash.o
HAL_GPIO_DeInit                                   ..\build\bootloader\stm32f1xx_hal_gpio.o
HAL_GPIO_EXTI_Callback                            ..\build\bootloader\stm32f1xx_hal_gpio.o
HAL_GPIO_EXTI_IRQHandler                          ..\build\bootloader\stm32f1xx_hal_gpio.o
HAL_GPIO_Init                                     ..\build\bootloader\stm32f1xx_hal_gpio.o
                                                  ..\build\bootloader\stm32f1xx_hal_rcc.o
                                                  ..\build\bootloader\boot_framework_power.o
                                                  ..\build\bootloader\boot_framework_led.o
HAL_GPIO_LockPin                                  ..\build\bootloader\stm32f1xx_hal_gpio.o
HAL_GPIO_ReadPin                                  ..\build\bootloader\stm32f1xx_hal_gpio.o
HAL_GPIO_TogglePin                                ..\build\bootloader\stm32f1xx_hal_gpio.o
HAL_GPIO_WritePin                                 ..\build\bootloader\stm32f1xx_hal_gpio.o
                                                  ..\build\bootloader\boot_framework_power.o
                                                  ..\build\bootloader\boot_framework_led.o
HAL_GetDEVID                                      ..\build\bootloader\stm32f1xx_hal.o
HAL_GetHalVersion                                 ..\build\bootloader\stm32f1xx_hal.o
HAL_GetREVID                                      ..\build\bootloader\stm32f1xx_hal.o
HAL_GetTick                                       ..\build\bootloader\stm32f1xx_hal.o
                                                  ..\build\bootloader\stm32f1xx_hal_flash.o
                                                  ..\build\bootloader\stm32f1xx_hal_rcc_ex.o
                                                  ..\build\bootloader\stm32f1xx_hal_rcc.o
                                                  ..\build\bootloader\main.o
HAL_GetTickFreq                                   ..\build\bootloader\stm32f1xx_hal.o
HAL_GetTickPrio                                   ..\build\bootloader\stm32f1xx_hal.o
HAL_GetUIDw0                                      ..\build\bootloader\stm32f1xx_hal.o
HAL_GetUIDw1                                      ..\build\bootloader\stm32f1xx_hal.o
HAL_GetUIDw2                                      ..\build\bootloader\stm32f1xx_hal.o
HAL_IncTick                                       ..\build\bootloader\stm32f1xx_hal.o
                                                  ..\build\bootloader\stm32f1xx_it.o
HAL_Init                                          ..\build\bootloader\stm32f1xx_hal.o
                                                  ..\build\bootloader\main.o
HAL_InitTick                                      ..\build\bootloader\stm32f1xx_hal.o
                                                  ..\build\bootloader\stm32f1xx_hal_rcc.o
HAL_MspDeInit                                     ..\build\bootloader\stm32f1xx_hal.o
HAL_MspInit                                       ..\build\bootloader\stm32f1xx_hal_msp.o
HAL_NVIC_ClearPendingIRQ                          ..\build\bootloader\stm32f1xx_hal_cortex.o
HAL_NVIC_DisableIRQ                               ..\build\bootloader\stm32f1xx_hal_cortex.o
HAL_NVIC_EnableIRQ                                ..\build\bootloader\stm32f1xx_hal_cortex.o
HAL_NVIC_GetActive                                ..\build\bootloader\stm32f1xx_hal_cortex.o
HAL_NVIC_GetPendingIRQ                            ..\build\bootloader\stm32f1xx_hal_cortex.o
HAL_NVIC_GetPriority                              ..\build\bootloader\stm32f1xx_hal_cortex.o
HAL_NVIC_GetPriorityGrouping                      ..\build\bootloader\stm32f1xx_hal_cortex.o
HAL_NVIC_SetPendingIRQ                            ..\build\bootloader\stm32f1xx_hal_cortex.o
HAL_NVIC_SetPriority                              ..\build\bootloader\stm32f1xx_hal_cortex.o
                                                  ..\build\bootloader\stm32f1xx_hal.o
HAL_NVIC_SetPriorityGrouping                      ..\build\bootloader\stm32f1xx_hal_cortex.o
                                                  ..\build\bootloader\stm32f1xx_hal.o
HAL_NVIC_SystemReset                              ..\build\bootloader\stm32f1xx_hal_cortex.o
                                                  ..\build\bootloader\stm32f1xx_hal_flash.o
HAL_PWR_ConfigPVD                                 ..\build\bootloader\stm32f1xx_hal_pwr.o
HAL_PWR_DeInit                                    ..\build\bootloader\stm32f1xx_hal_pwr.o
HAL_PWR_DisableBkUpAccess                         ..\build\bootloader\stm32f1xx_hal_pwr.o
HAL_PWR_DisablePVD                                ..\build\bootloader\stm32f1xx_hal_pwr.o
HAL_PWR_DisableSEVOnPend                          ..\build\bootloader\stm32f1xx_hal_pwr.o
HAL_PWR_DisableSleepOnExit                        ..\build\bootloader\stm32f1xx_hal_pwr.o
HAL_PWR_DisableWakeUpPin                          ..\build\bootloader\stm32f1xx_hal_pwr.o
HAL_PWR_EnableBkUpAccess                          ..\build\bootloader\stm32f1xx_hal_pwr.o
HAL_PWR_EnablePVD                                 ..\build\bootloader\stm32f1xx_hal_pwr.o
HAL_PWR_EnableSEVOnPend                           ..\build\bootloader\stm32f1xx_hal_pwr.o
HAL_PWR_EnableSleepOnExit                         ..\build\bootloader\stm32f1xx_hal_pwr.o
HAL_PWR_EnableWakeUpPin                           ..\build\bootloader\stm32f1xx_hal_pwr.o
HAL_PWR_EnterSLEEPMode                            ..\build\bootloader\stm32f1xx_hal_pwr.o
HAL_PWR_EnterSTANDBYMode                          ..\build\bootloader\stm32f1xx_hal_pwr.o
HAL_PWR_EnterSTOPMode                             ..\build\bootloader\stm32f1xx_hal_pwr.o
HAL_PWR_PVDCallback                               ..\build\bootloader\stm32f1xx_hal_pwr.o
HAL_PWR_PVD_IRQHandler                            ..\build\bootloader\stm32f1xx_hal_pwr.o
HAL_RCCEx_GetPeriphCLKConfig                      ..\build\bootloader\stm32f1xx_hal_rcc_ex.o
HAL_RCCEx_GetPeriphCLKFreq                        ..\build\bootloader\stm32f1xx_hal_rcc_ex.o
HAL_RCCEx_PeriphCLKConfig                         ..\build\bootloader\stm32f1xx_hal_rcc_ex.o
HAL_RCC_CSSCallback                               ..\build\bootloader\stm32f1xx_hal_rcc.o
HAL_RCC_ClockConfig                               ..\build\bootloader\stm32f1xx_hal_rcc.o
                                                  ..\build\bootloader\boot_framework_clock.o
HAL_RCC_DeInit                                    ..\build\bootloader\stm32f1xx_hal_rcc.o
                                                  ..\build\bootloader\boot_jump.o
HAL_RCC_DisableCSS                                ..\build\bootloader\stm32f1xx_hal_rcc.o
HAL_RCC_EnableCSS                                 ..\build\bootloader\stm32f1xx_hal_rcc.o
HAL_RCC_GetClockConfig                            ..\build\bootloader\stm32f1xx_hal_rcc.o
HAL_RCC_GetHCLKFreq                               ..\build\bootloader\stm32f1xx_hal_rcc.o
HAL_RCC_GetOscConfig                              ..\build\bootloader\stm32f1xx_hal_rcc.o
HAL_RCC_GetPCLK1Freq                              ..\build\bootloader\stm32f1xx_hal_rcc.o
HAL_RCC_GetPCLK2Freq                              ..\build\bootloader\stm32f1xx_hal_rcc.o
                                                  ..\build\bootloader\stm32f1xx_hal_rcc_ex.o
HAL_RCC_GetSysClockFreq                           ..\build\bootloader\stm32f1xx_hal_rcc.o
HAL_RCC_MCOConfig                                 ..\build\bootloader\stm32f1xx_hal_rcc.o
HAL_RCC_NMI_IRQHandler                            ..\build\bootloader\stm32f1xx_hal_rcc.o
HAL_RCC_OscConfig                                 ..\build\bootloader\stm32f1xx_hal_rcc.o
                                                  ..\build\bootloader\boot_framework_clock.o
HAL_ResumeTick                                    ..\build\bootloader\stm32f1xx_hal.o
HAL_SYSTICK_CLKSourceConfig                       ..\build\bootloader\stm32f1xx_hal_cortex.o
HAL_SYSTICK_Callback                              ..\build\bootloader\stm32f1xx_hal_cortex.o
HAL_SYSTICK_Config                                ..\build\bootloader\stm32f1xx_hal_cortex.o
                                                  ..\build\bootloader\stm32f1xx_hal.o
HAL_SYSTICK_IRQHandler                            ..\build\bootloader\stm32f1xx_hal_cortex.o
HAL_SetTickFreq                                   ..\build\bootloader\stm32f1xx_hal.o
HAL_SuspendTick                                   ..\build\bootloader\stm32f1xx_hal.o
HardFault_Handler                                 ..\build\bootloader\stm32f1xx_it.o
I2C1_ER_IRQHandler                                ..\build\bootloader\startup_stm32f103xb.o
I2C1_EV_IRQHandler                                ..\build\bootloader\startup_stm32f103xb.o
I2C2_ER_IRQHandler                                ..\build\bootloader\startup_stm32f103xb.o
I2C2_EV_IRQHandler                                ..\build\bootloader\startup_stm32f103xb.o
MemManage_Handler                                 ..\build\bootloader\stm32f1xx_it.o
NMI_Handler                                       ..\build\bootloader\stm32f1xx_it.o
PVD_IRQHandler                                    ..\build\bootloader\startup_stm32f103xb.o
PendSV_Handler                                    ..\build\bootloader\stm32f1xx_it.o
RCC_IRQHandler                                    ..\build\bootloader\startup_stm32f103xb.o
RTC_Alarm_IRQHandler                              ..\build\bootloader\startup_stm32f103xb.o
RTC_IRQHandler                                    ..\build\bootloader\startup_stm32f103xb.o
Reset_Handler                                     ..\build\bootloader\startup_stm32f103xb.o
SPI1_IRQHandler                                   ..\build\bootloader\startup_stm32f103xb.o
SPI2_IRQHandler                                   ..\build\bootloader\startup_stm32f103xb.o
SVC_Handler                                       ..\build\bootloader\stm32f1xx_it.o
SysTick_Handler                                   ..\build\bootloader\stm32f1xx_it.o
SystemClock_Config                                ..\build\bootloader\main.o
SystemCoreClock                                   ..\build\bootloader\system_stm32f1xx.o
                                                  ..\build\bootloader\stm32f1xx_hal_rcc.o
                                                  ..\build\bootloader\stm32f1xx_hal.o
SystemCoreClockUpdate                             ..\build\bootloader\system_stm32f1xx.o
SystemInit                                        ..\build\bootloader\system_stm32f1xx.o
                                                  ..\build\bootloader\startup_stm32f103xb.o
TAMPER_IRQHandler                                 ..\build\bootloader\startup_stm32f103xb.o
TIM1_BRK_IRQHandler                               ..\build\bootloader\startup_stm32f103xb.o
TIM1_CC_IRQHandler                                ..\build\bootloader\startup_stm32f103xb.o
TIM1_TRG_COM_IRQHandler                           ..\build\bootloader\startup_stm32f103xb.o
TIM1_UP_IRQHandler                                ..\build\bootloader\startup_stm32f103xb.o
TIM2_IRQHandler                                   ..\build\bootloader\startup_stm32f103xb.o
TIM3_IRQHandler                                   ..\build\bootloader\startup_stm32f103xb.o
TIM4_IRQHandler                                   ..\build\bootloader\startup_stm32f103xb.o
USART1_IRQHandler                                 ..\build\bootloader\startup_stm32f103xb.o
USART2_IRQHandler                                 ..\build\bootloader\startup_stm32f103xb.o
USART3_IRQHandler                                 ..\build\bootloader\startup_stm32f103xb.o
USBWakeUp_IRQHandler                              ..\build\bootloader\startup_stm32f103xb.o
USB_HP_CAN1_TX_IRQHandler                         ..\build\bootloader\startup_stm32f103xb.o
USB_LP_CAN1_RX0_IRQHandler                        ..\build\bootloader\startup_stm32f103xb.o
UsageFault_Handler                                ..\build\bootloader\stm32f1xx_it.o
WWDG_IRQHandler                                   ..\build\bootloader\startup_stm32f103xb.o
_ITM_deregisterTMCloneTable                       C:/Program Files (x86)/Arm GNU Toolchain arm-none-eabi/14.2 rel1/bin/../lib/gcc/arm-none-eabi/14.2.1/thumb/v7-m/nofp/crtbegin.o
_ITM_registerTMCloneTable                         C:/Program Files (x86)/Arm GNU Toolchain arm-none-eabi/14.2 rel1/bin/../lib/gcc/arm-none-eabi/14.2.1/thumb/v7-m/nofp/crtbegin.o
__TMC_END__                                       C:/Program Files (x86)/Arm GNU Toolchain arm-none-eabi/14.2 rel1/bin/../lib/gcc/arm-none-eabi/14.2.1/thumb/v7-m/nofp/crtend.o
                                                  C:/Program Files (x86)/Arm GNU Toolchain arm-none-eabi/14.2 rel1/bin/../lib/gcc/arm-none-eabi/14.2.1/thumb/v7-m/nofp/crtbegin.o
__atexit                                          C:/Program Files (x86)/Arm GNU Toolchain arm-none-eabi/14.2 rel1/bin/../lib/gcc/arm-none-eabi/14.2.1/thumb/v7-m/nofp\libc.a(libc_a-__call_atexit.o)
                                                  C:/Program Files (x86)/Arm GNU Toolchain arm-none-eabi/14.2 rel1/bin/../lib/gcc/arm-none-eabi/14.2.1/thumb/v7-m/nofp\libc.a(libc_a-__atexit.o)
__atexit0                                         C:/Program Files (x86)/Arm GNU Toolchain arm-none-eabi/14.2 rel1/bin/../lib/gcc/arm-none-eabi/14.2.1/thumb/v7-m/nofp\libc.a(libc_a-__atexit.o)
__atexit_recursive_mutex                          C:/Program Files (x86)/Arm GNU Toolchain arm-none-eabi/14.2 rel1/bin/../lib/gcc/arm-none-eabi/14.2.1/thumb/v7-m/nofp\libc.a(libc_a-__call_atexit.o)
                                                  C:/Program Files (x86)/Arm GNU Toolchain arm-none-eabi/14.2 rel1/bin/../lib/gcc/arm-none-eabi/14.2.1/thumb/v7-m/nofp\libc.a(libc_a-__atexit.o)
__bss_end__                                       C:/Program Files (x86)/Arm GNU Toolchain arm-none-eabi/14.2 rel1/bin/../lib/gcc/arm-none-eabi/14.2.1/thumb/v7-m/nofp/crt0.o
__bss_start__                                     C:/Program Files (x86)/Arm GNU Toolchain arm-none-eabi/14.2 rel1/bin/../lib/gcc/arm-none-eabi/14.2.1/thumb/v7-m/nofp/crt0.o
__call_exitprocs                                  C:/Program Files (x86)/Arm GNU Toolchain arm-none-eabi/14.2 rel1/bin/../lib/gcc/arm-none-eabi/14.2.1/thumb/v7-m/nofp\libc.a(libc_a-__call_atexit.o)
                                                  C:/Program Files (x86)/Arm GNU Toolchain arm-none-eabi/14.2 rel1/bin/../lib/gcc/arm-none-eabi/14.2.1/thumb/v7-m/nofp\libc.a(libc_a-exit.o)
__deregister_frame_info                           C:/Program Files (x86)/Arm GNU Toolchain arm-none-eabi/14.2 rel1/bin/../lib/gcc/arm-none-eabi/14.2.1/thumb/v7-m/nofp/crtbegin.o
__dso_handle                                      C:/Program Files (x86)/Arm GNU Toolchain arm-none-eabi/14.2 rel1/bin/../lib/gcc/arm-none-eabi/14.2.1/thumb/v7-m/nofp/crtbegin.o
__errno                                           C:/Program Files (x86)/Arm GNU Toolchain arm-none-eabi/14.2 rel1/bin/../lib/gcc/arm-none-eabi/14.2.1/thumb/v7-m/nofp\libc.a(libc_a-errno.o)
                                                  C:/Program Files (x86)/Arm GNU Toolchain arm-none-eabi/14.2 rel1/bin/../lib/gcc/arm-none-eabi/14.2.1/thumb/v7-m/nofp\libc.a(libc_a-sysconf.o)
__fini_array_end                                  C:/Program Files (x86)/Arm GNU Toolchain arm-none-eabi/14.2 rel1/bin/../lib/gcc/arm-none-eabi/14.2.1/thumb/v7-m/nofp\libc.a(libc_a-fini.o)
__fini_array_start                                C:/Program Files (x86)/Arm GNU Toolchain arm-none-eabi/14.2 rel1/bin/../lib/gcc/arm-none-eabi/14.2.1/thumb/v7-m/nofp\libc.a(libc_a-fini.o)
__fp_lock_all                                     C:/Program Files (x86)/Arm GNU Toolchain arm-none-eabi/14.2 rel1/bin/../lib/gcc/arm-none-eabi/14.2.1/thumb/v7-m/nofp\libc.a(libc_a-findfp.o)
__fp_unlock_all                                   C:/Program Files (x86)/Arm GNU Toolchain arm-none-eabi/14.2 rel1/bin/../lib/gcc/arm-none-eabi/14.2.1/thumb/v7-m/nofp\libc.a(libc_a-findfp.o)
__init_array_end                                  C:/Program Files (x86)/Arm GNU Toolchain arm-none-eabi/14.2 rel1/bin/../lib/gcc/arm-none-eabi/14.2.1/thumb/v7-m/nofp\libc.a(libc_a-init.o)
__init_array_start                                C:/Program Files (x86)/Arm GNU Toolchain arm-none-eabi/14.2 rel1/bin/../lib/gcc/arm-none-eabi/14.2.1/thumb/v7-m/nofp\libc.a(libc_a-init.o)
__libc_fini                                       C:/Program Files (x86)/Arm GNU Toolchain arm-none-eabi/14.2 rel1/bin/../lib/gcc/arm-none-eabi/14.2.1/thumb/v7-m/nofp\libc.a(libc_a-__call_atexit.o)
__libc_fini_array                                 C:/Program Files (x86)/Arm GNU Toolchain arm-none-eabi/14.2 rel1/bin/../lib/gcc/arm-none-eabi/14.2.1/thumb/v7-m/nofp\libc.a(libc_a-fini.o)
                                                  C:/Program Files (x86)/Arm GNU Toolchain arm-none-eabi/14.2 rel1/bin/../lib/gcc/arm-none-eabi/14.2.1/thumb/v7-m/nofp\libc.a(libc_a-__call_atexit.o)
                                                  C:/Program Files (x86)/Arm GNU Toolchain arm-none-eabi/14.2 rel1/bin/../lib/gcc/arm-none-eabi/14.2.1/thumb/v7-m/nofp/crt0.o
__libc_init_array                                 C:/Program Files (x86)/Arm GNU Toolchain arm-none-eabi/14.2 rel1/bin/../lib/gcc/arm-none-eabi/14.2.1/thumb/v7-m/nofp\libc.a(libc_a-init.o)
                                                  ..\build\bootloader\startup_stm32f103xb.o
                                                  C:/Program Files (x86)/Arm GNU Toolchain arm-none-eabi/14.2 rel1/bin/../lib/gcc/arm-none-eabi/14.2.1/thumb/v7-m/nofp/crt0.o
__lock___arc4random_mutex                         C:/Program Files (x86)/Arm GNU Toolchain arm-none-eabi/14.2 rel1/bin/../lib/gcc/arm-none-eabi/14.2.1/thumb/v7-m/nofp\libc.a(libc_a-lock.o)
__lock___at_quick_exit_mutex                      C:/Program Files (x86)/Arm GNU Toolchain arm-none-eabi/14.2 rel1/bin/../lib/gcc/arm-none-eabi/14.2.1/thumb/v7-m/nofp\libc.a(libc_a-lock.o)
__lock___atexit_recursive_mutex                   C:/Program Files (x86)/Arm GNU Toolchain arm-none-eabi/14.2 rel1/bin/../lib/gcc/arm-none-eabi/14.2.1/thumb/v7-m/nofp\libc.a(libc_a-lock.o)
                                                  C:/Program Files (x86)/Arm GNU Toolchain arm-none-eabi/14.2 rel1/bin/../lib/gcc/arm-none-eabi/14.2.1/thumb/v7-m/nofp\libc.a(libc_a-__call_atexit.o)
__lock___dd_hash_mutex                            C:/Program Files (x86)/Arm GNU Toolchain arm-none-eabi/14.2 rel1/bin/../lib/gcc/arm-none-eabi/14.2.1/thumb/v7-m/nofp\libc.a(libc_a-lock.o)
__lock___env_recursive_mutex                      C:/Program Files (x86)/Arm GNU Toolchain arm-none-eabi/14.2 rel1/bin/../lib/gcc/arm-none-eabi/14.2.1/thumb/v7-m/nofp\libc.a(libc_a-lock.o)
__lock___malloc_recursive_mutex                   C:/Program Files (x86)/Arm GNU Toolchain arm-none-eabi/14.2 rel1/bin/../lib/gcc/arm-none-eabi/14.2.1/thumb/v7-m/nofp\libc.a(libc_a-lock.o)
                                                  C:/Program Files (x86)/Arm GNU Toolchain arm-none-eabi/14.2 rel1/bin/../lib/gcc/arm-none-eabi/14.2.1/thumb/v7-m/nofp\libc.a(libc_a-mlock.o)
__lock___sfp_recursive_mutex                      C:/Program Files (x86)/Arm GNU Toolchain arm-none-eabi/14.2 rel1/bin/../lib/gcc/arm-none-eabi/14.2.1/thumb/v7-m/nofp\libc.a(libc_a-lock.o)
                                                  C:/Program Files (x86)/Arm GNU Toolchain arm-none-eabi/14.2 rel1/bin/../lib/gcc/arm-none-eabi/14.2.1/thumb/v7-m/nofp\libc.a(libc_a-findfp.o)
__lock___tz_mutex                                 C:/Program Files (x86)/Arm GNU Toolchain arm-none-eabi/14.2 rel1/bin/../lib/gcc/arm-none-eabi/14.2.1/thumb/v7-m/nofp\libc.a(libc_a-lock.o)
__malloc_av_                                      C:/Program Files (x86)/Arm GNU Toolchain arm-none-eabi/14.2 rel1/bin/../lib/gcc/arm-none-eabi/14.2.1/thumb/v7-m/nofp\libc.a(libc_a-mallocr.o)
                                                  C:/Program Files (x86)/Arm GNU Toolchain arm-none-eabi/14.2 rel1/bin/../lib/gcc/arm-none-eabi/14.2.1/thumb/v7-m/nofp\libc.a(libc_a-freer.o)
__malloc_current_mallinfo                         C:/Program Files (x86)/Arm GNU Toolchain arm-none-eabi/14.2 rel1/bin/../lib/gcc/arm-none-eabi/14.2.1/thumb/v7-m/nofp\libc.a(libc_a-mallocr.o)
                                                  C:/Program Files (x86)/Arm GNU Toolchain arm-none-eabi/14.2 rel1/bin/../lib/gcc/arm-none-eabi/14.2.1/thumb/v7-m/nofp\libc.a(libc_a-freer.o)
__malloc_lock                                     C:/Program Files (x86)/Arm GNU Toolchain arm-none-eabi/14.2 rel1/bin/../lib/gcc/arm-none-eabi/14.2.1/thumb/v7-m/nofp\libc.a(libc_a-mlock.o)
                                                  C:/Program Files (x86)/Arm GNU Toolchain arm-none-eabi/14.2 rel1/bin/../lib/gcc/arm-none-eabi/14.2.1/thumb/v7-m/nofp\libc.a(libc_a-mallocr.o)
                                                  C:/Program Files (x86)/Arm GNU Toolchain arm-none-eabi/14.2 rel1/bin/../lib/gcc/arm-none-eabi/14.2.1/thumb/v7-m/nofp\libc.a(libc_a-freer.o)
__malloc_max_sbrked_mem                           C:/Program Files (x86)/Arm GNU Toolchain arm-none-eabi/14.2 rel1/bin/../lib/gcc/arm-none-eabi/14.2.1/thumb/v7-m/nofp\libc.a(libc_a-mallocr.o)
__malloc_max_total_mem                            C:/Program Files (x86)/Arm GNU Toolchain arm-none-eabi/14.2 rel1/bin/../lib/gcc/arm-none-eabi/14.2.1/thumb/v7-m/nofp\libc.a(libc_a-mallocr.o)
__malloc_sbrk_base                                C:/Program Files (x86)/Arm GNU Toolchain arm-none-eabi/14.2 rel1/bin/../lib/gcc/arm-none-eabi/14.2.1/thumb/v7-m/nofp\libc.a(libc_a-mallocr.o)
                                                  C:/Program Files (x86)/Arm GNU Toolchain arm-none-eabi/14.2 rel1/bin/../lib/gcc/arm-none-eabi/14.2.1/thumb/v7-m/nofp\libc.a(libc_a-freer.o)
__malloc_top_pad                                  C:/Program Files (x86)/Arm GNU Toolchain arm-none-eabi/14.2 rel1/bin/../lib/gcc/arm-none-eabi/14.2.1/thumb/v7-m/nofp\libc.a(libc_a-mallocr.o)
                                                  C:/Program Files (x86)/Arm GNU Toolchain arm-none-eabi/14.2 rel1/bin/../lib/gcc/arm-none-eabi/14.2.1/thumb/v7-m/nofp\libc.a(libc_a-freer.o)
__malloc_trim_threshold                           C:/Program Files (x86)/Arm GNU Toolchain arm-none-eabi/14.2 rel1/bin/../lib/gcc/arm-none-eabi/14.2.1/thumb/v7-m/nofp\libc.a(libc_a-mallocr.o)
                                                  C:/Program Files (x86)/Arm GNU Toolchain arm-none-eabi/14.2 rel1/bin/../lib/gcc/arm-none-eabi/14.2.1/thumb/v7-m/nofp\libc.a(libc_a-freer.o)
__malloc_unlock                                   C:/Program Files (x86)/Arm GNU Toolchain arm-none-eabi/14.2 rel1/bin/../lib/gcc/arm-none-eabi/14.2.1/thumb/v7-m/nofp\libc.a(libc_a-mlock.o)
                                                  C:/Program Files (x86)/Arm GNU Toolchain arm-none-eabi/14.2 rel1/bin/../lib/gcc/arm-none-eabi/14.2.1/thumb/v7-m/nofp\libc.a(libc_a-mallocr.o)
                                                  C:/Program Files (x86)/Arm GNU Toolchain arm-none-eabi/14.2 rel1/bin/../lib/gcc/arm-none-eabi/14.2.1/thumb/v7-m/nofp\libc.a(libc_a-freer.o)
__preinit_array_end                               C:/Program Files (x86)/Arm GNU Toolchain arm-none-eabi/14.2 rel1/bin/../lib/gcc/arm-none-eabi/14.2.1/thumb/v7-m/nofp\libc.a(libc_a-init.o)
__preinit_array_start                             C:/Program Files (x86)/Arm GNU Toolchain arm-none-eabi/14.2 rel1/bin/../lib/gcc/arm-none-eabi/14.2.1/thumb/v7-m/nofp\libc.a(libc_a-init.o)
__register_exitproc                               C:/Program Files (x86)/Arm GNU Toolchain arm-none-eabi/14.2 rel1/bin/../lib/gcc/arm-none-eabi/14.2.1/thumb/v7-m/nofp\libc.a(libc_a-__atexit.o)
                                                  C:/Program Files (x86)/Arm GNU Toolchain arm-none-eabi/14.2 rel1/bin/../lib/gcc/arm-none-eabi/14.2.1/thumb/v7-m/nofp\libc.a(libc_a-atexit.o)
__register_frame_info                             C:/Program Files (x86)/Arm GNU Toolchain arm-none-eabi/14.2 rel1/bin/../lib/gcc/arm-none-eabi/14.2.1/thumb/v7-m/nofp/crtbegin.o
__retarget_lock_acquire                           C:/Program Files (x86)/Arm GNU Toolchain arm-none-eabi/14.2 rel1/bin/../lib/gcc/arm-none-eabi/14.2.1/thumb/v7-m/nofp\libc.a(libc_a-lock.o)
__retarget_lock_acquire_recursive                 C:/Program Files (x86)/Arm GNU Toolchain arm-none-eabi/14.2 rel1/bin/../lib/gcc/arm-none-eabi/14.2.1/thumb/v7-m/nofp\libc.a(libc_a-lock.o)
                                                  C:/Program Files (x86)/Arm GNU Toolchain arm-none-eabi/14.2 rel1/bin/../lib/gcc/arm-none-eabi/14.2.1/thumb/v7-m/nofp\libc.a(libc_a-__atexit.o)
                                                  C:/Program Files (x86)/Arm GNU Toolchain arm-none-eabi/14.2 rel1/bin/../lib/gcc/arm-none-eabi/14.2.1/thumb/v7-m/nofp\libc.a(libc_a-fflush.o)
                                                  C:/Program Files (x86)/Arm GNU Toolchain arm-none-eabi/14.2 rel1/bin/../lib/gcc/arm-none-eabi/14.2.1/thumb/v7-m/nofp\libc.a(libc_a-fclose.o)
                                                  C:/Program Files (x86)/Arm GNU Toolchain arm-none-eabi/14.2 rel1/bin/../lib/gcc/arm-none-eabi/14.2.1/thumb/v7-m/nofp\libc.a(libc_a-mlock.o)
                                                  C:/Program Files (x86)/Arm GNU Toolchain arm-none-eabi/14.2 rel1/bin/../lib/gcc/arm-none-eabi/14.2.1/thumb/v7-m/nofp\libc.a(libc_a-__call_atexit.o)
                                                  C:/Program Files (x86)/Arm GNU Toolchain arm-none-eabi/14.2 rel1/bin/../lib/gcc/arm-none-eabi/14.2.1/thumb/v7-m/nofp\libc.a(libc_a-findfp.o)
__retarget_lock_close                             C:/Program Files (x86)/Arm GNU Toolchain arm-none-eabi/14.2 rel1/bin/../lib/gcc/arm-none-eabi/14.2.1/thumb/v7-m/nofp\libc.a(libc_a-lock.o)
__retarget_lock_close_recursive                   C:/Program Files (x86)/Arm GNU Toolchain arm-none-eabi/14.2 rel1/bin/../lib/gcc/arm-none-eabi/14.2.1/thumb/v7-m/nofp\libc.a(libc_a-lock.o)
                                                  C:/Program Files (x86)/Arm GNU Toolchain arm-none-eabi/14.2 rel1/bin/../lib/gcc/arm-none-eabi/14.2.1/thumb/v7-m/nofp\libc.a(libc_a-fclose.o)
__retarget_lock_init                              C:/Program Files (x86)/Arm GNU Toolchain arm-none-eabi/14.2 rel1/bin/../lib/gcc/arm-none-eabi/14.2.1/thumb/v7-m/nofp\libc.a(libc_a-lock.o)
__retarget_lock_init_recursive                    C:/Program Files (x86)/Arm GNU Toolchain arm-none-eabi/14.2 rel1/bin/../lib/gcc/arm-none-eabi/14.2.1/thumb/v7-m/nofp\libc.a(libc_a-lock.o)
                                                  C:/Program Files (x86)/Arm GNU Toolchain arm-none-eabi/14.2 rel1/bin/../lib/gcc/arm-none-eabi/14.2.1/thumb/v7-m/nofp\libc.a(libc_a-findfp.o)
__retarget_lock_release                           C:/Program Files (x86)/Arm GNU Toolchain arm-none-eabi/14.2 rel1/bin/../lib/gcc/arm-none-eabi/14.2.1/thumb/v7-m/nofp\libc.a(libc_a-lock.o)
__retarget_lock_release_recursive                 C:/Program Files (x86)/Arm GNU Toolchain arm-none-eabi/14.2 rel1/bin/../lib/gcc/arm-none-eabi/14.2.1/thumb/v7-m/nofp\libc.a(libc_a-lock.o)
                                                  C:/Program Files (x86)/Arm GNU Toolchain arm-none-eabi/14.2 rel1/bin/../lib/gcc/arm-none-eabi/14.2.1/thumb/v7-m/nofp\libc.a(libc_a-__atexit.o)
                                                  C:/Program Files (x86)/Arm GNU Toolchain arm-none-eabi/14.2 rel1/bin/../lib/gcc/arm-none-eabi/14.2.1/thumb/v7-m/nofp\libc.a(libc_a-fflush.o)
                                                  C:/Program Files (x86)/Arm GNU Toolchain arm-none-eabi/14.2 rel1/bin/../lib/gcc/arm-none-eabi/14.2.1/thumb/v7-m/nofp\libc.a(libc_a-fclose.o)
                                                  C:/Program Files (x86)/Arm GNU Toolchain arm-none-eabi/14.2 rel1/bin/../lib/gcc/arm-none-eabi/14.2.1/thumb/v7-m/nofp\libc.a(libc_a-mlock.o)
                                                  C:/Program Files (x86)/Arm GNU Toolchain arm-none-eabi/14.2 rel1/bin/../lib/gcc/arm-none-eabi/14.2.1/thumb/v7-m/nofp\libc.a(libc_a-__call_atexit.o)
                                                  C:/Program Files (x86)/Arm GNU Toolchain arm-none-eabi/14.2 rel1/bin/../lib/gcc/arm-none-eabi/14.2.1/thumb/v7-m/nofp\libc.a(libc_a-findfp.o)
__retarget_lock_try_acquire                       C:/Program Files (x86)/Arm GNU Toolchain arm-none-eabi/14.2 rel1/bin/../lib/gcc/arm-none-eabi/14.2.1/thumb/v7-m/nofp\libc.a(libc_a-lock.o)
__retarget_lock_try_acquire_recursive             C:/Program Files (x86)/Arm GNU Toolchain arm-none-eabi/14.2 rel1/bin/../lib/gcc/arm-none-eabi/14.2.1/thumb/v7-m/nofp\libc.a(libc_a-lock.o)
__sclose                                          C:/Program Files (x86)/Arm GNU Toolchain arm-none-eabi/14.2 rel1/bin/../lib/gcc/arm-none-eabi/14.2.1/thumb/v7-m/nofp\libc.a(libc_a-stdio.o)
                                                  C:/Program Files (x86)/Arm GNU Toolchain arm-none-eabi/14.2 rel1/bin/../lib/gcc/arm-none-eabi/14.2.1/thumb/v7-m/nofp\libc.a(libc_a-findfp.o)
__seofread                                        C:/Program Files (x86)/Arm GNU Toolchain arm-none-eabi/14.2 rel1/bin/../lib/gcc/arm-none-eabi/14.2.1/thumb/v7-m/nofp\libc.a(libc_a-stdio.o)
__sf                                              C:/Program Files (x86)/Arm GNU Toolchain arm-none-eabi/14.2 rel1/bin/../lib/gcc/arm-none-eabi/14.2.1/thumb/v7-m/nofp\libc.a(libc_a-findfp.o)
                                                  C:/Program Files (x86)/Arm GNU Toolchain arm-none-eabi/14.2 rel1/bin/../lib/gcc/arm-none-eabi/14.2.1/thumb/v7-m/nofp\libc.a(libc_a-impure.o)
__sflush_r                                        C:/Program Files (x86)/Arm GNU Toolchain arm-none-eabi/14.2 rel1/bin/../lib/gcc/arm-none-eabi/14.2.1/thumb/v7-m/nofp\libc.a(libc_a-fflush.o)
                                                  C:/Program Files (x86)/Arm GNU Toolchain arm-none-eabi/14.2 rel1/bin/../lib/gcc/arm-none-eabi/14.2.1/thumb/v7-m/nofp\libc.a(libc_a-fclose.o)
__sfp                                             C:/Program Files (x86)/Arm GNU Toolchain arm-none-eabi/14.2 rel1/bin/../lib/gcc/arm-none-eabi/14.2.1/thumb/v7-m/nofp\libc.a(libc_a-findfp.o)
__sfp_lock_acquire                                C:/Program Files (x86)/Arm GNU Toolchain arm-none-eabi/14.2 rel1/bin/../lib/gcc/arm-none-eabi/14.2.1/thumb/v7-m/nofp\libc.a(libc_a-findfp.o)
                                                  C:/Program Files (x86)/Arm GNU Toolchain arm-none-eabi/14.2 rel1/bin/../lib/gcc/arm-none-eabi/14.2.1/thumb/v7-m/nofp\libc.a(libc_a-fclose.o)
__sfp_lock_release                                C:/Program Files (x86)/Arm GNU Toolchain arm-none-eabi/14.2 rel1/bin/../lib/gcc/arm-none-eabi/14.2.1/thumb/v7-m/nofp\libc.a(libc_a-findfp.o)
                                                  C:/Program Files (x86)/Arm GNU Toolchain arm-none-eabi/14.2 rel1/bin/../lib/gcc/arm-none-eabi/14.2.1/thumb/v7-m/nofp\libc.a(libc_a-fclose.o)
__sglue                                           C:/Program Files (x86)/Arm GNU Toolchain arm-none-eabi/14.2 rel1/bin/../lib/gcc/arm-none-eabi/14.2.1/thumb/v7-m/nofp\libc.a(libc_a-findfp.o)
                                                  C:/Program Files (x86)/Arm GNU Toolchain arm-none-eabi/14.2 rel1/bin/../lib/gcc/arm-none-eabi/14.2.1/thumb/v7-m/nofp\libc.a(libc_a-fflush.o)
__sinit                                           C:/Program Files (x86)/Arm GNU Toolchain arm-none-eabi/14.2 rel1/bin/../lib/gcc/arm-none-eabi/14.2.1/thumb/v7-m/nofp\libc.a(libc_a-findfp.o)
                                                  C:/Program Files (x86)/Arm GNU Toolchain arm-none-eabi/14.2 rel1/bin/../lib/gcc/arm-none-eabi/14.2.1/thumb/v7-m/nofp\libc.a(libc_a-fflush.o)
                                                  C:/Program Files (x86)/Arm GNU Toolchain arm-none-eabi/14.2 rel1/bin/../lib/gcc/arm-none-eabi/14.2.1/thumb/v7-m/nofp\libc.a(libc_a-fclose.o)
__sread                                           C:/Program Files (x86)/Arm GNU Toolchain arm-none-eabi/14.2 rel1/bin/../lib/gcc/arm-none-eabi/14.2.1/thumb/v7-m/nofp\libc.a(libc_a-stdio.o)
                                                  C:/Program Files (x86)/Arm GNU Toolchain arm-none-eabi/14.2 rel1/bin/../lib/gcc/arm-none-eabi/14.2.1/thumb/v7-m/nofp\libc.a(libc_a-findfp.o)
__sseek                                           C:/Program Files (x86)/Arm GNU Toolchain arm-none-eabi/14.2 rel1/bin/../lib/gcc/arm-none-eabi/14.2.1/thumb/v7-m/nofp\libc.a(libc_a-stdio.o)
                                                  C:/Program Files (x86)/Arm GNU Toolchain arm-none-eabi/14.2 rel1/bin/../lib/gcc/arm-none-eabi/14.2.1/thumb/v7-m/nofp\libc.a(libc_a-findfp.o)
__stack                                           C:/Program Files (x86)/Arm GNU Toolchain arm-none-eabi/14.2 rel1/bin/../lib/gcc/arm-none-eabi/14.2.1/thumb/v7-m/nofp/crt0.o
__stdio_exit_handler                              C:/Program Files (x86)/Arm GNU Toolchain arm-none-eabi/14.2 rel1/bin/../lib/gcc/arm-none-eabi/14.2.1/thumb/v7-m/nofp\libc.a(libc_a-findfp.o)
                                                  C:/Program Files (x86)/Arm GNU Toolchain arm-none-eabi/14.2 rel1/bin/../lib/gcc/arm-none-eabi/14.2.1/thumb/v7-m/nofp\libc.a(libc_a-exit.o)
__swrite                                          C:/Program Files (x86)/Arm GNU Toolchain arm-none-eabi/14.2 rel1/bin/../lib/gcc/arm-none-eabi/14.2.1/thumb/v7-m/nofp\libc.a(libc_a-stdio.o)
                                                  C:/Program Files (x86)/Arm GNU Toolchain arm-none-eabi/14.2 rel1/bin/../lib/gcc/arm-none-eabi/14.2.1/thumb/v7-m/nofp\libc.a(libc_a-findfp.o)
_close                                            C:/Program Files (x86)/Arm GNU Toolchain arm-none-eabi/14.2 rel1/bin/../lib/gcc/arm-none-eabi/14.2.1/thumb/v7-m/nofp\libnosys.a(close.o)
                                                  C:/Program Files (x86)/Arm GNU Toolchain arm-none-eabi/14.2 rel1/bin/../lib/gcc/arm-none-eabi/14.2.1/thumb/v7-m/nofp\libc.a(libc_a-closer.o)
_close_r                                          C:/Program Files (x86)/Arm GNU Toolchain arm-none-eabi/14.2 rel1/bin/../lib/gcc/arm-none-eabi/14.2.1/thumb/v7-m/nofp\libc.a(libc_a-closer.o)
                                                  C:/Program Files (x86)/Arm GNU Toolchain arm-none-eabi/14.2 rel1/bin/../lib/gcc/arm-none-eabi/14.2.1/thumb/v7-m/nofp\libc.a(libc_a-stdio.o)
_ebss                                             ..\build\bootloader\startup_stm32f103xb.o
_edata                                            ..\build\bootloader\startup_stm32f103xb.o
_estack                                           ..\build\bootloader\startup_stm32f103xb.o
_exit                                             C:/Program Files (x86)/Arm GNU Toolchain arm-none-eabi/14.2 rel1/bin/../lib/gcc/arm-none-eabi/14.2.1/thumb/v7-m/nofp\libnosys.a(_exit.o)
                                                  C:/Program Files (x86)/Arm GNU Toolchain arm-none-eabi/14.2 rel1/bin/../lib/gcc/arm-none-eabi/14.2.1/thumb/v7-m/nofp\libc.a(libc_a-exit.o)
_fclose_r                                         C:/Program Files (x86)/Arm GNU Toolchain arm-none-eabi/14.2 rel1/bin/../lib/gcc/arm-none-eabi/14.2.1/thumb/v7-m/nofp\libc.a(libc_a-fclose.o)
                                                  C:/Program Files (x86)/Arm GNU Toolchain arm-none-eabi/14.2 rel1/bin/../lib/gcc/arm-none-eabi/14.2.1/thumb/v7-m/nofp\libc.a(libc_a-findfp.o)
_fflush_r                                         C:/Program Files (x86)/Arm GNU Toolchain arm-none-eabi/14.2 rel1/bin/../lib/gcc/arm-none-eabi/14.2.1/thumb/v7-m/nofp\libc.a(libc_a-fflush.o)
_fini                                             C:/Program Files (x86)/Arm GNU Toolchain arm-none-eabi/14.2 rel1/bin/../lib/gcc/arm-none-eabi/14.2.1/thumb/v7-m/nofp/crti.o
                                                  C:/Program Files (x86)/Arm GNU Toolchain arm-none-eabi/14.2 rel1/bin/../lib/gcc/arm-none-eabi/14.2.1/thumb/v7-m/nofp\libc.a(libc_a-fini.o)
_free_r                                           C:/Program Files (x86)/Arm GNU Toolchain arm-none-eabi/14.2 rel1/bin/../lib/gcc/arm-none-eabi/14.2.1/thumb/v7-m/nofp\libc.a(libc_a-freer.o)
                                                  C:/Program Files (x86)/Arm GNU Toolchain arm-none-eabi/14.2 rel1/bin/../lib/gcc/arm-none-eabi/14.2.1/thumb/v7-m/nofp\libc.a(libc_a-fflush.o)
                                                  C:/Program Files (x86)/Arm GNU Toolchain arm-none-eabi/14.2 rel1/bin/../lib/gcc/arm-none-eabi/14.2.1/thumb/v7-m/nofp\libc.a(libc_a-fclose.o)
                                                  C:/Program Files (x86)/Arm GNU Toolchain arm-none-eabi/14.2 rel1/bin/../lib/gcc/arm-none-eabi/14.2.1/thumb/v7-m/nofp\libc.a(libc_a-mallocr.o)
                                                  C:/Program Files (x86)/Arm GNU Toolchain arm-none-eabi/14.2 rel1/bin/../lib/gcc/arm-none-eabi/14.2.1/thumb/v7-m/nofp\libc.a(libc_a-reent.o)
_fwalk_sglue                                      C:/Program Files (x86)/Arm GNU Toolchain arm-none-eabi/14.2 rel1/bin/../lib/gcc/arm-none-eabi/14.2.1/thumb/v7-m/nofp\libc.a(libc_a-fwalk.o)
                                                  C:/Program Files (x86)/Arm GNU Toolchain arm-none-eabi/14.2 rel1/bin/../lib/gcc/arm-none-eabi/14.2.1/thumb/v7-m/nofp\libc.a(libc_a-fflush.o)
                                                  C:/Program Files (x86)/Arm GNU Toolchain arm-none-eabi/14.2 rel1/bin/../lib/gcc/arm-none-eabi/14.2.1/thumb/v7-m/nofp\libc.a(libc_a-findfp.o)
_impure_data                                      C:/Program Files (x86)/Arm GNU Toolchain arm-none-eabi/14.2 rel1/bin/../lib/gcc/arm-none-eabi/14.2.1/thumb/v7-m/nofp\libc.a(libc_a-impure.o)
                                                  C:/Program Files (x86)/Arm GNU Toolchain arm-none-eabi/14.2 rel1/bin/../lib/gcc/arm-none-eabi/14.2.1/thumb/v7-m/nofp\libc.a(libc_a-fflush.o)
                                                  C:/Program Files (x86)/Arm GNU Toolchain arm-none-eabi/14.2 rel1/bin/../lib/gcc/arm-none-eabi/14.2.1/thumb/v7-m/nofp\libc.a(libc_a-findfp.o)
_impure_ptr                                       C:/Program Files (x86)/Arm GNU Toolchain arm-none-eabi/14.2 rel1/bin/../lib/gcc/arm-none-eabi/14.2.1/thumb/v7-m/nofp\libc.a(libc_a-impure.o)
                                                  C:/Program Files (x86)/Arm GNU Toolchain arm-none-eabi/14.2 rel1/bin/../lib/gcc/arm-none-eabi/14.2.1/thumb/v7-m/nofp\libc.a(libc_a-errno.o)
                                                  C:/Program Files (x86)/Arm GNU Toolchain arm-none-eabi/14.2 rel1/bin/../lib/gcc/arm-none-eabi/14.2.1/thumb/v7-m/nofp\libc.a(libc_a-fflush.o)
                                                  C:/Program Files (x86)/Arm GNU Toolchain arm-none-eabi/14.2 rel1/bin/../lib/gcc/arm-none-eabi/14.2.1/thumb/v7-m/nofp\libc.a(libc_a-fclose.o)
                                                  C:/Program Files (x86)/Arm GNU Toolchain arm-none-eabi/14.2 rel1/bin/../lib/gcc/arm-none-eabi/14.2.1/thumb/v7-m/nofp\libc.a(libc_a-reent.o)
_init                                             C:/Program Files (x86)/Arm GNU Toolchain arm-none-eabi/14.2 rel1/bin/../lib/gcc/arm-none-eabi/14.2.1/thumb/v7-m/nofp/crti.o
                                                  C:/Program Files (x86)/Arm GNU Toolchain arm-none-eabi/14.2 rel1/bin/../lib/gcc/arm-none-eabi/14.2.1/thumb/v7-m/nofp\libc.a(libc_a-init.o)
_lseek                                            C:/Program Files (x86)/Arm GNU Toolchain arm-none-eabi/14.2 rel1/bin/../lib/gcc/arm-none-eabi/14.2.1/thumb/v7-m/nofp\libnosys.a(lseek.o)
                                                  C:/Program Files (x86)/Arm GNU Toolchain arm-none-eabi/14.2 rel1/bin/../lib/gcc/arm-none-eabi/14.2.1/thumb/v7-m/nofp\libc.a(libc_a-lseekr.o)
_lseek_r                                          C:/Program Files (x86)/Arm GNU Toolchain arm-none-eabi/14.2 rel1/bin/../lib/gcc/arm-none-eabi/14.2.1/thumb/v7-m/nofp\libc.a(libc_a-lseekr.o)
                                                  C:/Program Files (x86)/Arm GNU Toolchain arm-none-eabi/14.2 rel1/bin/../lib/gcc/arm-none-eabi/14.2.1/thumb/v7-m/nofp\libc.a(libc_a-stdio.o)
_mainCRTStartup                                   C:/Program Files (x86)/Arm GNU Toolchain arm-none-eabi/14.2 rel1/bin/../lib/gcc/arm-none-eabi/14.2.1/thumb/v7-m/nofp/crt0.o
_malloc_r                                         C:/Program Files (x86)/Arm GNU Toolchain arm-none-eabi/14.2 rel1/bin/../lib/gcc/arm-none-eabi/14.2.1/thumb/v7-m/nofp\libc.a(libc_a-mallocr.o)
                                                  C:/Program Files (x86)/Arm GNU Toolchain arm-none-eabi/14.2 rel1/bin/../lib/gcc/arm-none-eabi/14.2.1/thumb/v7-m/nofp\libc.a(libc_a-findfp.o)
_malloc_trim_r                                    C:/Program Files (x86)/Arm GNU Toolchain arm-none-eabi/14.2 rel1/bin/../lib/gcc/arm-none-eabi/14.2.1/thumb/v7-m/nofp\libc.a(libc_a-freer.o)
_read                                             C:/Program Files (x86)/Arm GNU Toolchain arm-none-eabi/14.2 rel1/bin/../lib/gcc/arm-none-eabi/14.2.1/thumb/v7-m/nofp\libnosys.a(read.o)
                                                  C:/Program Files (x86)/Arm GNU Toolchain arm-none-eabi/14.2 rel1/bin/../lib/gcc/arm-none-eabi/14.2.1/thumb/v7-m/nofp\libc.a(libc_a-readr.o)
_read_r                                           C:/Program Files (x86)/Arm GNU Toolchain arm-none-eabi/14.2 rel1/bin/../lib/gcc/arm-none-eabi/14.2.1/thumb/v7-m/nofp\libc.a(libc_a-readr.o)
                                                  C:/Program Files (x86)/Arm GNU Toolchain arm-none-eabi/14.2 rel1/bin/../lib/gcc/arm-none-eabi/14.2.1/thumb/v7-m/nofp\libc.a(libc_a-stdio.o)
_reclaim_reent                                    C:/Program Files (x86)/Arm GNU Toolchain arm-none-eabi/14.2 rel1/bin/../lib/gcc/arm-none-eabi/14.2.1/thumb/v7-m/nofp\libc.a(libc_a-reent.o)
_sbrk                                             C:/Program Files (x86)/Arm GNU Toolchain arm-none-eabi/14.2 rel1/bin/../lib/gcc/arm-none-eabi/14.2.1/thumb/v7-m/nofp\libnosys.a(sbrk.o)
                                                  C:/Program Files (x86)/Arm GNU Toolchain arm-none-eabi/14.2 rel1/bin/../lib/gcc/arm-none-eabi/14.2.1/thumb/v7-m/nofp\libc.a(libc_a-sbrkr.o)
_sbrk_r                                           C:/Program Files (x86)/Arm GNU Toolchain arm-none-eabi/14.2 rel1/bin/../lib/gcc/arm-none-eabi/14.2.1/thumb/v7-m/nofp\libc.a(libc_a-sbrkr.o)
                                                  C:/Program Files (x86)/Arm GNU Toolchain arm-none-eabi/14.2 rel1/bin/../lib/gcc/arm-none-eabi/14.2.1/thumb/v7-m/nofp\libc.a(libc_a-mallocr.o)
                                                  C:/Program Files (x86)/Arm GNU Toolchain arm-none-eabi/14.2 rel1/bin/../lib/gcc/arm-none-eabi/14.2.1/thumb/v7-m/nofp\libc.a(libc_a-freer.o)
_sbss                                             ..\build\bootloader\startup_stm32f103xb.o
_sdata                                            ..\build\bootloader\startup_stm32f103xb.o
_sidata                                           ..\build\bootloader\startup_stm32f103xb.o
_stack_init                                       C:/Program Files (x86)/Arm GNU Toolchain arm-none-eabi/14.2 rel1/bin/../lib/gcc/arm-none-eabi/14.2.1/thumb/v7-m/nofp/crt0.o
_start                                            C:/Program Files (x86)/Arm GNU Toolchain arm-none-eabi/14.2 rel1/bin/../lib/gcc/arm-none-eabi/14.2.1/thumb/v7-m/nofp/crt0.o
_write                                            C:/Program Files (x86)/Arm GNU Toolchain arm-none-eabi/14.2 rel1/bin/../lib/gcc/arm-none-eabi/14.2.1/thumb/v7-m/nofp\libnosys.a(write.o)
                                                  C:/Program Files (x86)/Arm GNU Toolchain arm-none-eabi/14.2 rel1/bin/../lib/gcc/arm-none-eabi/14.2.1/thumb/v7-m/nofp\libc.a(libc_a-writer.o)
_write_r                                          C:/Program Files (x86)/Arm GNU Toolchain arm-none-eabi/14.2 rel1/bin/../lib/gcc/arm-none-eabi/14.2.1/thumb/v7-m/nofp\libc.a(libc_a-writer.o)
                                                  C:/Program Files (x86)/Arm GNU Toolchain arm-none-eabi/14.2 rel1/bin/../lib/gcc/arm-none-eabi/14.2.1/thumb/v7-m/nofp\libc.a(libc_a-stdio.o)
atexit                                            C:/Program Files (x86)/Arm GNU Toolchain arm-none-eabi/14.2 rel1/bin/../lib/gcc/arm-none-eabi/14.2.1/thumb/v7-m/nofp\libc.a(libc_a-atexit.o)
                                                  C:/Program Files (x86)/Arm GNU Toolchain arm-none-eabi/14.2 rel1/bin/../lib/gcc/arm-none-eabi/14.2.1/thumb/v7-m/nofp\libc.a(libc_a-__call_atexit.o)
                                                  C:/Program Files (x86)/Arm GNU Toolchain arm-none-eabi/14.2 rel1/bin/../lib/gcc/arm-none-eabi/14.2.1/thumb/v7-m/nofp/crt0.o
boot_application_is_valid                         ..\build\bootloader\boot_jump.o
                                                  ..\build\bootloader\main.o
boot_jump_to_application                          ..\build\bootloader\boot_jump.o
                                                  ..\build\bootloader\main.o
boot_refresh_watchdog                             ..\build\bootloader\boot_jump.o
                                                  ..\build\bootloader\main.o
boot_should_stay_in_loader                        ..\build\bootloader\boot_jump.o
                                                  ..\build\bootloader\main.o
end                                               C:/Program Files (x86)/Arm GNU Toolchain arm-none-eabi/14.2 rel1/bin/../lib/gcc/arm-none-eabi/14.2.1/thumb/v7-m/nofp\libnosys.a(sbrk.o)
errno                                             C:/Program Files (x86)/Arm GNU Toolchain arm-none-eabi/14.2 rel1/bin/../lib/gcc/arm-none-eabi/14.2.1/thumb/v7-m/nofp\libc.a(libc_a-reent.o)
                                                  C:/Program Files (x86)/Arm GNU Toolchain arm-none-eabi/14.2 rel1/bin/../lib/gcc/arm-none-eabi/14.2.1/thumb/v7-m/nofp\libnosys.a(write.o)
                                                  C:/Program Files (x86)/Arm GNU Toolchain arm-none-eabi/14.2 rel1/bin/../lib/gcc/arm-none-eabi/14.2.1/thumb/v7-m/nofp\libnosys.a(read.o)
                                                  C:/Program Files (x86)/Arm GNU Toolchain arm-none-eabi/14.2 rel1/bin/../lib/gcc/arm-none-eabi/14.2.1/thumb/v7-m/nofp\libnosys.a(lseek.o)
                                                  C:/Program Files (x86)/Arm GNU Toolchain arm-none-eabi/14.2 rel1/bin/../lib/gcc/arm-none-eabi/14.2.1/thumb/v7-m/nofp\libnosys.a(close.o)
                                                  C:/Program Files (x86)/Arm GNU Toolchain arm-none-eabi/14.2 rel1/bin/../lib/gcc/arm-none-eabi/14.2.1/thumb/v7-m/nofp\libc.a(libc_a-sbrkr.o)
                                                  C:/Program Files (x86)/Arm GNU Toolchain arm-none-eabi/14.2 rel1/bin/../lib/gcc/arm-none-eabi/14.2.1/thumb/v7-m/nofp\libc.a(libc_a-writer.o)
                                                  C:/Program Files (x86)/Arm GNU Toolchain arm-none-eabi/14.2 rel1/bin/../lib/gcc/arm-none-eabi/14.2.1/thumb/v7-m/nofp\libc.a(libc_a-readr.o)
                                                  C:/Program Files (x86)/Arm GNU Toolchain arm-none-eabi/14.2 rel1/bin/../lib/gcc/arm-none-eabi/14.2.1/thumb/v7-m/nofp\libc.a(libc_a-lseekr.o)
                                                  C:/Program Files (x86)/Arm GNU Toolchain arm-none-eabi/14.2 rel1/bin/../lib/gcc/arm-none-eabi/14.2.1/thumb/v7-m/nofp\libc.a(libc_a-closer.o)
exit                                              C:/Program Files (x86)/Arm GNU Toolchain arm-none-eabi/14.2 rel1/bin/../lib/gcc/arm-none-eabi/14.2.1/thumb/v7-m/nofp\libc.a(libc_a-exit.o)
                                                  C:/Program Files (x86)/Arm GNU Toolchain arm-none-eabi/14.2 rel1/bin/../lib/gcc/arm-none-eabi/14.2.1/thumb/v7-m/nofp/crt0.o
fclose                                            C:/Program Files (x86)/Arm GNU Toolchain arm-none-eabi/14.2 rel1/bin/../lib/gcc/arm-none-eabi/14.2.1/thumb/v7-m/nofp\libc.a(libc_a-fclose.o)
fflush                                            C:/Program Files (x86)/Arm GNU Toolchain arm-none-eabi/14.2 rel1/bin/../lib/gcc/arm-none-eabi/14.2.1/thumb/v7-m/nofp\libc.a(libc_a-fflush.o)
g_pfnVectors                                      ..\build\bootloader\startup_stm32f103xb.o
hardware_init_hook                                C:/Program Files (x86)/Arm GNU Toolchain arm-none-eabi/14.2 rel1/bin/../lib/gcc/arm-none-eabi/14.2.1/thumb/v7-m/nofp/crt0.o
main                                              ..\build\bootloader\main.o
                                                  ..\build\bootloader\startup_stm32f103xb.o
                                                  C:/Program Files (x86)/Arm GNU Toolchain arm-none-eabi/14.2 rel1/bin/../lib/gcc/arm-none-eabi/14.2.1/thumb/v7-m/nofp/crt0.o
memset                                            C:/Program Files (x86)/Arm GNU Toolchain arm-none-eabi/14.2 rel1/bin/../lib/gcc/arm-none-eabi/14.2.1/thumb/v7-m/nofp\libc.a(libc_a-memset.o)
                                                  C:/Program Files (x86)/Arm GNU Toolchain arm-none-eabi/14.2 rel1/bin/../lib/gcc/arm-none-eabi/14.2.1/thumb/v7-m/nofp\libc.a(libc_a-findfp.o)
                                                  ..\build\bootloader\boot_framework_clock.o
                                                  C:/Program Files (x86)/Arm GNU Toolchain arm-none-eabi/14.2 rel1/bin/../lib/gcc/arm-none-eabi/14.2.1/thumb/v7-m/nofp/crt0.o
pFlash                                            ..\build\bootloader\stm32f1xx_hal_flash.o
                                                  ..\build\bootloader\stm32f1xx_hal_flash_ex.o
software_init_hook                                C:/Program Files (x86)/Arm GNU Toolchain arm-none-eabi/14.2 rel1/bin/../lib/gcc/arm-none-eabi/14.2.1/thumb/v7-m/nofp/crt0.o
sysconf                                           C:/Program Files (x86)/Arm GNU Toolchain arm-none-eabi/14.2 rel1/bin/../lib/gcc/arm-none-eabi/14.2.1/thumb/v7-m/nofp\libc.a(libc_a-sysconf.o)
                                                  C:/Program Files (x86)/Arm GNU Toolchain arm-none-eabi/14.2 rel1/bin/../lib/gcc/arm-none-eabi/14.2.1/thumb/v7-m/nofp\libc.a(libc_a-mallocr.o)
                                                  C:/Program Files (x86)/Arm GNU Toolchain arm-none-eabi/14.2 rel1/bin/../lib/gcc/arm-none-eabi/14.2.1/thumb/v7-m/nofp\libc.a(libc_a-freer.o)
uwTick                                            ..\build\bootloader\stm32f1xx_hal.o
uwTickFreq                                        ..\build\bootloader\stm32f1xx_hal.o
uwTickPrio                                        ..\build\bootloader\stm32f1xx_hal.o
                                                  ..\build\bootloader\stm32f1xx_hal_rcc.o