Archive member included to satisfy reference by file (symbol)

C:/Program Files (x86)/Arm GNU Toolchain arm-none-eabi/14.2 rel1/bin/../lib/gcc/arm-none-eabi/14.2.1/thumb/v7-m/nofp\libc.a(libc_a-exit.o)
                              C:/Program Files (x86)/Arm GNU Toolchain arm-none-eabi/14.2 rel1/bin/../lib/gcc/arm-none-eabi/14.2.1/thumb/v7-m/nofp/crt0.o (exit)
C:/Program Files (x86)/Arm GNU Toolchain arm-none-eabi/14.2 rel1/bin/../lib/gcc/arm-none-eabi/14.2.1/thumb/v7-m/nofp\libc.a(libc_a-findfp.o)
                              C:/Program Files (x86)/Arm GNU Toolchain arm-none-eabi/14.2 rel1/bin/../lib/gcc/arm-none-eabi/14.2.1/thumb/v7-m/nofp\libc.a(libc_a-exit.o) (__stdio_exit_handler)
C:/Program Files (x86)/Arm GNU Toolchain arm-none-eabi/14.2 rel1/bin/../lib/gcc/arm-none-eabi/14.2.1/thumb/v7-m/nofp\libc.a(libc_a-fwalk.o)
                              C:/Program Files (x86)/Arm GNU Toolchain arm-none-eabi/14.2 rel1/bin/../lib/gcc/arm-none-eabi/14.2.1/thumb/v7-m/nofp\libc.a(libc_a-findfp.o) (_fwalk_sglue)
C:/Program Files (x86)/Arm GNU Toolchain arm-none-eabi/14.2 rel1/bin/../lib/gcc/arm-none-eabi/14.2.1/thumb/v7-m/nofp\libc.a(libc_a-stdio.o)
                              C:/Program Files (x86)/Arm GNU Toolchain arm-none-eabi/14.2 rel1/bin/../lib/gcc/arm-none-eabi/14.2.1/thumb/v7-m/nofp\libc.a(libc_a-findfp.o) (__sread)
C:/Program Files (x86)/Arm GNU Toolchain arm-none-eabi/14.2 rel1/bin/../lib/gcc/arm-none-eabi/14.2.1/thumb/v7-m/nofp\libc.a(libc_a-memset.o)
                              C:/Program Files (x86)/Arm GNU Toolchain arm-none-eabi/14.2 rel1/bin/../lib/gcc/arm-none-eabi/14.2.1/thumb/v7-m/nofp/crt0.o (memset)
C:/Program Files (x86)/Arm GNU Toolchain arm-none-eabi/14.2 rel1/bin/../lib/gcc/arm-none-eabi/14.2.1/thumb/v7-m/nofp\libc.a(libc_a-closer.o)
                              C:/Program Files (x86)/Arm GNU Toolchain arm-none-eabi/14.2 rel1/bin/../lib/gcc/arm-none-eabi/14.2.1/thumb/v7-m/nofp\libc.a(libc_a-stdio.o) (_close_r)
C:/Program Files (x86)/Arm GNU Toolchain arm-none-eabi/14.2 rel1/bin/../lib/gcc/arm-none-eabi/14.2.1/thumb/v7-m/nofp\libc.a(libc_a-reent.o)
                              C:/Program Files (x86)/Arm GNU Toolchain arm-none-eabi/14.2 rel1/bin/../lib/gcc/arm-none-eabi/14.2.1/thumb/v7-m/nofp\libc.a(libc_a-closer.o) (errno)
C:/Program Files (x86)/Arm GNU Toolchain arm-none-eabi/14.2 rel1/bin/../lib/gcc/arm-none-eabi/14.2.1/thumb/v7-m/nofp\libc.a(libc_a-impure.o)
                              C:/Program Files (x86)/Arm GNU Toolchain arm-none-eabi/14.2 rel1/bin/../lib/gcc/arm-none-eabi/14.2.1/thumb/v7-m/nofp\libc.a(libc_a-reent.o) (_impure_ptr)
C:/Program Files (x86)/Arm GNU Toolchain arm-none-eabi/14.2 rel1/bin/../lib/gcc/arm-none-eabi/14.2.1/thumb/v7-m/nofp\libc.a(libc_a-lseekr.o)
                              C:/Program Files (x86)/Arm GNU Toolchain arm-none-eabi/14.2 rel1/bin/../lib/gcc/arm-none-eabi/14.2.1/thumb/v7-m/nofp\libc.a(libc_a-stdio.o) (_lseek_r)
C:/Program Files (x86)/Arm GNU Toolchain arm-none-eabi/14.2 rel1/bin/../lib/gcc/arm-none-eabi/14.2.1/thumb/v7-m/nofp\libc.a(libc_a-readr.o)
                              C:/Program Files (x86)/Arm GNU Toolchain arm-none-eabi/14.2 rel1/bin/../lib/gcc/arm-none-eabi/14.2.1/thumb/v7-m/nofp\libc.a(libc_a-stdio.o) (_read_r)
C:/Program Files (x86)/Arm GNU Toolchain arm-none-eabi/14.2 rel1/bin/../lib/gcc/arm-none-eabi/14.2.1/thumb/v7-m/nofp\libc.a(libc_a-writer.o)
                              C:/Program Files (x86)/Arm GNU Toolchain arm-none-eabi/14.2 rel1/bin/../lib/gcc/arm-none-eabi/14.2.1/thumb/v7-m/nofp\libc.a(libc_a-stdio.o) (_write_r)
C:/Program Files (x86)/Arm GNU Toolchain arm-none-eabi/14.2 rel1/bin/../lib/gcc/arm-none-eabi/14.2.1/thumb/v7-m/nofp\libc.a(libc_a-init.o)
                              C:/Program Files (x86)/Arm GNU Toolchain arm-none-eabi/14.2 rel1/bin/../lib/gcc/arm-none-eabi/14.2.1/thumb/v7-m/nofp/crt0.o (__libc_init_array)
C:/Program Files (x86)/Arm GNU Toolchain arm-none-eabi/14.2 rel1/bin/../lib/gcc/arm-none-eabi/14.2.1/thumb/v7-m/nofp\libc.a(libc_a-lock.o)
                              C:/Program Files (x86)/Arm GNU Toolchain arm-none-eabi/14.2 rel1/bin/../lib/gcc/arm-none-eabi/14.2.1/thumb/v7-m/nofp\libc.a(libc_a-findfp.o) (__retarget_lock_init_recursive)
C:/Program Files (x86)/Arm GNU Toolchain arm-none-eabi/14.2 rel1/bin/../lib/gcc/arm-none-eabi/14.2.1/thumb/v7-m/nofp\libc.a(libc_a-strlen-stub.o)
                              ..\build\application-master\app.o (strlen)
C:/Program Files (x86)/Arm GNU Toolchain arm-none-eabi/14.2 rel1/bin/../lib/gcc/arm-none-eabi/14.2.1/thumb/v7-m/nofp\libc.a(libc_a-__call_atexit.o)
                              C:/Program Files (x86)/Arm GNU Toolchain arm-none-eabi/14.2 rel1/bin/../lib/gcc/arm-none-eabi/14.2.1/thumb/v7-m/nofp\libc.a(libc_a-exit.o) (__call_exitprocs)
C:/Program Files (x86)/Arm GNU Toolchain arm-none-eabi/14.2 rel1/bin/../lib/gcc/arm-none-eabi/14.2.1/thumb/v7-m/nofp\libc.a(libc_a-atexit.o)
[...]
Memory Configuration

Name             Origin             Length             Attributes
RAM              0x20000000         0x00005000         xrw
FLASH            0x08004000         0x0001bc00         xr
RADIOCFG         0x0801fc00         0x00000400         xr
*default*        0x00000000         0xffffffff

Linker script and memory map

LOAD C:/Program Files (x86)/Arm GNU Toolchain arm-none-eabi/14.2 rel1/bin/../lib/gcc/arm-none-eabi/14.2.1/thumb/v7-m/nofp/crti.o
LOAD C:/Program Files (x86)/Arm GNU Toolchain arm-none-eabi/14.2 rel1/bin/../lib/gcc/arm-none-eabi/14.2.1/thumb/v7-m/nofp/crtbegin.o
LOAD C:/Program Files (x86)/Arm GNU Toolchain arm-none-eabi/14.2 rel1/bin/../lib/gcc/arm-none-eabi/14.2.1/thumb/v7-m/nofp/crt0.o
LOAD ..\build\application-master\main.o
LOAD ..\build\application-master\app.o
LOAD ..\build\application-master\app_framework_led.o
LOAD ..\build\application-master\app_framework_clock.o
LOAD ..\build\application-master\stm32f1xx_it.o
LOAD ..\build\application-master\stm32f1xx_hal_msp.o
LOAD ..\build\application-master\system_stm32f1xx.o
LOAD ..\build\application-master\stm32f1xx_hal.o
LOAD ..\build\application-master\stm32f1xx_hal_rcc.o
LOAD ..\build\application-master\stm32f1xx_hal_rcc_ex.o
LOAD ..\build\application-master\stm32f1xx_hal_gpio.o
LOAD ..\build\application-master\stm32f1xx_hal_cortex.o
LOAD ..\build\application-master\stm32f1xx_hal_pwr.o
LOAD ..\build\application-master\stm32f1xx_hal_flash.o
LOAD ..\build\application-master\stm32f1xx_hal_flash_ex.o
LOAD ..\build\application-master\stm32f1xx_hal_exti.o
LOAD ..\build\application-master\stm32f1xx_hal_uart.o
LOAD ..\build\application-master\startup_stm32f103xb.o
LOAD C:/Program Files (x86)/Arm GNU Toolchain arm-none-eabi/14.2 rel1/bin/../lib/gcc/arm-none-eabi/14.2.1/thumb/v7-m/nofp\libc.a
LOAD C:/Program Files (x86)/Arm GNU Toolchain arm-none-eabi/14.2 rel1/bin/../lib/gcc/arm-none-eabi/14.2.1/thumb/v7-m/nofp\libm.a
LOAD C:/Program Files (x86)/Arm GNU Toolchain arm-none-eabi/14.2 rel1/bin/../lib/gcc/arm-none-eabi/14.2.1/thumb/v7-m/nofp\libnosys.a
START GROUP
LOAD C:/Program Files (x86)/Arm GNU Toolchain arm-none-eabi/14.2 rel1/bin/../lib/gcc/arm-none-eabi/14.2.1/thumb/v7-m/nofp\libgcc.a
LOAD C:/Program Files (x86)/Arm GNU Toolchain arm-none-eabi/14.2 rel1/bin/../lib/gcc/arm-none-eabi/14.2.1/thumb/v7-m/nofp\libc.a
END GROUP
LOAD C:/Program Files (x86)/Arm GNU Toolchain arm-none-eabi/14.2 rel1/bin/../lib/gcc/arm-none-eabi/14.2.1/thumb/v7-m/nofp/crtend.o
LOAD C:/Program Files (x86)/Arm GNU Toolchain arm-none-eabi/14.2 rel1/bin/../lib/gcc/arm-none-eabi/14.2.1/thumb/v7-m/nofp/crtn.o
                0x20005000                        _estack = 0x20005000
                0x00000200                        _Min_Heap_Size = 0x200
                0x00000400                        _Min_Stack_Size = 0x400

.isr_vector     0x08004000      0x10c
                0x08004000                        . = ALIGN (0x4)
 *(.isr_vector)
 .isr_vector    0x08004000      0x10c ..\build\application-master\startup_stm32f103xb.o
                0x08004000                g_pfnVectors
                0x0800410c                        . = ALIGN (0x4)

.text           0x08004110     0x2368
                0x08004110                        . = ALIGN (0x4)
 *(.text)
 *(.text*)
 .text.deregister_tm_clones
                0x08004110       0x1c C:/Program Files (x86)/Arm GNU Toolchain arm-none-eabi/14.2 rel1/bin/../lib/gcc/arm-none-eabi/14.2.1/thumb/v7-m/nofp/crtbegin.o
 .text.register_tm_clones
                0x0800412c       0x24 C:/Program Files (x86)/Arm GNU Toolchain arm-none-eabi/14.2 rel1/bin/../lib/gcc/arm-none-eabi/14.2.1/thumb/v7-m/nofp/crtbegin.o
 .text.__do_global_dtors_aux
                0x08004150       0x28 C:/Program Files (x86)/Arm GNU Toolchain arm-none-eabi/14.2 rel1/bin/../lib/gcc/arm-none-eabi/14.2.1/thumb/v7-m/nofp/crtbegin.o
 .text.frame_dummy
                0x08004178       0x24 C:/Program Files (x86)/Arm GNU Toolchain arm-none-eabi/14.2 rel1/bin/../lib/gcc/arm-none-eabi/14.2.1/thumb/v7-m/nofp/crtbegin.o
 .text.AppWatchdog_Init
                0x0800419c       0x54 ..\build\application-master\main.o
 .text.AppWatchdog_Refresh
                0x080041f0       0x10 ..\build\application-master\main.o
 .text.MX_GPIO_Init
                0x08004200      0x104 ..\build\application-master\main.o
 .text.Error_Handler
                0x08004304        0x4 ..\build\application-master\main.o
                0x08004304                Error_Handler
 .text.MX_USART1_UART_Init
                0x08004308       0x34 ..\build\application-master\main.o
 .text.MX_USART2_UART_Init
                0x0800433c       0x34 ..\build\application-master\main.o
 .text.MX_USART3_UART_Init
                0x08004370       0x34 ..\build\application-master\main.o
 .text.SystemClock_Config
                0x080043a4        0xe ..\build\application-master\main.o
                0x080043a4                SystemClock_Config
 *fill*         0x080043b2        0x2 
 .text.main     0x080043b4       0xac ..\build\application-master\main.o
                0x080043b4                main
 .text.App_RadioConfigMarkerIsWritten
                0x08004460       0x1c ..\build\application-master\app.o
 .text.App_E28BuildConfigFrame
                0x0800447c       0x18 ..\build\application-master\app.o
 .text.App_E28ResponseHasParameters
                0x08004494       0x38 ..\build\application-master\app.o
 .text.App_ParseRadioBaudSetting
                0x080044cc       0x50 ..\build\application-master\app.o
 .text.App_ResetRadioOkDetector
                0x0800451c       0x14 ..\build\application-master\app.o
 .text.App_UpdateRadioOkDetector
                0x08004530       0x60 ..\build\application-master\app.o
 .text.App_ServiceWatchdog
                0x08004590       0x10 ..\build\application-master\app.o
 .text.App_TryReadUart
                0x080045a0       0x74 ..\build\application-master\app.o
 .text.App_ClearRadioInput
                0x08004614       0x20 ..\build\application-master\app.o
 .text.App_WriteUart
                0x08004634       0x70 ..\build\application-master\app.o
 .text.App_WriteBytes
                0x080046a4       0x24 ..\build\application-master\app.o
 .text.App_SendRadioBytes
                0x080046c8       0x14 ..\build\application-master\app.o
 .text.App_WriteHostHexDump
                0x080046dc       0x70 ..\build\application-master\app.o
 .text.App_ReadRadioFor
                0x0800474c       0xa0 ..\build\application-master\app.o
 .text.App_E28WriteConfig
                0x080047ec       0x48 ..\build\application-master\app.o
 .text.App_QueryRadioConfig
                0x08004834       0x50 ..\build\application-master\app.o
 .text.App_PumpUart
                0x08004884       0x38 ..\build\application-master\app.o
 .text.App_WaitRadioModeSwitch
                0x080048bc       0x30 ..\build\application-master\app.o
 .text.App_ConfigureRadioTransparentMode
                0x080048ec       0x2c ..\build\application-master\app.o
 .text.App_ConfigureRadioCommandMode
                0x08004918       0x2c ..\build\application-master\app.o
 *fill*         0x08004944        0x4 
 .text.App_WriteRadioConfigMarker
                0x08004948       0x54 ..\build\application-master\app.o
 .text.App_SetUartBaudrate
                0x0800499c       0x30 ..\build\application-master\app.o
 .text.App_EnterRadioCommandMode
                0x080049cc       0x30 ..\build\application-master\app.o
 .text.App_FindRadioCommandBaudrate
                0x080049fc       0x2c ..\build\application-master\app.o
 .text.App_ConfigureRadioOnFirstBoot
                0x08004a28       0x8c ..\build\application-master\app.o
 .text.App_AlignRadioBaudrate
                0x08004ab4       0x74 ..\build\application-master\app.o
 .text.App_SendStartupBanner
                0x08004b28       0x80 ..\build\application-master\app.o
 .text.App_WriteHostStatus
                0x08004ba8       0x20 ..\build\application-master\app.o
 .text.App_StartManualRadioConfig
                0x08004bc8       0x94 ..\build\application-master\app.o
 .text.App_PumpUart2WithConfigTrigger
                0x08004c5c       0x88 ..\build\application-master\app.o
 .text.App_Init
                0x08004ce4       0x68 ..\build\application-master\app.o
                0x08004ce4                App_Init
 .text.App_Run  0x08004d4c       0x78 ..\build\application-master\app.o
                0x08004d4c                App_Run
 .text.AppFrameworkLed_On
                0x08004dc4       0x12 ..\build\application-master\app_framework_led.o
                0x08004dc4                AppFrameworkLed_On
 .text.AppFrameworkLed_Off
                0x08004dd6       0x12 ..\build\application-master\app_framework_led.o
                0x08004dd6                AppFrameworkLed_Off
 .text.AppFrameworkLed_Init
                0x08004de8       0x1c ..\build\application-master\app_framework_led.o
                0x08004de8                AppFrameworkLed_Init
 .text.AppFrameworkLed_Update
                0x08004e04       0x24 ..\build\application-master\app_framework_led.o
                0x08004e04                AppFrameworkLed_Update
 .text.AppFrameworkClock_ConfigHsePll6AdcDiv6
                0x08004e28       0x68 ..\build\application-master\app_framework_clock.o
                0x08004e28                AppFrameworkClock_ConfigHsePll6AdcDiv6
 .text.NMI_Handler
                0x08004e90        0x2 ..\build\application-master\stm32f1xx_it.o
                0x08004e90                NMI_Handler
 .text.HardFault_Handler
                0x08004e92        0x2 ..\build\application-master\stm32f1xx_it.o
                0x08004e92                HardFault_Handler
 .text.MemManage_Handler
                0x08004e94        0x2 ..\build\application-master\stm32f1xx_it.o
                0x08004e94                MemManage_Handler
 .text.BusFault_Handler
                0x08004e96        0x2 ..\build\application-master\stm32f1xx_it.o
                0x08004e96                BusFault_Handler
 .text.UsageFault_Handler
                0x08004e98        0x2 ..\build\application-master\stm32f1xx_it.o
                0x08004e98                UsageFault_Handler
 .text.SVC_Handler
                0x08004e9a        0x2 ..\build\application-master\stm32f1xx_it.o
                0x08004e9a                SVC_Handler
 .text.DebugMon_Handler
                0x08004e9c        0x2 ..\build\application-master\stm32f1xx_it.o
                0x08004e9c                DebugMon_Handler
 .text.PendSV_Handler
                0x08004e9e        0x2 ..\build\application-master\stm32f1xx_it.o
                0x08004e9e                PendSV_Handler
 .text.SysTick_Handler
                0x08004ea0        0x8 ..\build\application-master\stm32f1xx_it.o
                0x08004ea0                SysTick_Handler
 .text.HAL_MspInit
                0x08004ea8       0x44 ..\build\application-master\stm32f1xx_hal_msp.o
                0x08004ea8                HAL_MspInit
 .text.HAL_UART_MspInit
                0x08004eec      0x144 ..\build\application-master\stm32f1xx_hal_msp.o
                0x08004eec                HAL_UART_MspInit
 .text.HAL_UART_MspDeInit
                0x08005030       0x74 ..\build\application-master\stm32f1xx_hal_msp.o
                0x08005030                HAL_UART_MspDeInit
 .text.SystemInit
                0x080050a4       0x10 ..\build\application-master\system_stm32f1xx.o
                0x080050a4                SystemInit
 .text.HAL_InitTick
                0x080050b4       0x4c ..\build\application-master\stm32f1xx_hal.o
                0x080050b4                HAL_InitTick
 .text.HAL_Init
                0x08005100       0x24 ..\build\application-master\stm32f1xx_hal.o
                0x08005100                HAL_Init
 .text.HAL_IncTick
                0x08005124       0x18 ..\build\application-master\stm32f1xx_hal.o
                0x08005124                HAL_IncTick
 .text.HAL_GetTick
                0x0800513c        0xc ..\build\application-master\stm32f1xx_hal.o
                0x0800513c                HAL_GetTick
 .text.RCC_Delay
                0x08005148       0x2c ..\build\application-master\stm32f1xx_hal_rcc.o
 .text.HAL_RCC_OscConfig
                0x08005174      0x410 ..\build\application-master\stm32f1xx_hal_rcc.o
                0x08005174                HAL_RCC_OscConfig
 .text.HAL_RCC_GetSysClockFreq
                0x08005584       0x7c ..\build\application-master\stm32f1xx_hal_rcc.o
                0x08005584                HAL_RCC_GetSysClockFreq
 .text.HAL_RCC_ClockConfig
                0x08005600      0x16c ..\build\application-master\stm32f1xx_hal_rcc.o
                0x08005600                HAL_RCC_ClockConfig
 .text.HAL_RCC_GetHCLKFreq
                0x0800576c        0xc ..\build\application-master\stm32f1xx_hal_rcc.o
                0x0800576c                HAL_RCC_GetHCLKFreq
 .text.HAL_RCC_GetPCLK1Freq
                0x08005778       0x20 ..\build\application-master\stm32f1xx_hal_rcc.o
                0x08005778                HAL_RCC_GetPCLK1Freq
 .text.HAL_RCC_GetPCLK2Freq
                0x08005798       0x20 ..\build\application-master\stm32f1xx_hal_rcc.o
                0x08005798                HAL_RCC_GetPCLK2Freq
 .text.HAL_RCCEx_PeriphCLKConfig
                0x080057b8      0x118 ..\build\application-master\stm32f1xx_hal_rcc_ex.o
                0x080057b8                HAL_RCCEx_PeriphCLKConfig
 .text.HAL_GPIO_Init
                0x080058d0      0x214 ..\build\application-master\stm32f1xx_hal_gpio.o
                0x080058d0                HAL_GPIO_Init
 .text.HAL_GPIO_DeInit
                0x08005ae4       0xfc ..\build\application-master\stm32f1xx_hal_gpio.o
                0x08005ae4                HAL_GPIO_DeInit
 .text.HAL_GPIO_ReadPin
                0x08005be0        0xe ..\build\application-master\stm32f1xx_hal_gpio.o
                0x08005be0                HAL_GPIO_ReadPin
 .text.HAL_GPIO_WritePin
                0x08005bee        0xc ..\build\application-master\stm32f1xx_hal_gpio.o
                0x08005bee                HAL_GPIO_WritePin
 *fill*         0x08005bfa        0x2 
 .text.__NVIC_SetPriority
                0x08005bfc       0x28 ..\build\application-master\stm32f1xx_hal_cortex.o
 .text.NVIC_EncodePriority
                0x08005c24       0x3e ..\build\application-master\stm32f1xx_hal_cortex.o
 *fill*         0x08005c62        0x2 
 .text.HAL_NVIC_SetPriorityGrouping
                0x08005c64       0x24 ..\build\application-master\stm32f1xx_hal_cortex.o
                0x08005c64                HAL_NVIC_SetPriorityGrouping
 .text.HAL_NVIC_SetPriority
                0x08005c88       0x20 ..\build\application-master\stm32f1xx_hal_cortex.o
                0x08005c88                HAL_NVIC_SetPriority
 .text.HAL_SYSTICK_Config
                0x08005ca8       0x28 ..\build\application-master\stm32f1xx_hal_cortex.o
                0x08005ca8                HAL_SYSTICK_Config
 .text.FLASH_Program_HalfWord
                0x08005cd0       0x1c ..\build\application-master\stm32f1xx_hal_flash.o
 .text.FLASH_SetErrorCode
                0x08005cec       0x70 ..\build\application-master\stm32f1xx_hal_flash.o
 .text.HAL_FLASH_Unlock
                0x08005d5c       0x34 ..\build\application-master\stm32f1xx_hal_flash.o
                0x08005d5c                HAL_FLASH_Unlock
 .text.HAL_FLASH_Lock
                0x08005d90       0x14 ..\build\application-master\stm32f1xx_hal_flash.o
                0x08005d90                HAL_FLASH_Lock
 .text.FLASH_WaitForLastOperation
                0x08005da4       0x68 ..\build\application-master\stm32f1xx_hal_flash.o
                0x08005da4                FLASH_WaitForLastOperation
 .text.HAL_FLASH_Program
                0x08005e0c       0xa0 ..\build\application-master\stm32f1xx_hal_flash.o
                0x08005e0c                HAL_FLASH_Program
 .text.FLASH_MassErase
                0x08005eac       0x24 ..\build\application-master\stm32f1xx_hal_flash_ex.o
 .text.FLASH_PageErase
                0x08005ed0       0x24 ..\build\application-master\stm32f1xx_hal_flash_ex.o
                0x08005ed0                FLASH_PageErase
 .text.HAL_FLASHEx_Erase
                0x08005ef4       0xa4 ..\build\application-master\stm32f1xx_hal_flash_ex.o
                0x08005ef4                HAL_FLASHEx_Erase
 .text.UART_SetConfig
                0x08005f98       0x94 ..\build\application-master\stm32f1xx_hal_uart.o
 .text.UART_WaitOnFlagUntilTimeout
                0x0800602c       0x68 ..\build\application-master\stm32f1xx_hal_uart.o
 .text.HAL_UART_Init
                0x08006094       0x5e ..\build\application-master\stm32f1xx_hal_uart.o
                0x08006094                HAL_UART_Init
 .text.HAL_UART_DeInit
                0x080060f2       0x32 ..\build\application-master\stm32f1xx_hal_uart.o
                0x080060f2                HAL_UART_DeInit
 .text.HAL_UART_Transmit
                0x08006124       0xd6 ..\build\application-master\stm32f1xx_hal_uart.o
                0x08006124                HAL_UART_Transmit
 *fill*         0x080061fa        0x2 
 .text.Reset_Handler
                0x080061fc       0x48 ..\build\application-master\startup_stm32f103xb.o
                0x080061fc                Reset_Handler
 .text.Default_Handler
                0x08006244        0x2 ..\build\application-master\startup_stm32f103xb.o
                0x08006244                RTC_Alarm_IRQHandler
                0x08006244                EXTI2_IRQHandler
                0x08006244                TIM1_CC_IRQHandler
                0x08006244                PVD_IRQHandler
                0x08006244                EXTI3_IRQHandler
                0x08006244                EXTI0_IRQHandler
                0x08006244                I2C2_EV_IRQHandler
                0x08006244                ADC1_2_IRQHandler
                0x08006244                SPI1_IRQHandler
                0x08006244                TAMPER_IRQHandler
                0x08006244                DMA1_Channel4_IRQHandler
                0x08006244                USART3_IRQHandler
                0x08006244                RTC_IRQHandler
                0x08006244                DMA1_Channel7_IRQHandler
                0x08006244                CAN1_RX1_IRQHandler
                0x08006244                TIM4_IRQHandler
                0x08006244                I2C1_EV_IRQHandler
                0x08006244                DMA1_Channel6_IRQHandler
                0x08006244                TIM3_IRQHandler
                0x08006244                RCC_IRQHandler
                0x08006244                TIM1_TRG_COM_IRQHandler
                0x08006244                DMA1_Channel1_IRQHandler
                0x08006244                Default_Handler
                0x08006244                EXTI15_10_IRQHandler
                0x08006244                EXTI9_5_IRQHandler
                0x08006244                SPI2_IRQHandler
                0x08006244                DMA1_Channel5_IRQHandler
                0x08006244                EXTI4_IRQHandler
                0x08006244                USB_LP_CAN1_RX0_IRQHandler
                0x08006244                USB_HP_CAN1_TX_IRQHandler
                0x08006244                DMA1_Channel3_IRQHandler
                0x08006244                TIM1_UP_IRQHandler
                0x08006244                WWDG_IRQHandler
                0x08006244                TIM2_IRQHandler
                0x08006244                TIM1_BRK_IRQHandler
                0x08006244                EXTI1_IRQHandler
                0x08006244                USART2_IRQHandler
                0x08006244                I2C2_ER_IRQHandler
                0x08006244                DMA1_Channel2_IRQHandler
                0x08006244                CAN1_SCE_IRQHandler
                0x08006244                FLASH_IRQHandler
                0x08006244                USART1_IRQHandler
                0x08006244                I2C1_ER_IRQHandler
                0x08006244                USBWakeUp_IRQHandler
 *fill*         0x08006246        0x2 
 .text.memset   0x08006248       0x9c C:/Program Files (x86)/Arm GNU Toolchain arm-none-eabi/14.2 rel1/bin/../lib/gcc/arm-none-eabi/14.2.1/thumb/v7-m/nofp\libc.a(libc_a-memset.o)
                0x08006248                memset
 .text.__libc_init_array
                0x080062e4       0x50 C:/Program Files (x86)/Arm GNU Toolchain arm-none-eabi/14.2 rel1/bin/../lib/gcc/arm-none-eabi/14.2.1/thumb/v7-m/nofp\libc.a(libc_a-init.o)
                0x080062e4                __libc_init_array
 .text.__retarget_lock_acquire_recursive
                0x08006334        0x4 C:/Program Files (x86)/Arm GNU Toolchain arm-none-eabi/14.2 rel1/bin/../lib/gcc/arm-none-eabi/14.2.1/thumb/v7-m/nofp\libc.a(libc_a-lock.o)
                0x08006334                __retarget_lock_acquire_recursive
 .text.__retarget_lock_release_recursive
                0x08006338        0x4 C:/Program Files (x86)/Arm GNU Toolchain arm-none-eabi/14.2 rel1/bin/../lib/gcc/arm-none-eabi/14.2.1/thumb/v7-m/nofp\libc.a(libc_a-lock.o)
                0x08006338                __retarget_lock_release_recursive
 .text.strlen   0x0800633c       0x5c C:/Program Files (x86)/Arm GNU Toolchain arm-none-eabi/14.2 rel1/bin/../lib/gcc/arm-none-eabi/14.2.1/thumb/v7-m/nofp\libc.a(libc_a-strlen-stub.o)
                0x0800633c                strlen
 .text.startup.register_fini
                0x08006398       0x14 C:/Program Files (x86)/Arm GNU Toolchain arm-none-eabi/14.2 rel1/bin/../lib/gcc/arm-none-eabi/14.2.1/thumb/v7-m/nofp\libc.a(libc_a-__call_atexit.o)
 .text.atexit   0x080063ac        0xc C:/Program Files (x86)/Arm GNU Toolchain arm-none-eabi/14.2 rel1/bin/../lib/gcc/arm-none-eabi/14.2.1/thumb/v7-m/nofp\libc.a(libc_a-atexit.o)
                0x080063ac                atexit
 .text.__libc_fini_array
                0x080063b8       0x28 C:/Program Files (x86)/Arm GNU Toolchain arm-none-eabi/14.2 rel1/bin/../lib/gcc/arm-none-eabi/14.2.1/thumb/v7-m/nofp\libc.a(libc_a-fini.o)
                0x080063b8                __libc_fini_array
 .text.__register_exitproc
                0x080063e0       0x80 C:/Program Files (x86)/Arm GNU Toolchain arm-none-eabi/14.2 rel1/bin/../lib/gcc/arm-none-eabi/14.2.1/thumb/v7-m/nofp\libc.a(libc_a-__atexit.o)
                0x080063e0                __register_exitproc
 *(.glue_7)
 .glue_7        0x08006460        0x0 linker stubs
 *(.glue_7t)
 .glue_7t       0x08006460        0x0 linker stubs
 *(.eh_frame)
 .eh_frame      0x08006460        0x0 C:/Program Files (x86)/Arm GNU Toolchain arm-none-eabi/14.2 rel1/bin/../lib/gcc/arm-none-eabi/14.2.1/thumb/v7-m/nofp/crtbegin.o
 *(.init)
 .init          0x08006460        0x4 C:/Program Files (x86)/Arm GNU Toolchain arm-none-eabi/14.2 rel1/bin/../lib/gcc/arm-none-eabi/14.2.1/thumb/v7-m/nofp/crti.o
                0x08006460                _init
 .init          0x08006464        0x8 C:/Program Files (x86)/Arm GNU Toolchain arm-none-eabi/14.2 rel1/bin/../lib/gcc/arm-none-eabi/14.2.1/thumb/v7-m/nofp/crtn.o
 *(.fini)
 .fini          0x0800646c        0x4 C:/Program Files (x86)/Arm GNU Toolchain arm-none-eabi/14.2 rel1/bin/../lib/gcc/arm-none-eabi/14.2.1/thumb/v7-m/nofp/crti.o
                0x0800646c                _fini
 .fini          0x08006470        0x8 C:/Program Files (x86)/Arm GNU Toolchain arm-none-eabi/14.2 rel1/bin/../lib/gcc/arm-none-eabi/14.2.1/thumb/v7-m/nofp/crtn.o
                0x08006478                        . = ALIGN (0x4)
                0x08006478                        _etext = .

.vfp11_veneer   0x08006478        0x0
 .vfp11_veneer  0x08006478        0x0 linker stubs

.v4_bx          0x08006478        0x0
 .v4_bx         0x08006478        0x0 linker stubs

.iplt           0x08006478        0x0
 .iplt          0x08006478        0x0 C:/Program Files (x86)/Arm GNU Toolchain arm-none-eabi/14.2 rel1/bin/../lib/gcc/arm-none-eabi/14.2.1/thumb/v7-m/nofp/crtbegin.o

.rodata         0x08006478       0xd0
                0x08006478                        . = ALIGN (0x4)
 *(.rodata)
 *(.rodata*)
 .rodata.App_UpdateRadioOkDetector.str1.4
                0x08006478       0xa1 ..\build\application-master\app.o
                                  0x3 (size before relaxing)
 .rodata.App_QueryRadioConfig.str1.4
                0x08006519        0x4 ..\build\application-master\app.o
 .rodata.App_SendStartupBanner.str1.4
                0x08006519       0x4e ..\build\application-master\app.o
 .rodata.App_StartManualRadioConfig.str1.4
                0x08006519       0x34 ..\build\application-master\app.o
 .rodata.App_PumpUart2WithConfigTrigger.str1.4
                0x08006519        0x4 ..\build\application-master\app.o
 *fill*         0x08006519        0x3 
 .rodata.hex.0  0x0800651c       0x11 ..\build\application-master\app.o
 *fill*         0x0800652d        0x3 
 .rodata.APBPrescTable
                0x08006530        0x8 ..\build\application-master\system_stm32f1xx.o
                0x08006530                APBPrescTable
 .rodata.AHBPrescTable
                0x08006538       0x10 ..\build\application-master\system_stm32f1xx.o
                0x08006538                AHBPrescTable
 .rodata.HAL_RCC_GetSysClockFreq.str1.4
                0x08006548       0x11 ..\build\application-master\stm32f1xx_hal_rcc.o
                0x0800655c                        . = ALIGN (0x4)

.rel.dyn        0x08006548        0x0
 .rel.iplt      0x08006548        0x0 C:/Program Files (x86)/Arm GNU Toolchain arm-none-eabi/14.2 rel1/bin/../lib/gcc/arm-none-eabi/14.2.1/thumb/v7-m/nofp/crtbegin.o

.ARM.extab
 *(.ARM.extab* .gnu.linkonce.armextab.*)

.ARM            0x08006548        0x0
                0x08006548                        __exidx_start = .
 *(.ARM.exidx*)
                0x08006548                        __exidx_end = .

.preinit_array  0x08006548        0x0
                0x08006548                        PROVIDE (__preinit_array_start = .)
 *(.preinit_array*)
                0x08006548                        PROVIDE (__preinit_array_end = .)

.init_array     0x08006548        0x8
                0x08006548                        PROVIDE (__init_array_start = .)
 *(SORT_BY_NAME(.init_array.*))
 .init_array.00000
                0x08006548        0x4 C:/Program Files (x86)/Arm GNU Toolchain arm-none-eabi/14.2 rel1/bin/../lib/gcc/arm-none-eabi/14.2.1/thumb/v7-m/nofp\libc.a(libc_a-__call_atexit.o)
 *(.init_array*)
 .init_array    0x0800654c        0x4 C:/Program Files (x86)/Arm GNU Toolchain arm-none-eabi/14.2 rel1/bin/../lib/gcc/arm-none-eabi/14.2.1/thumb/v7-m/nofp/crtbegin.o
                0x08006550                        PROVIDE (__init_array_end = .)

.fini_array     0x08006550        0x4
                0x08006550                        PROVIDE (__fini_array_start = .)
 *(SORT_BY_NAME(.fini_array.*))
 *(.fini_array*)
 .fini_array    0x08006550        0x4 C:/Program Files (x86)/Arm GNU Toolchain arm-none-eabi/14.2 rel1/bin/../lib/gcc/arm-none-eabi/14.2.1/thumb/v7-m/nofp/crtbegin.o
                0x08006554                        PROVIDE (__fini_array_end = .)
                0x08006554                        _sidata = LOADADDR (.data)

.data           0x20000000       0x10 load address 0x08006554
                0x20000000                        . = ALIGN (0x4)
                0x20000000                        _sdata = .
 *(.data)
 *(.data*)
 .data.SystemCoreClock
                0x20000000        0x4 ..\build\application-master\system_stm32f1xx.o
                0x20000000                SystemCoreClock
 .data.uwTickFreq
                0x20000004        0x1 ..\build\application-master\stm32f1xx_hal.o
                0x20000004                uwTickFreq
 *fill*         0x20000005        0x3 
 .data.uwTickPrio
                0x20000008        0x4 ..\build\application-master\stm32f1xx_hal.o
                0x20000008                uwTickPrio
 .data.__atexit_recursive_mutex
                0x2000000c        0x4 C:/Program Files (x86)/Arm GNU Toolchain arm-none-eabi/14.2 rel1/bin/../lib/gcc/arm-none-eabi/14.2.1/thumb/v7-m/nofp\libc.a(libc_a-__call_atexit.o)
                0x2000000c                __atexit_recursive_mutex
                0x20000010                        . = ALIGN (0x4)
                0x20000010                        _edata = .

.tm_clone_table
                0x20000010        0x0 load address 0x08006564
 .tm_clone_table
                0x20000010        0x0 C:/Program Files (x86)/Arm GNU Toolchain arm-none-eabi/14.2 rel1/bin/../lib/gcc/arm-none-eabi/14.2.1/thumb/v7-m/nofp/crtbegin.o
 .tm_clone_table
                0x20000010        0x0 C:/Program Files (x86)/Arm GNU Toolchain arm-none-eabi/14.2 rel1/bin/../lib/gcc/arm-none-eabi/14.2.1/thumb/v7-m/nofp/crtend.o

.igot.plt       0x20000010        0x0 load address 0x08006564
 .igot.plt      0x20000010        0x0 C:/Program Files (x86)/Arm GNU Toolchain arm-none-eabi/14.2 rel1/bin/../lib/gcc/arm-none-eabi/14.2.1/thumb/v7-m/nofp/crtbegin.o
                0x20000010                        . = ALIGN (0x4)

.bss            0x20000010      0x918 load address 0x08006564
                0x20000010                        _sbss = .
                0x20000010                        __bss_start__ = _sbss
 *(.bss)
 *(.bss*)
 .bss.completed.1
                0x20000010        0x1 C:/Program Files (x86)/Arm GNU Toolchain arm-none-eabi/14.2 rel1/bin/../lib/gcc/arm-none-eabi/14.2.1/thumb/v7-m/nofp/crtbegin.o
 *fill*         0x20000011        0x3 
 .bss.object.0  0x20000014       0x18 C:/Program Files (x86)/Arm GNU Toolchain arm-none-eabi/14.2 rel1/bin/../lib/gcc/arm-none-eabi/14.2.1/thumb/v7-m/nofp/crtbegin.o
 .bss.huart3    0x2000002c       0x44 ..\build\application-master\main.o
                0x2000002c                huart3
 .bss.huart2    0x20000070       0x44 ..\build\application-master\main.o
                0x20000070                huart2
 .bss.huart1    0x200000b4       0x44 ..\build\application-master\main.o
                0x200000b4                huart1
 .bss.g_app_diag_radio_config_first_boot_count
                0x200000f8        0x4 ..\build\application-master\app.o
                0x200000f8                g_app_diag_radio_config_first_boot_count
 .bss.g_app_diag_radio_config_entry_count
                0x200000fc        0x4 ..\build\application-master\app.o
                0x200000fc                g_app_diag_radio_config_entry_count
 .bss.g_app_diag_uart3_tx_count
                0x20000100        0x4 ..\build\application-master\app.o
                0x20000100                g_app_diag_uart3_tx_count
 .bss.g_app_diag_uart3_rx_count
                0x20000104        0x4 ..\build\application-master\app.o
                0x20000104                g_app_diag_uart3_rx_count
 .bss.g_app_diag_uart2_tx_count
                0x20000108        0x4 ..\build\application-master\app.o
                0x20000108                g_app_diag_uart2_tx_count
 .bss.g_app_diag_uart2_rx_count
                0x2000010c        0x4 ..\build\application-master\app.o
                0x2000010c                g_app_diag_uart2_rx_count
 .bss.g_app_diag_uart1_tx_count
                0x20000110        0x4 ..\build\application-master\app.o
                0x20000110                g_app_diag_uart1_tx_count
 .bss.g_app_diag_uart1_rx_count
                0x20000114        0x4 ..\build\application-master\app.o
                0x20000114                g_app_diag_uart1_rx_count
 .bss.g_app     0x20000118      0x650 ..\build\application-master\app.o
 .bss.uwTick    0x20000768        0x4 ..\build\application-master\stm32f1xx_hal.o
                0x20000768                uwTick
 *fill*         0x2000076c        0x4 
 .bss.pFlash    0x20000770       0x20 ..\build\application-master\stm32f1xx_hal_flash.o
                0x20000770                pFlash
 .bss.__lock___atexit_recursive_mutex
                0x20000790        0x1 C:/Program Files (x86)/Arm GNU Toolchain arm-none-eabi/14.2 rel1/bin/../lib/gcc/arm-none-eabi/14.2.1/thumb/v7-m/nofp\libc.a(libc_a-lock.o)
                0x20000790                __lock___atexit_recursive_mutex
 *fill*         0x20000791        0x3 
 .bss.__atexit  0x20000794        0x4 C:/Program Files (x86)/Arm GNU Toolchain arm-none-eabi/14.2 rel1/bin/../lib/gcc/arm-none-eabi/14.2.1/thumb/v7-m/nofp\libc.a(libc_a-__call_atexit.o)
                0x20000794                __atexit
 .bss.__atexit0
                0x20000798      0x190 C:/Program Files (x86)/Arm GNU Toolchain arm-none-eabi/14.2 rel1/bin/../lib/gcc/arm-none-eabi/14.2.1/thumb/v7-m/nofp\libc.a(libc_a-__atexit.o)
                0x20000798                __atexit0
 *(COMMON)
                0x20000928                        . = ALIGN (0x4)
                0x20000928                        _ebss = .
                0x20000928                        __bss_end__ = _ebss

._user_heap_stack
                0x20000928      0x600 load address 0x08006564
                0x20000928                        . = ALIGN (0x8)
                0x20000928                        PROVIDE (end = .)
                [!provide]                        PROVIDE (_end = .)
                0x20000b28                        . = (. + _Min_Heap_Size)
 *fill*         0x20000928      0x200 
                0x20000f28                        . = (. + _Min_Stack_Size)
 *fill*         0x20000b28      0x400 
                0x20000f28                        . = ALIGN (0x8)

/DISCARD/
 libc.a(*)
 libm.a(*)
 libgcc.a(*)

.ARM.attributes
                0x00000000       0x29
 *(.ARM.attributes)
 .ARM.attributes
                0x00000000       0x1d C:/Program Files (x86)/Arm GNU Toolchain arm-none-eabi/14.2 rel1/bin/../lib/gcc/arm-none-eabi/14.2.1/thumb/v7-m/nofp/crti.o
 .ARM.attributes
                0x0000001d       0x2d C:/Program Files (x86)/Arm GNU Toolchain arm-none-eabi/14.2 rel1/bin/../lib/gcc/arm-none-eabi/14.2.1/thumb/v7-m/nofp/crtbegin.o
 .ARM.attributes
                0x0000004a       0x2d ..\build\application-master\main.o
 .ARM.attributes
                0x00000077       0x2d ..\build\application-master\app.o
 .ARM.attributes
                0x000000a4       0x2d ..\build\application-master\app_framework_led.o
 .ARM.attributes
                0x000000d1       0x2d ..\build\application-master\app_framework_clock.o
 .ARM.attributes
                0x000000fe       0x2d ..\build\application-master\stm32f1xx_it.o
 .ARM.attributes
                0x0000012b       0x2d ..\build\application-master\stm32f1xx_hal_msp.o
 .ARM.attributes
                0x00000158       0x2d ..\build\application-master\system_stm32f1xx.o
 .ARM.attributes
                0x00000185       0x2d ..\build\application-master\stm32f1xx_hal.o
 .ARM.attributes
                0x000001b2       0x2d ..\build\application-master\stm32f1xx_hal_rcc.o
 .ARM.attributes
                0x000001df       0x2d ..\build\application-master\stm32f1xx_hal_rcc_ex.o
 .ARM.attributes
                0x0000020c       0x2d ..\build\application-master\stm32f1xx_hal_gpio.o
 .ARM.attributes
                0x00000239       0x2d ..\build\application-master\stm32f1xx_hal_cortex.o
 .ARM.attributes
                0x00000266       0x2d ..\build\application-master\stm32f1xx_hal_flash.o
 .ARM.attributes
                0x00000293       0x2d ..\build\application-master\stm32f1xx_hal_flash_ex.o
 .ARM.attributes
                0x000002c0       0x2d ..\build\application-master\stm32f1xx_hal_uart.o
 .ARM.attributes
                0x000002ed       0x21 ..\build\application-master\startup_stm32f103xb.o
 .ARM.attributes
                0x0000030e       0x2d C:/Program Files (x86)/Arm GNU Toolchain arm-none-eabi/14.2 rel1/bin/../lib/gcc/arm-none-eabi/14.2.1/thumb/v7-m/nofp\libc.a(libc_a-memset.o)
 .ARM.attributes
                0x0000033b       0x2d C:/Program Files (x86)/Arm GNU Toolchain arm-none-eabi/14.2 rel1/bin/../lib/gcc/arm-none-eabi/14.2.1/thumb/v7-m/nofp\libc.a(libc_a-init.o)
 .ARM.attributes
                0x00000368       0x2d C:/Program Files (x86)/Arm GNU Toolchain arm-none-eabi/14.2 rel1/bin/../lib/gcc/arm-none-eabi/14.2.1/thumb/v7-m/nofp\libc.a(libc_a-lock.o)
 .ARM.attributes
                0x00000395       0x2d C:/Program Files (x86)/Arm GNU Toolchain arm-none-eabi/14.2 rel1/bin/../lib/gcc/arm-none-eabi/14.2.1/thumb/v7-m/nofp\libc.a(libc_a-strlen-stub.o)
 .ARM.attributes
                0x000003c2       0x2d C:/Program Files (x86)/Arm GNU Toolchain arm-none-eabi/14.2 rel1/bin/../lib/gcc/arm-none-eabi/14.2.1/thumb/v7-m/nofp\libc.a(libc_a-__call_atexit.o)
 .ARM.attributes
                0x000003ef       0x2d C:/Program Files (x86)/Arm GNU Toolchain arm-none-eabi/14.2 rel1/bin/../lib/gcc/arm-none-eabi/14.2.1/thumb/v7-m/nofp\libc.a(libc_a-atexit.o)
 .ARM.attributes
                0x0000041c       0x2d C:/Program Files (x86)/Arm GNU Toolchain arm-none-eabi/14.2 rel1/bin/../lib/gcc/arm-none-eabi/14.2.1/thumb/v7-m/nofp\libc.a(libc_a-fini.o)
 .ARM.attributes
                0x00000449       0x2d C:/Program Files (x86)/Arm GNU Toolchain arm-none-eabi/14.2 rel1/bin/../lib/gcc/arm-none-eabi/14.2.1/thumb/v7-m/nofp\libc.a(libc_a-__atexit.o)
 .ARM.attributes
                0x00000476       0x2d C:/Program Files (x86)/Arm GNU Toolchain arm-none-eabi/14.2 rel1/bin/../lib/gcc/arm-none-eabi/14.2.1/thumb/v7-m/nofp/crtend.o
 .ARM.attributes
                0x000004a3       0x1d C:/Program Files (x86)/Arm GNU Toolchain arm-none-eabi/14.2 rel1/bin/../lib/gcc/arm-none-eabi/14.2.1/thumb/v7-m/nofp/crtn.o

.radio_config_marker
                0x0801fc00        0x4
                0x0801fc00                        . = ALIGN (0x4)
                0x0801fc00        0x4 LONG 0xffffffff
                0x0801fc04                        . = ALIGN (0x4)
OUTPUT(..\build\application-master\application.elf elf32-littlearm)
LOAD linker stubs
LOAD C:/Program Files (x86)/Arm GNU Toolchain arm-none-eabi/14.2 rel1/bin/../lib/gcc/arm-none-eabi/14.2.1/thumb/v7-m/nofp\libc.a
LOAD C:/Program Files (x86)/Arm GNU Toolchain arm-none-eabi/14.2 rel1/bin/../lib/gcc/arm-none-eabi/14.2.1/thumb/v7-m/nofp\libm.a
LOAD C:/Program Files (x86)/Arm GNU Toolchain arm-none-eabi/14.2 rel1/bin/../lib/gcc/arm-none-eabi/14.2.1/thumb/v7-m/nofp\libgcc.a

.debug_info     0x00000000     0x9f46
 .debug_info    0x00000000      0xd4e ..\build\application-master\main.o
 .debug_info    0x00000d4e     0x1c34 ..\build\application-master\app.o
 .debug_info    0x00002982      0x3a4 ..\build\application-master\app_framework_led.o
 .debug_info    0x00002d26      0x36d ..\build\application-master\app_framework_clock.o
 .debug_info    0x00003093      0x158 ..\build\application-master\stm32f1xx_it.o
 .debug_info    0x000031eb      0xa66 ..\build\application-master\stm32f1xx_hal_msp.o
 .debug_info    0x00003c51      0x454 ..\build\application-master\system_stm32f1xx.o
 .debug_info    0x000040a5      0x880 ..\build\application-master\stm32f1xx_hal.o
 .debug_info    0x00004925      0xb07 ..\build\application-master\stm32f1xx_hal_rcc.o
 .debug_info    0x0000542c      0x46d ..\build\application-master\stm32f1xx_hal_rcc_ex.o
 .debug_info    0x00005899      0x6d7 ..\build\application-master\stm32f1xx_hal_gpio.o
 .debug_info    0x00005f70      0xe3f ..\build\application-master\stm32f1xx_hal_cortex.o
 .debug_info    0x00006daf      0x6fd ..\build\application-master\stm32f1xx_hal_flash.o
 .debug_info    0x000074ac      0xb94 ..\build\application-master\stm32f1xx_hal_flash_ex.o
 .debug_info    0x00008040     0x1ed6 ..\build\application-master\stm32f1xx_hal_uart.o
 .debug_info    0x00009f16       0x30 ..\build\application-master\startup_stm32f103xb.o

.debug_abbrev   0x00000000     0x2186
 .debug_abbrev  0x00000000      0x2ab ..\build\application-master\main.o
 .debug_abbrev  0x000002ab      0x3c5 ..\build\application-master\app.o
 .debug_abbrev  0x00000670      0x1a3 ..\build\application-master\app_framework_led.o
 .debug_abbrev  0x00000813      0x143 ..\build\application-master\app_framework_clock.o
 .debug_abbrev  0x00000956       0x80 ..\build\application-master\stm32f1xx_it.o
 .debug_abbrev  0x000009d6      0x1ce ..\build\application-master\stm32f1xx_hal_msp.o
 .debug_abbrev  0x00000ba4      0x140 ..\build\application-master\system_stm32f1xx.o
 .debug_abbrev  0x00000ce4      0x232 ..\build\application-master\stm32f1xx_hal.o
 .debug_abbrev  0x00000f16      0x2b8 ..\build\application-master\stm32f1xx_hal_rcc.o
 .debug_abbrev  0x000011ce      0x1d4 ..\build\application-master\stm32f1xx_hal_rcc_ex.o
 .debug_abbrev  0x000013a2      0x222 ..\build\application-master\stm32f1xx_hal_gpio.o
 .debug_abbrev  0x000015c4      0x3aa ..\build\application-master\stm32f1xx_hal_cortex.o
 .debug_abbrev  0x0000196e      0x285 ..\build\application-master\stm32f1xx_hal_flash.o
 .debug_abbrev  0x00001bf3      0x297 ..\build\application-master\stm32f1xx_hal_flash_ex.o
 .debug_abbrev  0x00001e8a      0x2df ..\build\application-master\stm32f1xx_hal_uart.o
 .debug_abbrev  0x00002169       0x1d ..\build\application-master\startup_stm32f103xb.o

.debug_loc      0x00000000     0x69d6
 .debug_loc     0x00000000      0x10e ..\build\application-master\main.o
 .debug_loc     0x0000010e      0xe41 ..\build\application-master\app.o
 .debug_loc     0x00000f4f      0x340 ..\build\application-master\app_framework_led.o
 .debug_loc     0x0000128f       0x46 ..\build\application-master\app_framework_clock.o
 .debug_loc     0x000012d5       0x20 ..\build\application-master\stm32f1xx_it.o
 .debug_loc     0x000012f5      0x1cd ..\build\application-master\stm32f1xx_hal_msp.o
 .debug_loc     0x000014c2      0x11b ..\build\application-master\system_stm32f1xx.o
 .debug_loc     0x000015dd      0x1f9 ..\build\application-master\stm32f1xx_hal.o
 .debug_loc     0x000017d6      0x84d ..\build\application-master\stm32f1xx_hal_rcc.o
 .debug_loc     0x00002023      0x3f4 ..\build\application-master\stm32f1xx_hal_rcc_ex.o
 .debug_loc     0x00002417      0x55f ..\build\application-master\stm32f1xx_hal_gpio.o
 .debug_loc     0x00002976      0x8b4 ..\build\application-master\stm32f1xx_hal_cortex.o
 .debug_loc     0x0000322a      0x47b ..\build\application-master\stm32f1xx_hal_flash.o
 .debug_loc     0x000036a5      0x9d5 ..\build\application-master\stm32f1xx_hal_flash_ex.o
 .debug_loc     0x0000407a     0x295c ..\build\application-master\stm32f1xx_hal_uart.o

.debug_aranges  0x00000000      0x888
 .debug_aranges
                0x00000000       0x60 ..\build\application-master\main.o
 .debug_aranges
                0x00000060      0x118 ..\build\application-master\app.o
 .debug_aranges
                0x00000178       0x38 ..\build\application-master\app_framework_led.o
 .debug_aranges
                0x000001b0       0x20 ..\build\application-master\app_framework_clock.o
 .debug_aranges
                0x000001d0       0x60 ..\build\application-master\stm32f1xx_it.o
 .debug_aranges
                0x00000230       0x30 ..\build\application-master\stm32f1xx_hal_msp.o
 .debug_aranges
                0x00000260       0x28 ..\build\application-master\system_stm32f1xx.o
 .debug_aranges
                0x00000288       0xe0 ..\build\application-master\stm32f1xx_hal.o
 .debug_aranges
                0x00000368       0x90 ..\build\application-master\stm32f1xx_hal_rcc.o
 .debug_aranges
                0x000003f8       0x30 ..\build\application-master\stm32f1xx_hal_rcc_ex.o
 .debug_aranges
                0x00000428       0x58 ..\build\application-master\stm32f1xx_hal_gpio.o
 .debug_aranges
                0x00000480       0xc0 ..\build\application-master\stm32f1xx_hal_cortex.o
 .debug_aranges
                0x00000540       0x88 ..\build\application-master\stm32f1xx_hal_flash.o
 .debug_aranges
                0x000005c8       0x98 ..\build\application-master\stm32f1xx_hal_flash_ex.o
 .debug_aranges
                0x00000660      0x200 ..\build\application-master\stm32f1xx_hal_uart.o
 .debug_aranges
                0x00000860       0x28 ..\build\application-master\startup_stm32f103xb.o

.debug_ranges   0x00000000      0x7c8
 .debug_ranges  0x00000000       0x50 ..\build\application-master\main.o
 .debug_ranges  0x00000050      0x108 ..\build\application-master\app.o
 .debug_ranges  0x00000158       0x28 ..\build\application-master\app_framework_led.o
 .debug_ranges  0x00000180       0x10 ..\build\application-master\app_framework_clock.o
 .debug_ranges  0x00000190       0x50 ..\build\application-master\stm32f1xx_it.o
 .debug_ranges  0x000001e0       0x20 ..\build\application-master\stm32f1xx_hal_msp.o
 .debug_ranges  0x00000200       0x18 ..\build\application-master\system_stm32f1xx.o
 .debug_ranges  0x00000218       0xd0 ..\build\application-master\stm32f1xx_hal.o
 .debug_ranges  0x000002e8       0xa0 ..\build\application-master\stm32f1xx_hal_rcc.o
 .debug_ranges  0x00000388       0x38 ..\build\application-master\stm32f1xx_hal_rcc_ex.o
 .debug_ranges  0x000003c0       0x48 ..\build\application-master\stm32f1xx_hal_gpio.o
 .debug_ranges  0x00000408       0xb0 ..\build\application-master\stm32f1xx_hal_cortex.o
 .debug_ranges  0x000004b8       0x78 ..\build\application-master\stm32f1xx_hal_flash.o
 .debug_ranges  0x00000530       0x88 ..\build\application-master\stm32f1xx_hal_flash_ex.o
 .debug_ranges  0x000005b8      0x1f0 ..\build\application-master\stm32f1xx_hal_uart.o
 .debug_ranges  0x000007a8       0x20 ..\build\application-master\startup_stm32f103xb.o

.debug_line     0x00000000     0x71bf
 .debug_line    0x00000000      0x5bc ..\build\application-master\main.o
 .debug_line    0x000005bc      0xe51 ..\build\application-master\app.o
 .debug_line    0x0000140d      0x29d ..\build\application-master\app_framework_led.o
 .debug_line    0x000016aa      0x23b ..\build\application-master\app_framework_clock.o
 .debug_line    0x000018e5      0x12b ..\build\application-master\stm32f1xx_it.o
 .debug_line    0x00001a10      0x351 ..\build\application-master\stm32f1xx_hal_msp.o
 .debug_line    0x00001d61      0x276 ..\build\application-master\system_stm32f1xx.o
 .debug_line    0x00001fd7      0x53a ..\build\application-master\stm32f1xx_hal.o
 .debug_line    0x00002511      0xcd7 ..\build\application-master\stm32f1xx_hal_rcc.o
 .debug_line    0x000031e8      0x4ba ..\build\application-master\stm32f1xx_hal_rcc_ex.o
 .debug_line    0x000036a2      0x5d2 ..\build\application-master\stm32f1xx_hal_gpio.o
 .debug_line    0x00003c74      0x6b0 ..\build\application-master\stm32f1xx_hal_cortex.o
 .debug_line    0x00004324      0x71d ..\build\application-master\stm32f1xx_hal_flash.o
 .debug_line    0x00004a41      0x8ff ..\build\application-master\stm32f1xx_hal_flash_ex.o
 .debug_line    0x00005340     0x1e0d ..\build\application-master\stm32f1xx_hal_uart.o
 .debug_line    0x0000714d       0x72 ..\build\application-master\startup_stm32f103xb.o

.debug_str      0x00000000     0x2a79
 .debug_str     0x00000000     0x2a79 ..\build\application-master\main.o
                                0x813 (size before relaxing)
 .debug_str     0x00002a79      0xdc0 ..\build\application-master\app.o
 .debug_str     0x00002a79      0x28c ..\build\application-master\app_framework_led.o
 .debug_str     0x00002a79      0x3b1 ..\build\application-master\app_framework_clock.o
 .debug_str     0x00002a79      0x1f4 ..\build\application-master\stm32f1xx_it.o
 .debug_str     0x00002a79      0x64e ..\build\application-master\stm32f1xx_hal_msp.o
 .debug_str     0x00002a79      0x284 ..\build\application-master\system_stm32f1xx.o
 .debug_str     0x00002a79      0x803 ..\build\application-master\stm32f1xx_hal.o
 .debug_str     0x00002a79      0x600 ..\build\application-master\stm32f1xx_hal_rcc.o
 .debug_str     0x00002a79      0x3a8 ..\build\application-master\stm32f1xx_hal_rcc_ex.o
 .debug_str     0x00002a79      0x3d5 ..\build\application-master\stm32f1xx_hal_gpio.o
 .debug_str     0x00002a79      0x8a8 ..\build\application-master\stm32f1xx_hal_cortex.o
 .debug_str     0x00002a79      0x504 ..\build\application-master\stm32f1xx_hal_flash.o
 .debug_str     0x00002a79      0x61a ..\build\application-master\stm32f1xx_hal_flash_ex.o
 .debug_str     0x00002a79      0xc63 ..\build\application-master\stm32f1xx_hal_uart.o
 .debug_str     0x00002a79       0x5d ..\build\application-master\startup_stm32f103xb.o

.comment        0x00000000       0x45
 .comment       0x00000000       0x45 ..\build\application-master\main.o
                                 0x46 (size before relaxing)
 .comment       0x00000045       0x46 ..\build\application-master\app.o
 .comment       0x00000045       0x46 ..\build\application-master\app_framework_led.o
 .comment       0x00000045       0x46 ..\build\application-master\app_framework_clock.o
 .comment       0x00000045       0x46 ..\build\application-master\stm32f1xx_it.o
 .comment       0x00000045       0x46 ..\build\application-master\stm32f1xx_hal_msp.o
 .comment       0x00000045       0x46 ..\build\application-master\system_stm32f1xx.o
 .comment       0x00000045       0x46 ..\build\application-master\stm32f1xx_hal.o
 .comment       0x00000045       0x46 ..\build\application-master\stm32f1xx_hal_rcc.o
 .comment       0x00000045       0x46 ..\build\application-master\stm32f1xx_hal_rcc_ex.o
 .comment       0x00000045       0x46 ..\build\application-master\stm32f1xx_hal_gpio.o
 .comment       0x00000045       0x46 ..\build\application-master\stm32f1xx_hal_cortex.o
 .comment       0x00000045       0x46 ..\build\application-master\stm32f1xx_hal_flash.o
 .comment       0x00000045       0x46 ..\build\application-master\stm32f1xx_hal_flash_ex.o
 .comment       0x00000045       0x46 ..\build\application-master\stm32f1xx_hal_uart.o

.debug_frame    0x00000000     0x175c
 .debug_frame   0x00000000       0xe4 ..\build\application-master\main.o
 .debug_frame   0x000000e4      0x3c4 ..\build\application-master\app.o
 .debug_frame   0x000004a8       0x70 ..\build\application-master\app_framework_led.o
 .debug_frame   0x00000518       0x30 ..\build\application-master\app_framework_clock.o
 .debug_frame   0x00000548       0xa8 ..\build\application-master\stm32f1xx_it.o
 .debug_frame   0x000005f0       0x64 ..\build\application-master\stm32f1xx_hal_msp.o
 .debug_frame   0x00000654       0x30 ..\build\application-master\system_stm32f1xx.o
 .debug_frame   0x00000684      0x1cc ..\build\application-master\stm32f1xx_hal.o
 .debug_frame   0x00000850      0x190 ..\build\application-master\stm32f1xx_hal_rcc.o
 .debug_frame   0x000009e0       0x68 ..\build\application-master\stm32f1xx_hal_rcc_ex.o
 .debug_frame   0x00000a48       0xe4 ..\build\application-master\stm32f1xx_hal_gpio.o
 .debug_frame   0x00000b2c      0x19c ..\build\application-master\stm32f1xx_hal_cortex.o
 .debug_frame   0x00000cc8      0x134 ..\build\application-master\stm32f1xx_hal_flash.o
 .debug_frame   0x00000dfc      0x194 ..\build\application-master\stm32f1xx_hal_flash_ex.o
 .debug_frame   0x00000f90      0x5c0 ..\build\application-master\stm32f1xx_hal_uart.o
 .debug_frame   0x00001550       0x2c C:/Program Files (x86)/Arm GNU Toolchain arm-none-eabi/14.2 rel1/bin/../lib/gcc/arm-none-eabi/14.2.1/thumb/v7-m/nofp\libc.a(libc_a-memset.o)
 .debug_frame   0x0000157c       0x2c C:/Program Files (x86)/Arm GNU Toolchain arm-none-eabi/14.2 rel1/bin/../lib/gcc/arm-none-eabi/14.2.1/thumb/v7-m/nofp\libc.a(libc_a-init.o)
 .debug_frame   0x000015a8       0xb0 C:/Program Files (x86)/Arm GNU Toolchain arm-none-eabi/14.2 rel1/bin/../lib/gcc/arm-none-eabi/14.2.1/thumb/v7-m/nofp\libc.a(libc_a-lock.o)
 .debug_frame   0x00001658       0x20 C:/Program Files (x86)/Arm GNU Toolchain arm-none-eabi/14.2 rel1/bin/../lib/gcc/arm-none-eabi/14.2.1/thumb/v7-m/nofp\libc.a(libc_a-strlen-stub.o)
 .debug_frame   0x00001678       0x5c C:/Program Files (x86)/Arm GNU Toolchain arm-none-eabi/14.2 rel1/bin/../lib/gcc/arm-none-eabi/14.2.1/thumb/v7-m/nofp\libc.a(libc_a-__call_atexit.o)
 .debug_frame   0x000016d4       0x20 C:/Program Files (x86)/Arm GNU Toolchain arm-none-eabi/14.2 rel1/bin/../lib/gcc/arm-none-eabi/14.2.1/thumb/v7-m/nofp\libc.a(libc_a-atexit.o)
 .debug_frame   0x000016f4       0x34 C:/Program Files (x86)/Arm GNU Toolchain arm-none-eabi/14.2 rel1/bin/../lib/gcc/arm-none-eabi/14.2.1/thumb/v7-m/nofp\libc.a(libc_a-fini.o)
 .debug_frame   0x00001728       0x34 C:/Program Files (x86)/Arm GNU Toolchain arm-none-eabi/14.2 rel1/bin/../lib/gcc/arm-none-eabi/14.2.1/thumb/v7-m/nofp\libc.a(libc_a-__atexit.o)

Cross Reference Table

Symbol                                            File
ADC1_2_IRQHandler                                 ..\build\application-master\startup_stm32f103xb.o
AHBPrescTable                                     ..\build\application-master\system_stm32f1xx.o
                                                  ..\build\application-master\stm32f1xx_hal_rcc.o
APBPrescTable                                     ..\build\application-master\system_stm32f1xx.o
                                                  ..\build\application-master\stm32f1xx_hal_rcc.o
AppFrameworkClock_ConfigHsePll6AdcDiv6            ..\build\application-master\app_framework_clock.o
                                                  ..\build\application-master\main.o
AppFrameworkLed_Init                              ..\build\application-master\app_framework_led.o
                                                  ..\build\application-master\app.o
AppFrameworkLed_Off                               ..\build\application-master\app_framework_led.o
AppFrameworkLed_On                                ..\build\application-master\app_framework_led.o
AppFrameworkLed_Update                            ..\build\application-master\app_framework_led.o
                                                  ..\build\application-master\app.o
App_Init                                          ..\build\application-master\app.o
                                                  ..\build\application-master\main.o
App_Run                                           ..\build\application-master\app.o
                                                  ..\build\application-master\main.o
BusFault_Handler                                  ..\build\application-master\stm32f1xx_it.o
CAN1_RX1_IRQHandler                               ..\build\application-master\startup_stm32f103xb.o
CAN1_SCE_IRQHandler                               ..\build\application-master\startup_stm32f103xb.o
DMA1_Channel1_IRQHandler                          ..\build\application-master\startup_stm32f103xb.o
DMA1_Channel2_IRQHandler                          ..\build\application-master\startup_stm32f103xb.o
DMA1_Channel3_IRQHandler                          ..\build\application-master\startup_stm32f103xb.o
DMA1_Channel4_IRQHandler                          ..\build\application-master\startup_stm32f103xb.o
DMA1_Channel5_IRQHandler                          ..\build\application-master\startup_stm32f103xb.o
DMA1_Channel6_IRQHandler                          ..\build\application-master\startup_stm32f103xb.o
DMA1_Channel7_IRQHandler                          ..\build\application-master\startup_stm32f103xb.o
DebugMon_Handler                                  ..\build\application-master\stm32f1xx_it.o
Default_Handler                                   ..\build\application-master\startup_stm32f103xb.o
EXTI0_IRQHandler                                  ..\build\application-master\startup_stm32f103xb.o
EXTI15_10_IRQHandler                              ..\build\application-master\startup_stm32f103xb.o
EXTI1_IRQHandler                                  ..\build\application-master\startup_stm32f103xb.o
EXTI2_IRQHandler                                  ..\build\application-master\startup_stm32f103xb.o
EXTI3_IRQHandler                                  ..\build\application-master\startup_stm32f103xb.o
EXTI4_IRQHandler                                  ..\build\application-master\startup_stm32f103xb.o
EXTI9_5_IRQHandler                                ..\build\application-master\startup_stm32f103xb.o
Error_Handler                                     ..\build\application-master\main.o
FLASH_IRQHandler                                  ..\build\application-master\startup_stm32f103xb.o
FLASH_PageErase                                   ..\build\application-master\stm32f1xx_hal_flash_ex.o
                                                  ..\build\application-master\stm32f1xx_hal_flash.o
FLASH_WaitForLastOperation                        ..\build\application-master\stm32f1xx_hal_flash.o
                                                  ..\build\application-master\stm32f1xx_hal_flash_ex.o
HAL_DBGMCU_DisableDBGSleepMode                    ..\build\application-master\stm32f1xx_hal.o
HAL_DBGMCU_DisableDBGStandbyMode                  ..\build\application-master\stm32f1xx_hal.o
HAL_DBGMCU_DisableDBGStopMode                     ..\build\application-master\stm32f1xx_hal.o
HAL_DBGMCU_EnableDBGSleepMode                     ..\build\application-master\stm32f1xx_hal.o
HAL_DBGMCU_EnableDBGStandbyMode                   ..\build\application-master\stm32f1xx_hal.o
HAL_DBGMCU_EnableDBGStopMode                      ..\build\application-master\stm32f1xx_hal.o
HAL_DMA_Abort                                     ..\build\application-master\stm32f1xx_hal_uart.o
HAL_DMA_Abort_IT                                  ..\build\application-master\stm32f1xx_hal_uart.o
HAL_DMA_GetError                                  ..\build\application-master\stm32f1xx_hal_uart.o
HAL_DMA_Start_IT                                  ..\build\application-master\stm32f1xx_hal_uart.o
HAL_DeInit                                        ..\build\application-master\stm32f1xx_hal.o
HAL_Delay                                         ..\build\application-master\stm32f1xx_hal.o
HAL_EXTI_ClearConfigLine                          ..\build\application-master\stm32f1xx_hal_exti.o
HAL_EXTI_ClearPending                             ..\build\application-master\stm32f1xx_hal_exti.o
HAL_EXTI_GenerateSWI                              ..\build\application-master\stm32f1xx_hal_exti.o
HAL_EXTI_GetConfigLine                            ..\build\application-master\stm32f1xx_hal_exti.o
HAL_EXTI_GetHandle                                ..\build\application-master\stm32f1xx_hal_exti.o
HAL_EXTI_GetPending                               ..\build\application-master\stm32f1xx_hal_exti.o
HAL_EXTI_IRQHandler                               ..\build\application-master\stm32f1xx_hal_exti.o
HAL_EXTI_RegisterCallback                         ..\build\application-master\stm32f1xx_hal_exti.o
HAL_EXTI_SetConfigLine                            ..\build\application-master\stm32f1xx_hal_exti.o
HAL_FLASHEx_Erase                                 ..\build\application-master\stm32f1xx_hal_flash_ex.o
                                                  ..\build\application-master\app.o
HAL_FLASHEx_Erase_IT                              ..\build\application-master\stm32f1xx_hal_flash_ex.o
HAL_FLASHEx_OBErase                               ..\build\application-master\stm32f1xx_hal_flash_ex.o
HAL_FLASHEx_OBGetConfig                           ..\build\application-master\stm32f1xx_hal_flash_ex.o
HAL_FLASHEx_OBGetUserData                         ..\build\application-master\stm32f1xx_hal_flash_ex.o
HAL_FLASHEx_OBProgram                             ..\build\application-master\stm32f1xx_hal_flash_ex.o
HAL_FLASH_EndOfOperationCallback                  ..\build\application-master\stm32f1xx_hal_flash.o
HAL_FLASH_GetError                                ..\build\application-master\stm32f1xx_hal_flash.o
HAL_FLASH_IRQHandler                              ..\build\application-master\stm32f1xx_hal_flash.o
HAL_FLASH_Lock                                    ..\build\application-master\stm32f1xx_hal_flash.o
                                                  ..\build\application-master\app.o
HAL_FLASH_OB_Launch                               ..\build\application-master\stm32f1xx_hal_flash.o
HAL_FLASH_OB_Lock                                 ..\build\application-master\stm32f1xx_hal_flash.o
HAL_FLASH_OB_Unlock                               ..\build\application-master\stm32f1xx_hal_flash.o
HAL_FLASH_OperationErrorCallback                  ..\build\application-master\stm32f1xx_hal_flash.o
HAL_FLASH_Program                                 ..\build\application-master\stm32f1xx_hal_flash.o
                                                  ..\build\application-master\app.o
HAL_FLASH_Program_IT                              ..\build\application-master\stm32f1xx_hal_flash.o
HAL_FLASH_Unlock                                  ..\build\application-master\stm32f1xx_hal_flash.o
                                                  ..\build\application-master\app.o
HAL_GPIO_DeInit                                   ..\build\application-master\stm32f1xx_hal_gpio.o
                                                  ..\build\application-master\stm32f1xx_hal_msp.o
HAL_GPIO_EXTI_Callback                            ..\build\application-master\stm32f1xx_hal_gpio.o
HAL_GPIO_EXTI_IRQHandler                          ..\build\application-master\stm32f1xx_hal_gpio.o
HAL_GPIO_Init                                     ..\build\application-master\stm32f1xx_hal_gpio.o
                                                  ..\build\application-master\stm32f1xx_hal_rcc.o
                                                  ..\build\application-master\stm32f1xx_hal_msp.o
                                                  ..\build\application-master\main.o
HAL_GPIO_LockPin                                  ..\build\application-master\stm32f1xx_hal_gpio.o
HAL_GPIO_ReadPin                                  ..\build\application-master\stm32f1xx_hal_gpio.o
                                                  ..\build\application-master\app.o
HAL_GPIO_TogglePin                                ..\build\application-master\stm32f1xx_hal_gpio.o
HAL_GPIO_WritePin                                 ..\build\application-master\stm32f1xx_hal_gpio.o
                                                  ..\build\application-master\app_framework_led.o
                                                  ..\build\application-master\app.o
                                                  ..\build\application-master\main.o
HAL_GetDEVID                                      ..\build\application-master\stm32f1xx_hal.o
HAL_GetHalVersion                                 ..\build\application-master\stm32f1xx_hal.o
HAL_GetREVID                                      ..\build\application-master\stm32f1xx_hal.o
HAL_GetTick                                       ..\build\application-master\stm32f1xx_hal.o
                                                  ..\build\application-master\stm32f1xx_hal_uart.o
                                                  ..\build\application-master\stm32f1xx_hal_flash.o
                                                  ..\build\application-master\stm32f1xx_hal_rcc_ex.o
                                                  ..\build\application-master\stm32f1xx_hal_rcc.o
                                                  ..\build\application-master\app.o
HAL_GetTickFreq                                   ..\build\application-master\stm32f1xx_hal.o
HAL_GetTickPrio                                   ..\build\application-master\stm32f1xx_hal.o
HAL_GetUIDw0                                      ..\build\application-master\stm32f1xx_hal.o
HAL_GetUIDw1                                      ..\build\application-master\stm32f1xx_hal.o
HAL_GetUIDw2                                      ..\build\application-master\stm32f1xx_hal.o
HAL_HalfDuplex_EnableReceiver                     ..\build\application-master\stm32f1xx_hal_uart.o
HAL_HalfDuplex_EnableTransmitter                  ..\build\application-master\stm32f1xx_hal_uart.o
HAL_HalfDuplex_Init                               ..\build\application-master\stm32f1xx_hal_uart.o
HAL_IncTick                                       ..\build\application-master\stm32f1xx_hal.o
                                                  ..\build\application-master\stm32f1xx_it.o
HAL_Init                                          ..\build\application-master\stm32f1xx_hal.o
                                                  ..\build\application-master\main.o
HAL_InitTick                                      ..\build\application-master\stm32f1xx_hal.o
                                                  ..\build\application-master\stm32f1xx_hal_rcc.o
HAL_LIN_Init                                      ..\build\application-master\stm32f1xx_hal_uart.o
HAL_LIN_SendBreak                                 ..\build\application-master\stm32f1xx_hal_uart.o
HAL_MspDeInit                                     ..\build\application-master\stm32f1xx_hal.o
HAL_MspInit                                       ..\build\application-master\stm32f1xx_hal_msp.o
HAL_MultiProcessor_EnterMuteMode                  ..\build\application-master\stm32f1xx_hal_uart.o
HAL_MultiProcessor_ExitMuteMode                   ..\build\application-master\stm32f1xx_hal_uart.o
HAL_MultiProcessor_Init                           ..\build\application-master\stm32f1xx_hal_uart.o
HAL_NVIC_ClearPendingIRQ                          ..\build\application-master\stm32f1xx_hal_cortex.o
HAL_NVIC_DisableIRQ                               ..\build\application-master\stm32f1xx_hal_cortex.o
HAL_NVIC_EnableIRQ                                ..\build\application-master\stm32f1xx_hal_cortex.o
HAL_NVIC_GetActive                                ..\build\application-master\stm32f1xx_hal_cortex.o
HAL_NVIC_GetPendingIRQ                            ..\build\application-master\stm32f1xx_hal_cortex.o
HAL_NVIC_GetPriority                              ..\build\application-master\stm32f1xx_hal_cortex.o
HAL_NVIC_GetPriorityGrouping                      ..\build\application-master\stm32f1xx_hal_cortex.o
HAL_NVIC_SetPendingIRQ                            ..\build\application-master\stm32f1xx_hal_cortex.o
HAL_NVIC_SetPriority                              ..\build\application-master\stm32f1xx_hal_cortex.o
                                                  ..\build\application-master\stm32f1xx_hal.o
HAL_NVIC_SetPriorityGrouping                      ..\build\application-master\stm32f1xx_hal_cortex.o
                                                  ..\build\application-master\stm32f1xx_hal.o
HAL_NVIC_SystemReset                              ..\build\application-master\stm32f1xx_hal_cortex.o
                                                  ..\build\application-master\stm32f1xx_hal_flash.o
HAL_PWR_ConfigPVD                                 ..\build\application-master\stm32f1xx_hal_pwr.o
HAL_PWR_DeInit                                    ..\build\application-master\stm32f1xx_hal_pwr.o
HAL_PWR_DisableBkUpAccess                         ..\build\application-master\stm32f1xx_hal_pwr.o
HAL_PWR_DisablePVD                                ..\build\application-master\stm32f1xx_hal_pwr.o
HAL_PWR_DisableSEVOnPend                          ..\build\application-master\stm32f1xx_hal_pwr.o
HAL_PWR_DisableSleepOnExit                        ..\build\application-master\stm32f1xx_hal_pwr.o
HAL_PWR_DisableWakeUpPin                          ..\build\application-master\stm32f1xx_hal_pwr.o
HAL_PWR_EnableBkUpAccess                          ..\build\application-master\stm32f1xx_hal_pwr.o
HAL_PWR_EnablePVD                                 ..\build\application-master\stm32f1xx_hal_pwr.o
HAL_PWR_EnableSEVOnPend                           ..\build\application-master\stm32f1xx_hal_pwr.o
HAL_PWR_EnableSleepOnExit                         ..\build\application-master\stm32f1xx_hal_pwr.o
HAL_PWR_EnableWakeUpPin                           ..\build\application-master\stm32f1xx_hal_pwr.o
HAL_PWR_EnterSLEEPMode                            ..\build\application-master\stm32f1xx_hal_pwr.o
HAL_PWR_EnterSTANDBYMode                          ..\build\application-master\stm32f1xx_hal_pwr.o
HAL_PWR_EnterSTOPMode                             ..\build\application-master\stm32f1xx_hal_pwr.o
HAL_PWR_PVDCallback                               ..\build\application-master\stm32f1xx_hal_pwr.o
HAL_PWR_PVD_IRQHandler                            ..\build\application-master\stm32f1xx_hal_pwr.o
HAL_RCCEx_GetPeriphCLKConfig                      ..\build\application-master\stm32f1xx_hal_rcc_ex.o
HAL_RCCEx_GetPeriphCLKFreq                        ..\build\application-master\stm32f1xx_hal_rcc_ex.o
HAL_RCCEx_PeriphCLKConfig                         ..\build\application-master\stm32f1xx_hal_rcc_ex.o
                                                  ..\build\application-master\app_framework_clock.o
HAL_RCC_CSSCallback                               ..\build\application-master\stm32f1xx_hal_rcc.o
HAL_RCC_ClockConfig                               ..\build\application-master\stm32f1xx_hal_rcc.o
                                                  ..\build\application-master\app_framework_clock.o
HAL_RCC_DeInit                                    ..\build\application-master\stm32f1xx_hal_rcc.o
HAL_RCC_DisableCSS                                ..\build\application-master\stm32f1xx_hal_rcc.o
HAL_RCC_EnableCSS                                 ..\build\application-master\stm32f1xx_hal_rcc.o
HAL_RCC_GetClockConfig                            ..\build\application-master\stm32f1xx_hal_rcc.o
HAL_RCC_GetHCLKFreq                               ..\build\application-master\stm32f1xx_hal_rcc.o
HAL_RCC_GetOscConfig                              ..\build\application-master\stm32f1xx_hal_rcc.o
HAL_RCC_GetPCLK1Freq                              ..\build\application-master\stm32f1xx_hal_rcc.o
                                                  ..\build\application-master\stm32f1xx_hal_uart.o
HAL_RCC_GetPCLK2Freq                              ..\build\application-master\stm32f1xx_hal_rcc.o
                                                  ..\build\application-master\stm32f1xx_hal_uart.o
                                                  ..\build\application-master\stm32f1xx_hal_rcc_ex.o
HAL_RCC_GetSysClockFreq                           ..\build\application-master\stm32f1xx_hal_rcc.o
HAL_RCC_MCOConfig                                 ..\build\application-master\stm32f1xx_hal_rcc.o
HAL_RCC_NMI_IRQHandler                            ..\build\application-master\stm32f1xx_hal_rcc.o
HAL_RCC_OscConfig                                 ..\build\application-master\stm32f1xx_hal_rcc.o
                                                  ..\build\application-master\app_framework_clock.o
HAL_ResumeTick                                    ..\build\application-master\stm32f1xx_hal.o
HAL_SYSTICK_CLKSourceConfig                       ..\build\application-master\stm32f1xx_hal_cortex.o
HAL_SYSTICK_Callback                              ..\build\application-master\stm32f1xx_hal_cortex.o
HAL_SYSTICK_Config                                ..\build\application-master\stm32f1xx_hal_cortex.o
                                                  ..\build\application-master\stm32f1xx_hal.o
HAL_SYSTICK_IRQHandler                            ..\build\application-master\stm32f1xx_hal_cortex.o
HAL_SetTickFreq                                   ..\build\application-master\stm32f1xx_hal.o
HAL_SuspendTick                                   ..\build\application-master\stm32f1xx_hal.o
HAL_UARTEx_ReceiveToIdle                          ..\build\application-master\stm32f1xx_hal_uart.o
HAL_UARTEx_ReceiveToIdle_DMA                      ..\build\application-master\stm32f1xx_hal_uart.o
HAL_UARTEx_ReceiveToIdle_IT                       ..\build\application-master\stm32f1xx_hal_uart.o
HAL_UARTEx_RxEventCallback                        ..\build\application-master\stm32f1xx_hal_uart.o
HAL_UART_Abort                                    ..\build\application-master\stm32f1xx_hal_uart.o
HAL_UART_AbortCpltCallback                        ..\build\application-master\stm32f1xx_hal_uart.o
HAL_UART_AbortReceive                             ..\build\application-master\stm32f1xx_hal_uart.o
HAL_UART_AbortReceiveCpltCallback                 ..\build\application-master\stm32f1xx_hal_uart.o
HAL_UART_AbortReceive_IT                          ..\build\application-master\stm32f1xx_hal_uart.o
HAL_UART_AbortTransmit                            ..\build\application-master\stm32f1xx_hal_uart.o
HAL_UART_AbortTransmitCpltCallback                ..\build\application-master\stm32f1xx_hal_uart.o
HAL_UART_AbortTransmit_IT                         ..\build\application-master\stm32f1xx_hal_uart.o
HAL_UART_Abort_IT                                 ..\build\application-master\stm32f1xx_hal_uart.o
HAL_UART_DMAPause                                 ..\build\application-master\stm32f1xx_hal_uart.o
HAL_UART_DMAResume                                ..\build\application-master\stm32f1xx_hal_uart.o
HAL_UART_DMAStop                                  ..\build\application-master\stm32f1xx_hal_uart.o
HAL_UART_DeInit                                   ..\build\application-master\stm32f1xx_hal_uart.o
                                                  ..\build\application-master\app.o
HAL_UART_ErrorCallback                            ..\build\application-master\stm32f1xx_hal_uart.o
HAL_UART_GetError                                 ..\build\application-master\stm32f1xx_hal_uart.o
HAL_UART_GetState                                 ..\build\application-master\stm32f1xx_hal_uart.o
HAL_UART_IRQHandler                               ..\build\application-master\stm32f1xx_hal_uart.o
HAL_UART_Init                                     ..\build\application-master\stm32f1xx_hal_uart.o
                                                  ..\build\application-master\app.o
                                                  ..\build\application-master\main.o
HAL_UART_MspDeInit                                ..\build\application-master\stm32f1xx_hal_msp.o
HAL_UART_MspInit                                  ..\build\application-master\stm32f1xx_hal_msp.o
HAL_UART_Receive                                  ..\build\application-master\stm32f1xx_hal_uart.o
HAL_UART_Receive_DMA                              ..\build\application-master\stm32f1xx_hal_uart.o
HAL_UART_Receive_IT                               ..\build\application-master\stm32f1xx_hal_uart.o
HAL_UART_RxCpltCallback                           ..\build\application-master\stm32f1xx_hal_uart.o
HAL_UART_RxHalfCpltCallback                       ..\build\application-master\stm32f1xx_hal_uart.o
HAL_UART_Transmit                                 ..\build\application-master\stm32f1xx_hal_uart.o
                                                  ..\build\application-master\app.o
HAL_UART_Transmit_DMA                             ..\build\application-master\stm32f1xx_hal_uart.o
HAL_UART_Transmit_IT                              ..\build\application-master\stm32f1xx_hal_uart.o
HAL_UART_TxCpltCallback                           ..\build\application-master\stm32f1xx_hal_uart.o
HAL_UART_TxHalfCpltCallback                       ..\build\application-master\stm32f1xx_hal_uart.o
HardFault_Handler                                 ..\build\application-master\stm32f1xx_it.o
I2C1_ER_IRQHandler                                ..\build\application-master\startup_stm32f103xb.o
I2C1_EV_IRQHandler                                ..\build\application-master\startup_stm32f103xb.o
I2C2_ER_IRQHandler                                ..\build\application-master\startup_stm32f103xb.o
I2C2_EV_IRQHandler                                ..\build\application-master\startup_stm32f103xb.o
MemManage_Handler                                 ..\build\application-master\stm32f1xx_it.o
NMI_Handler                                       ..\build\application-master\stm32f1xx_it.o
PVD_IRQHandler                                    ..\build\application-master\startup_stm32f103xb.o
PendSV_Handler                                    ..\build\application-master\stm32f1xx_it.o
RCC_IRQHandler                                    ..\build\application-master\startup_stm32f103xb.o
RTC_Alarm_IRQHandler                              ..\build\application-master\startup_stm32f103xb.o
RTC_IRQHandler                                    ..\build\application-master\startup_stm32f103xb.o
Reset_Handler                                     ..\build\application-master\startup_stm32f103xb.o
SPI1_IRQHandler                                   ..\build\application-master\startup_stm32f103xb.o
SPI2_IRQHandler                                   ..\build\application-master\startup_stm32f103xb.o
SVC_Handler                                       ..\build\application-master\stm32f1xx_it.o
SysTick_Handler                                   ..\build\application-master\stm32f1xx_it.o
SystemClock_Config                                ..\build\application-master\main.o
SystemCoreClock                                   ..\build\application-master\system_stm32f1xx.o
                                                  ..\build\application-master\stm32f1xx_hal_rcc.o
                                                  ..\build\application-master\stm32f1xx_hal.o
SystemCoreClockUpdate                             ..\build\application-master\system_stm32f1xx.o
SystemInit                                        ..\build\application-master\system_stm32f1xx.o
                                                  ..\build\application-master\startup_stm32f103xb.o
TAMPER_IRQHandler                                 ..\build\application-master\startup_stm32f103xb.o
TIM1_BRK_IRQHandler                               ..\build\application-master\startup_stm32f103xb.o
TIM1_CC_IRQHandler                                ..\build\application-master\startup_stm32f103xb.o
TIM1_TRG_COM_IRQHandler                           ..\build\application-master\startup_stm32f103xb.o
TIM1_UP_IRQHandler                                ..\build\application-master\startup_stm32f103xb.o
TIM2_IRQHandler                                   ..\build\application-master\startup_stm32f103xb.o
TIM3_IRQHandler                                   ..\build\application-master\startup_stm32f103xb.o
TIM4_IRQHandler                                   ..\build\application-master\startup_stm32f103xb.o
UART_Start_Receive_DMA                            ..\build\application-master\stm32f1xx_hal_uart.o
UART_Start_Receive_IT                             ..\build\application-master\stm32f1xx_hal_uart.o
USART1_IRQHandler                                 ..\build\application-master\startup_stm32f103xb.o
USART2_IRQHandler                                 ..\build\application-master\startup_stm32f103xb.o
USART3_IRQHandler                                 ..\build\application-master\startup_stm32f103xb.o
USBWakeUp_IRQHandler                              ..\build\application-master\startup_stm32f103xb.o
USB_HP_CAN1_TX_IRQHandler                         ..\build\application-master\startup_stm32f103xb.o
USB_LP_CAN1_RX0_IRQHandler                        ..\build\application-master\startup_stm32f103xb.o
UsageFault_Handler                                ..\build\application-master\stm32f1xx_it.o
WWDG_IRQHandler                                   ..\build\application-master\startup_stm32f103xb.o
_ITM_deregisterTMCloneTable                       C:/Program Files (x86)/Arm GNU Toolchain arm-none-eabi/14.2 rel1/bin/../lib/gcc/arm-none-eabi/14.2.1/thumb/v7-m/nofp/crtbegin.o
_ITM_registerTMCloneTable                         C:/Program Files (x86)/Arm GNU Toolchain arm-none-eabi/14.2 rel1/bin/../lib/gcc/arm-none-eabi/14.2.1/thumb/v7-m/nofp/crtbegin.o
__TMC_END__                                       C:/Program Files (x86)/Arm GNU Toolchain arm-none-eabi/14.2 rel1/bin/../lib/gcc/arm-none-eabi/14.2.1/thumb/v7-m/nofp/crtend.o
                                                  C:/Program Files (x86)/Arm GNU Toolchain arm-none-eabi/14.2 rel1/bin/../lib/gcc/arm-none-eabi/14.2.1/thumb/v7-m/nofp/crtbegin.o
__atexit                                          C:/Program Files (x86)/Arm GNU Toolchain arm-none-eabi/14.2 rel1/bin/../lib/gcc/arm-none-eabi/14.2.1/thumb/v7-m/nofp\libc.a(libc_a-__call_atexit.o)
                                                  C:/Program Files (x86)/Arm GNU Toolchain arm-none-eabi/14.2 rel1/bin/../lib/gcc/arm-none-eabi/14.2.1/thumb/v7-m/nofp\libc.a(libc_a-__atexit.o)
__atexit0                                         C:/Program Files (x86)/Arm GNU Toolchain arm-none-eabi/14.2 rel1/bin/../lib/gcc/arm-none-eabi/14.2.1/thumb/v7-m/nofp\libc.a(libc_a-__atexit.o)
__atexit_recursive_mutex                          C:/Program Files (x86)/Arm GNU Toolchain arm-none-eabi/14.2 rel1/bin/../lib/gcc/arm-none-eabi/14.2.1/thumb/v7-m/nofp\libc.a(libc_a-__call_atexit.o)
                                                  C:/Program Files (x86)/Arm GNU Toolchain arm-none-eabi/14.2 rel1/bin/../lib/gcc/arm-none-eabi/14.2.1/thumb/v7-m/nofp\libc.a(libc_a-__atexit.o)
__bss_end__                                       C:/Program Files (x86)/Arm GNU Toolchain arm-none-eabi/14.2 rel1/bin/../lib/gcc/arm-none-eabi/14.2.1/thumb/v7-m/nofp/crt0.o
__bss_start__                                     C:/Program Files (x86)/Arm GNU Toolchain arm-none-eabi/14.2 rel1/bin/../lib/gcc/arm-none-eabi/14.2.1/thumb/v7-m/nofp/crt0.o
__call_exitprocs                                  C:/Program Files (x86)/Arm GNU Toolchain arm-none-eabi/14.2 rel1/bin/../lib/gcc/arm-none-eabi/14.2.1/thumb/v7-m/nofp\libc.a(libc_a-__call_atexit.o)
                                                  C:/Program Files (x86)/Arm GNU Toolchain arm-none-eabi/14.2 rel1/bin/../lib/gcc/arm-none-eabi/14.2.1/thumb/v7-m/nofp\libc.a(libc_a-exit.o)
__deregister_frame_info                           C:/Program Files (x86)/Arm GNU Toolchain arm-none-eabi/14.2 rel1/bin/../lib/gcc/arm-none-eabi/14.2.1/thumb/v7-m/nofp/crtbegin.o
__dso_handle                                      C:/Program Files (x86)/Arm GNU Toolchain arm-none-eabi/14.2 rel1/bin/../lib/gcc/arm-none-eabi/14.2.1/thumb/v7-m/nofp/crtbegin.o
__errno                                           C:/Program Files (x86)/Arm GNU Toolchain arm-none-eabi/14.2 rel1/bin/../lib/gcc/arm-none-eabi/14.2.1/thumb/v7-m/nofp\libc.a(libc_a-errno.o)
                                                  C:/Program Files (x86)/Arm GNU Toolchain arm-none-eabi/14.2 rel1/bin/../lib/gcc/arm-none-eabi/14.2.1/thumb/v7-m/nofp\libc.a(libc_a-sysconf.o)
__fini_array_end                                  C:/Program Files (x86)/Arm GNU Toolchain arm-none-eabi/14.2 rel1/bin/../lib/gcc/arm-none-eabi/14.2.1/thumb/v7-m/nofp\libc.a(libc_a-fini.o)
__fini_array_start                                C:/Program Files (x86)/Arm GNU Toolchain arm-none-eabi/14.2 rel1/bin/../lib/gcc/arm-none-eabi/14.2.1/thumb/v7-m/nofp\libc.a(libc_a-fini.o)
__fp_lock_all                                     C:/Program Files (x86)/Arm GNU Toolchain arm-none-eabi/14.2 rel1/bin/../lib/gcc/arm-none-eabi/14.2.1/thumb/v7-m/nofp\libc.a(libc_a-findfp.o)
__fp_unlock_all                                   C:/Program Files (x86)/Arm GNU Toolchain arm-none-eabi/14.2 rel1/bin/../lib/gcc/arm-none-eabi/14.2.1/thumb/v7-m/nofp\libc.a(libc_a-findfp.o)
__init_array_end                                  C:/Program Files (x86)/Arm GNU Toolchain arm-none-eabi/14.2 rel1/bin/../lib/gcc/arm-none-eabi/14.2.1/thumb/v7-m/nofp\libc.a(libc_a-init.o)
__init_array_start                                C:/Program Files (x86)/Arm GNU Toolchain arm-none-eabi/14.2 rel1/bin/../lib/gcc/arm-none-eabi/14.2.1/thumb/v7-m/nofp\libc.a(libc_a-init.o)
__libc_fini                                       C:/Program Files (x86)/Arm GNU Toolchain arm-none-eabi/14.2 rel1/bin/../lib/gcc/arm-none-eabi/14.2.1/thumb/v7-m/nofp\libc.a(libc_a-__call_atexit.o)
__libc_fini_array                                 C:/Program Files (x86)/Arm GNU Toolchain arm-none-eabi/14.2 rel1/bin/../lib/gcc/arm-none-eabi/14.2.1/thumb/v7-m/nofp\libc.a(libc_a-fini.o)
                                                  C:/Program Files (x86)/Arm GNU Toolchain arm-none-eabi/14.2 rel1/bin/../lib/gcc/arm-none-eabi/14.2.1/thumb/v7-m/nofp\libc.a(libc_a-__call_atexit.o)
                                                  C:/Program Files (x86)/Arm GNU Toolchain arm-none-eabi/14.2 rel1/bin/../lib/gcc/arm-none-eabi/14.2.1/thumb/v7-m/nofp/crt0.o
__libc_init_array                                 C:/Program Files (x86)/Arm GNU Toolchain arm-none-eabi/14.2 rel1/bin/../lib/gcc/arm-none-eabi/14.2.1/thumb/v7-m/nofp\libc.a(libc_a-init.o)
                                                  ..\build\application-master\startup_stm32f103xb.o
                                                  C:/Program Files (x86)/Arm GNU Toolchain arm-none-eabi/14.2 rel1/bin/../lib/gcc/arm-none-eabi/14.2.1/thumb/v7-m/nofp/crt0.o
__lock___arc4random_mutex                         C:/Program Files (x86)/Arm GNU Toolchain arm-none-eabi/14.2 rel1/bin/../lib/gcc/arm-none-eabi/14.2.1/thumb/v7-m/nofp\libc.a(libc_a-lock.o)
__lock___at_quick_exit_mutex                      C:/Program Files (x86)/Arm GNU Toolchain arm-none-eabi/14.2 rel1/bin/../lib/gcc/arm-none-eabi/14.2.1/thumb/v7-m/nofp\libc.a(libc_a-lock.o)
__lock___atexit_recursive_mutex                   C:/Program Files (x86)/Arm GNU Toolchain arm-none-eabi/14.2 rel1/bin/../lib/gcc/arm-none-eabi/14.2.1/thumb/v7-m/nofp\libc.a(libc_a-lock.o)
                                                  C:/Program Files (x86)/Arm GNU Toolchain arm-none-eabi/14.2 rel1/bin/../lib/gcc/arm-none-eabi/14.2.1/thumb/v7-m/nofp\libc.a(libc_a-__call_atexit.o)
__lock___dd_hash_mutex                            C:/Program Files (x86)/Arm GNU Toolchain arm-none-eabi/14.2 rel1/bin/../lib/gcc/arm-none-eabi/14.2.1/thumb/v7-m/nofp\libc.a(libc_a-lock.o)
__lock___env_recursive_mutex                      C:/Program Files (x86)/Arm GNU Toolchain arm-none-eabi/14.2 rel1/bin/../lib/gcc/arm-none-eabi/14.2.1/thumb/v7-m/nofp\libc.a(libc_a-lock.o)
__lock___malloc_recursive_mutex                   C:/Program Files (x86)/Arm GNU Toolchain arm-none-eabi/14.2 rel1/bin/../lib/gcc/arm-none-eabi/14.2.1/thumb/v7-m/nofp\libc.a(libc_a-lock.o)
                                                  C:/Program Files (x86)/Arm GNU Toolchain arm-none-eabi/14.2 rel1/bin/../lib/gcc/arm-none-eabi/14.2.1/thumb/v7-m/nofp\libc.a(libc_a-mlock.o)
__lock___sfp_recursive_mutex                      C:/Program Files (x86)/Arm GNU Toolchain arm-none-eabi/14.2 rel1/bin/../lib/gcc/arm-none-eabi/14.2.1/thumb/v7-m/nofp\libc.a(libc_a-lock.o)
                                                  C:/Program Files (x86)/Arm GNU Toolchain arm-none-eabi/14.2 rel1/bin/../lib/gcc/arm-none-eabi/14.2.1/thumb/v7-m/nofp\libc.a(libc_a-findfp.o)
__lock___tz_mutex                                 C:/Program Files (x86)/Arm GNU Toolchain arm-none-eabi/14.2 rel1/bin/../lib/gcc/arm-none-eabi/14.2.1/thumb/v7-m/nofp\libc.a(libc_a-lock.o)
__malloc_av_                                      C:/Program Files (x86)/Arm GNU Toolchain arm-none-eabi/14.2 rel1/bin/../lib/gcc/arm-none-eabi/14.2.1/thumb/v7-m/nofp\libc.a(libc_a-mallocr.o)
                                                  C:/Program Files (x86)/Arm GNU Toolchain arm-none-eabi/14.2 rel1/bin/../lib/gcc/arm-none-eabi/14.2.1/thumb/v7-m/nofp\libc.a(libc_a-freer.o)
__malloc_current_mallinfo                         C:/Program Files (x86)/Arm GNU Toolchain arm-none-eabi/14.2 rel1/bin/../lib/gcc/arm-none-eabi/14.2.1/thumb/v7-m/nofp\libc.a(libc_a-mallocr.o)
                                                  C:/Program Files (x86)/Arm GNU Toolchain arm-none-eabi/14.2 rel1/bin/../lib/gcc/arm-none-eabi/14.2.1/thumb/v7-m/nofp\libc.a(libc_a-freer.o)
__malloc_lock                                     C:/Program Files (x86)/Arm GNU Toolchain arm-none-eabi/14.2 rel1/bin/../lib/gcc/arm-none-eabi/14.2.1/thumb/v7-m/nofp\libc.a(libc_a-mlock.o)
                                                  C:/Program Files (x86)/Arm GNU Toolchain arm-none-eabi/14.2 rel1/bin/../lib/gcc/arm-none-eabi/14.2.1/thumb/v7-m/nofp\libc.a(libc_a-mallocr.o)
                                                  C:/Program Files (x86)/Arm GNU Toolchain arm-none-eabi/14.2 rel1/bin/../lib/gcc/arm-none-eabi/14.2.1/thumb/v7-m/nofp\libc.a(libc_a-freer.o)
__malloc_max_sbrked_mem                           C:/Program Files (x86)/Arm GNU Toolchain arm-none-eabi/14.2 rel1/bin/../lib/gcc/arm-none-eabi/14.2.1/thumb/v7-m/nofp\libc.a(libc_a-mallocr.o)
__malloc_max_total_mem                            C:/Program Files (x86)/Arm GNU Toolchain arm-none-eabi/14.2 rel1/bin/../lib/gcc/arm-none-eabi/14.2.1/thumb/v7-m/nofp\libc.a(libc_a-mallocr.o)
__malloc_sbrk_base                                C:/Program Files (x86)/Arm GNU Toolchain arm-none-eabi/14.2 rel1/bin/../lib/gcc/arm-none-eabi/14.2.1/thumb/v7-m/nofp\libc.a(libc_a-mallocr.o)
                                                  C:/Program Files (x86)/Arm GNU Toolchain arm-none-eabi/14.2 rel1/bin/../lib/gcc/arm-none-eabi/14.2.1/thumb/v7-m/nofp\libc.a(libc_a-freer.o)
__malloc_top_pad                                  C:/Program Files (x86)/Arm GNU Toolchain arm-none-eabi/14.2 rel1/bin/../lib/gcc/arm-none-eabi/14.2.1/thumb/v7-m/nofp\libc.a(libc_a-mallocr.o)
                                                  C:/Program Files (x86)/Arm GNU Toolchain arm-none-eabi/14.2 rel1/bin/../lib/gcc/arm-none-eabi/14.2.1/thumb/v7-m/nofp\libc.a(libc_a-freer.o)
__malloc_trim_threshold                           C:/Program Files (x86)/Arm GNU Toolchain arm-none-eabi/14.2 rel1/bin/../lib/gcc/arm-none-eabi/14.2.1/thumb/v7-m/nofp\libc.a(libc_a-mallocr.o)
                                                  C:/Program Files (x86)/Arm GNU Toolchain arm-none-eabi/14.2 rel1/bin/../lib/gcc/arm-none-eabi/14.2.1/thumb/v7-m/nofp\libc.a(libc_a-freer.o)
__malloc_unlock                                   C:/Program Files (x86)/Arm GNU Toolchain arm-none-eabi/14.2 rel1/bin/../lib/gcc/arm-none-eabi/14.2.1/thumb/v7-m/nofp\libc.a(libc_a-mlock.o)
                                                  C:/Program Files (x86)/Arm GNU Toolchain arm-none-eabi/14.2 rel1/bin/../lib/gcc/arm-none-eabi/14.2.1/thumb/v7-m/nofp\libc.a(libc_a-mallocr.o)
                                                  C:/Program Files (x86)/Arm GNU Toolchain arm-none-eabi/14.2 rel1/bin/../lib/gcc/arm-none-eabi/14.2.1/thumb/v7-m/nofp\libc.a(libc_a-freer.o)
__preinit_array_end                               C:/Program Files (x86)/Arm GNU Toolchain arm-none-eabi/14.2 rel1/bin/../lib/gcc/arm-none-eabi/14.2.1/thumb/v7-m/nofp\libc.a(libc_a-init.o)
__preinit_array_start                             C:/Program Files (x86)/Arm GNU Toolchain arm-none-eabi/14.2 rel1/bin/../lib/gcc/arm-none-eabi/14.2.1/thumb/v7-m/nofp\libc.a(libc_a-init.o)
__register_exitproc                               C:/Program Files (x86)/Arm GNU Toolchain arm-none-eabi/14.2 rel1/bin/../lib/gcc/arm-none-eabi/14.2.1/thumb/v7-m/nofp\libc.a(libc_a-__atexit.o)
                                                  C:/Program Files (x86)/Arm GNU Toolchain arm-none-eabi/14.2 rel1/bin/../lib/gcc/arm-none-eabi/14.2.1/thumb/v7-m/nofp\libc.a(libc_a-atexit.o)
__register_frame_info                             C:/Program Files (x86)/Arm GNU Toolchain arm-none-eabi/14.2 rel1/bin/../lib/gcc/arm-none-eabi/14.2.1/thumb/v7-m/nofp/crtbegin.o
__retarget_lock_acquire                           C:/Program Files (x86)/Arm GNU Toolchain arm-none-eabi/14.2 rel1/bin/../lib/gcc/arm-none-eabi/14.2.1/thumb/v7-m/nofp\libc.a(libc_a-lock.o)
__retarget_lock_acquire_recursive                 C:/Program Files (x86)/Arm GNU Toolchain arm-none-eabi/14.2 rel1/bin/../lib/gcc/arm-none-eabi/14.2.1/thumb/v7-m/nofp\libc.a(libc_a-lock.o)
                                                  C:/Program Files (x86)/Arm GNU Toolchain arm-none-eabi/14.2 rel1/bin/../lib/gcc/arm-none-eabi/14.2.1/thumb/v7-m/nofp\libc.a(libc_a-__atexit.o)
                                                  C:/Program Files (x86)/Arm GNU Toolchain arm-none-eabi/14.2 rel1/bin/../lib/gcc/arm-none-eabi/14.2.1/thumb/v7-m/nofp\libc.a(libc_a-fflush.o)
                                                  C:/Program Files (x86)/Arm GNU Toolchain arm-none-eabi/14.2 rel1/bin/../lib/gcc/arm-none-eabi/14.2.1/thumb/v7-m/nofp\libc.a(libc_a-fclose.o)
                                                  C:/Program Files (x86)/Arm GNU Toolchain arm-none-eabi/14.2 rel1/bin/../lib/gcc/arm-none-eabi/14.2.1/thumb/v7-m/nofp\libc.a(libc_a-mlock.o)
                                                  C:/Program Files (x86)/Arm GNU Toolchain arm-none-eabi/14.2 rel1/bin/../lib/gcc/arm-none-eabi/14.2.1/thumb/v7-m/nofp\libc.a(libc_a-__call_atexit.o)
                                                  C:/Program Files (x86)/Arm GNU Toolchain arm-none-eabi/14.2 rel1/bin/../lib/gcc/arm-none-eabi/14.2.1/thumb/v7-m/nofp\libc.a(libc_a-findfp.o)
__retarget_lock_close                             C:/Program Files (x86)/Arm GNU Toolchain arm-none-eabi/14.2 rel1/bin/../lib/gcc/arm-none-eabi/14.2.1/thumb/v7-m/nofp\libc.a(libc_a-lock.o)
__retarget_lock_close_recursive                   C:/Program Files (x86)/Arm GNU Toolchain arm-none-eabi/14.2 rel1/bin/../lib/gcc/arm-none-eabi/14.2.1/thumb/v7-m/nofp\libc.a(libc_a-lock.o)
                                                  C:/Program Files (x86)/Arm GNU Toolchain arm-none-eabi/14.2 rel1/bin/../lib/gcc/arm-none-eabi/14.2.1/thumb/v7-m/nofp\libc.a(libc_a-fclose.o)
__retarget_lock_init                              C:/Program Files (x86)/Arm GNU Toolchain arm-none-eabi/14.2 rel1/bin/../lib/gcc/arm-none-eabi/14.2.1/thumb/v7-m/nofp\libc.a(libc_a-lock.o)
__retarget_lock_init_recursive                    C:/Program Files (x86)/Arm GNU Toolchain arm-none-eabi/14.2 rel1/bin/../lib/gcc/arm-none-eabi/14.2.1/thumb/v7-m/nofp\libc.a(libc_a-lock.o)
                                                  C:/Program Files (x86)/Arm GNU Toolchain arm-none-eabi/14.2 rel1/bin/../lib/gcc/arm-none-eabi/14.2.1/thumb/v7-m/nofp\libc.a(libc_a-findfp.o)
__retarget_lock_release                           C:/Program Files (x86)/Arm GNU Toolchain arm-none-eabi/14.2 rel1/bin/../lib/gcc/arm-none-eabi/14.2.1/thumb/v7-m/nofp\libc.a(libc_a-lock.o)
__retarget_lock_release_recursive                 C:/Program Files (x86)/Arm GNU Toolchain arm-none-eabi/14.2 rel1/bin/../lib/gcc/arm-none-eabi/14.2.1/thumb/v7-m/nofp\libc.a(libc_a-lock.o)
                                                  C:/Program Files (x86)/Arm GNU Toolchain arm-none-eabi/14.2 rel1/bin/../lib/gcc/arm-none-eabi/14.2.1/thumb/v7-m/nofp\libc.a(libc_a-__atexit.o)
                                                  C:/Program Files (x86)/Arm GNU Toolchain arm-none-eabi/14.2 rel1/bin/../lib/gcc/arm-none-eabi/14.2.1/thumb/v7-m/nofp\libc.a(libc_a-fflush.o)
                                                  C:/Program Files (x86)/Arm GNU Toolchain arm-none-eabi/14.2 rel1/bin/../lib/gcc/arm-none-eabi/14.2.1/thumb/v7-m/nofp\libc.a(libc_a-fclose.o)
                                                  C:/Program Files (x86)/Arm GNU Toolchain arm-none-eabi/14.2 rel1/bin/../lib/gcc/arm-none-eabi/14.2.1/thumb/v7-m/nofp\libc.a(libc_a-mlock.o)
                                                  C:/Program Files (x86)/Arm GNU Toolchain arm-none-eabi/14.2 rel1/bin/../lib/gcc/arm-none-eabi/14.2.1/thumb/v7-m/nofp\libc.a(libc_a-__call_atexit.o)